Archive member included to satisfy reference by file (symbol)

c:/siliconlabs/simplicitystudio/v5/developer/toolchains/gnu_arm/10.3_2021.10/bin/../lib/gcc/arm-none-eabi/10.3.1/thumb/v8-m.main+fp/hard\libgcc.a(_aeabi_ldivmod.o)
                              ./gecko_sdk_4.2.3/platform/emlib/src/em_eusart.o (__aeabi_ldivmod)
c:/siliconlabs/simplicitystudio/v5/developer/toolchains/gnu_arm/10.3_2021.10/bin/../lib/gcc/arm-none-eabi/10.3.1/thumb/v8-m.main+fp/hard\libgcc.a(_aeabi_uldivmod.o)
                              ./gecko_sdk_4.2.3/platform/emlib/src/em_eusart.o (__aeabi_uldivmod)
c:/siliconlabs/simplicitystudio/v5/developer/toolchains/gnu_arm/10.3_2021.10/bin/../lib/gcc/arm-none-eabi/10.3.1/thumb/v8-m.main+fp/hard\libgcc.a(_udivmoddi4.o)
                              c:/siliconlabs/simplicitystudio/v5/developer/toolchains/gnu_arm/10.3_2021.10/bin/../lib/gcc/arm-none-eabi/10.3.1/thumb/v8-m.main+fp/hard\libgcc.a(_aeabi_ldivmod.o) (__udivmoddi4)
c:/siliconlabs/simplicitystudio/v5/developer/toolchains/gnu_arm/10.3_2021.10/bin/../lib/gcc/arm-none-eabi/10.3.1/thumb/v8-m.main+fp/hard\libgcc.a(_dvmd_tls.o)
                              c:/siliconlabs/simplicitystudio/v5/developer/toolchains/gnu_arm/10.3_2021.10/bin/../lib/gcc/arm-none-eabi/10.3.1/thumb/v8-m.main+fp/hard\libgcc.a(_aeabi_ldivmod.o) (__aeabi_ldiv0)
c:/siliconlabs/simplicitystudio/v5/developer/toolchains/gnu_arm/10.3_2021.10/bin/../lib/gcc/arm-none-eabi/10.3.1/../../../../arm-none-eabi/lib/thumb/v8-m.main+fp/hard\libc_nano.a(lib_a-ctype_.o)
                              ./gecko_sdk_4.2.3/platform/common/src/sl_string.o (_ctype_)
c:/siliconlabs/simplicitystudio/v5/developer/toolchains/gnu_arm/10.3_2021.10/bin/../lib/gcc/arm-none-eabi/10.3.1/../../../../arm-none-eabi/lib/thumb/v8-m.main+fp/hard\libc_nano.a(lib_a-exit.o)
                              c:/siliconlabs/simplicitystudio/v5/developer/toolchains/gnu_arm/10.3_2021.10/bin/../lib/gcc/arm-none-eabi/10.3.1/../../../../arm-none-eabi/lib/thumb/v8-m.main+fp/hard/crt0.o (exit)
c:/siliconlabs/simplicitystudio/v5/developer/toolchains/gnu_arm/10.3_2021.10/bin/../lib/gcc/arm-none-eabi/10.3.1/../../../../arm-none-eabi/lib/thumb/v8-m.main+fp/hard\libc_nano.a(lib_a-impure.o)
                              c:/siliconlabs/simplicitystudio/v5/developer/toolchains/gnu_arm/10.3_2021.10/bin/../lib/gcc/arm-none-eabi/10.3.1/../../../../arm-none-eabi/lib/thumb/v8-m.main+fp/hard\libc_nano.a(lib_a-exit.o) (_global_impure_ptr)
c:/siliconlabs/simplicitystudio/v5/developer/toolchains/gnu_arm/10.3_2021.10/bin/../lib/gcc/arm-none-eabi/10.3.1/../../../../arm-none-eabi/lib/thumb/v8-m.main+fp/hard\libc_nano.a(lib_a-init.o)
                              c:/siliconlabs/simplicitystudio/v5/developer/toolchains/gnu_arm/10.3_2021.10/bin/../lib/gcc/arm-none-eabi/10.3.1/../../../../arm-none-eabi/lib/thumb/v8-m.main+fp/hard/crt0.o (__libc_init_array)
c:/siliconlabs/simplicitystudio/v5/developer/toolchains/gnu_arm/10.3_2021.10/bin/../lib/gcc/arm-none-eabi/10.3.1/../../../../arm-none-eabi/lib/thumb/v8-m.main+fp/hard\libc_nano.a(lib_a-memcpy-stub.o)
                              ./gecko_sdk_4.2.3/platform/service/iostream/src/sl_iostream_uart.o (memcpy)
c:/siliconlabs/simplicitystudio/v5/developer/toolchains/gnu_arm/10.3_2021.10/bin/../lib/gcc/arm-none-eabi/10.3.1/../../../../arm-none-eabi/lib/thumb/v8-m.main+fp/hard\libc_nano.a(lib_a-memset.o)
                              c:/siliconlabs/simplicitystudio/v5/developer/toolchains/gnu_arm/10.3_2021.10/bin/../lib/gcc/arm-none-eabi/10.3.1/../../../../arm-none-eabi/lib/thumb/v8-m.main+fp/hard/crt0.o (memset)
c:/siliconlabs/simplicitystudio/v5/developer/toolchains/gnu_arm/10.3_2021.10/bin/../lib/gcc/arm-none-eabi/10.3.1/../../../../arm-none-eabi/lib/thumb/v8-m.main+fp/hard\libc_nano.a(lib_a-printf.o)
                              ./spidrv_slave_baremetal.o (printf)
c:/siliconlabs/simplicitystudio/v5/developer/toolchains/gnu_arm/10.3_2021.10/bin/../lib/gcc/arm-none-eabi/10.3.1/../../../../arm-none-eabi/lib/thumb/v8-m.main+fp/hard\libc_nano.a(lib_a-puts.o)
                              ./spidrv_slave_baremetal.o (puts)
c:/siliconlabs/simplicitystudio/v5/developer/toolchains/gnu_arm/10.3_2021.10/bin/../lib/gcc/arm-none-eabi/10.3.1/../../../../arm-none-eabi/lib/thumb/v8-m.main+fp/hard\libc_nano.a(lib_a-setvbuf.o)
                              ./gecko_sdk_4.2.3/platform/service/iostream/src/sl_iostream_stdlib_config.o (setvbuf)
c:/siliconlabs/simplicitystudio/v5/developer/toolchains/gnu_arm/10.3_2021.10/bin/../lib/gcc/arm-none-eabi/10.3.1/../../../../arm-none-eabi/lib/thumb/v8-m.main+fp/hard\libc_nano.a(lib_a-strcmp.o)
                              ./autogen/sl_iostream_handles.o (strcmp)
c:/siliconlabs/simplicitystudio/v5/developer/toolchains/gnu_arm/10.3_2021.10/bin/../lib/gcc/arm-none-eabi/10.3.1/../../../../arm-none-eabi/lib/thumb/v8-m.main+fp/hard\libc_nano.a(lib_a-vprintf.o)
                              ./gecko_sdk_4.2.3/platform/service/iostream/src/sl_iostream.o (vprintf)
[...]
Memory Configuration

Name             Origin             Length             Attributes
FLASH            0x00000000         0x0007e000         xr
RAM              0x20000000         0x00008000         xrw
*default*        0x00000000         0xffffffff

Linker script and memory map

LOAD c:/siliconlabs/simplicitystudio/v5/developer/toolchains/gnu_arm/10.3_2021.10/bin/../lib/gcc/arm-none-eabi/10.3.1/thumb/v8-m.main+fp/hard/crti.o
LOAD c:/siliconlabs/simplicitystudio/v5/developer/toolchains/gnu_arm/10.3_2021.10/bin/../lib/gcc/arm-none-eabi/10.3.1/thumb/v8-m.main+fp/hard/crtbegin.o
LOAD c:/siliconlabs/simplicitystudio/v5/developer/toolchains/gnu_arm/10.3_2021.10/bin/../lib/gcc/arm-none-eabi/10.3.1/../../../../arm-none-eabi/lib/thumb/v8-m.main+fp/hard/crt0.o
START GROUP
LOAD ./app.o
LOAD ./main.o
LOAD ./spidrv_slave_baremetal.o
LOAD ./autogen/sl_board_default_init.o
LOAD ./autogen/sl_device_init_clocks.o
LOAD ./autogen/sl_event_handler.o
LOAD ./autogen/sl_iostream_handles.o
LOAD ./autogen/sl_iostream_init_eusart_instances.o
LOAD ./autogen/sl_spidrv_init.o
LOAD ./gecko_sdk_4.2.3/hardware/board/src/sl_board_control_gpio.o
LOAD ./gecko_sdk_4.2.3/hardware/board/src/sl_board_init.o
LOAD ./gecko_sdk_4.2.3/hardware/driver/configuration_over_swo/src/sl_cos.o
LOAD ./gecko_sdk_4.2.3/hardware/driver/mx25_flash_shutdown/src/sl_mx25_flash_shutdown_usart/sl_mx25_flash_shutdown.o
LOAD ./gecko_sdk_4.2.3/platform/Device/SiliconLabs/EFR32MG22/Source/startup_efr32mg22.o
LOAD ./gecko_sdk_4.2.3/platform/Device/SiliconLabs/EFR32MG22/Source/system_efr32mg22.o
LOAD ./gecko_sdk_4.2.3/platform/common/src/sl_assert.o
LOAD ./gecko_sdk_4.2.3/platform/common/src/sl_slist.o
LOAD ./gecko_sdk_4.2.3/platform/common/src/sl_string.o
LOAD ./gecko_sdk_4.2.3/platform/common/toolchain/src/sl_memory.o
LOAD ./gecko_sdk_4.2.3/platform/driver/debug/src/sl_debug_swo.o
LOAD ./gecko_sdk_4.2.3/platform/emdrv/dmadrv/src/dmadrv.o
LOAD ./gecko_sdk_4.2.3/platform/emdrv/spidrv/src/spidrv.o
LOAD ./gecko_sdk_4.2.3/platform/emlib/src/em_burtc.o
LOAD ./gecko_sdk_4.2.3/platform/emlib/src/em_cmu.o
LOAD ./gecko_sdk_4.2.3/platform/emlib/src/em_core.o
LOAD ./gecko_sdk_4.2.3/platform/emlib/src/em_emu.o
LOAD ./gecko_sdk_4.2.3/platform/emlib/src/em_eusart.o
LOAD ./gecko_sdk_4.2.3/platform/emlib/src/em_gpio.o
LOAD ./gecko_sdk_4.2.3/platform/emlib/src/em_ldma.o
LOAD ./gecko_sdk_4.2.3/platform/emlib/src/em_msc.o
LOAD ./gecko_sdk_4.2.3/platform/emlib/src/em_rtcc.o
LOAD ./gecko_sdk_4.2.3/platform/emlib/src/em_system.o
LOAD ./gecko_sdk_4.2.3/platform/emlib/src/em_timer.o
LOAD ./gecko_sdk_4.2.3/platform/emlib/src/em_usart.o
LOAD ./gecko_sdk_4.2.3/platform/service/device_init/src/sl_device_init_dcdc_s2.o
LOAD ./gecko_sdk_4.2.3/platform/service/device_init/src/sl_device_init_emu_s2.o
LOAD ./gecko_sdk_4.2.3/platform/service/device_init/src/sl_device_init_hfxo_s2.o
LOAD ./gecko_sdk_4.2.3/platform/service/device_init/src/sl_device_init_lfxo_s2.o
LOAD ./gecko_sdk_4.2.3/platform/service/device_init/src/sl_device_init_nvic.o
LOAD ./gecko_sdk_4.2.3/platform/service/iostream/src/sl_iostream.o
LOAD ./gecko_sdk_4.2.3/platform/service/iostream/src/sl_iostream_eusart.o
LOAD ./gecko_sdk_4.2.3/platform/service/iostream/src/sl_iostream_retarget_stdio.o
LOAD ./gecko_sdk_4.2.3/platform/service/iostream/src/sl_iostream_stdlib_config.o
LOAD ./gecko_sdk_4.2.3/platform/service/iostream/src/sl_iostream_uart.o
LOAD ./gecko_sdk_4.2.3/platform/service/sleeptimer/src/sl_sleeptimer.o
LOAD ./gecko_sdk_4.2.3/platform/service/sleeptimer/src/sl_sleeptimer_hal_burtc.o
LOAD ./gecko_sdk_4.2.3/platform/service/sleeptimer/src/sl_sleeptimer_hal_prortc.o
LOAD ./gecko_sdk_4.2.3/platform/service/sleeptimer/src/sl_sleeptimer_hal_rtcc.o
LOAD ./gecko_sdk_4.2.3/platform/service/sleeptimer/src/sl_sleeptimer_hal_timer.o
LOAD ./gecko_sdk_4.2.3/platform/service/system/src/sl_system_init.o
LOAD ./gecko_sdk_4.2.3/platform/service/system/src/sl_system_process_action.o
LOAD ./gecko_sdk_4.2.3/platform/service/udelay/src/sl_udelay.o
LOAD ./gecko_sdk_4.2.3/platform/service/udelay/src/sl_udelay_armv6m_gcc.o
LOAD c:/siliconlabs/simplicitystudio/v5/developer/toolchains/gnu_arm/10.3_2021.10/bin/../lib/gcc/arm-none-eabi/10.3.1/thumb/v8-m.main+fp/hard\libgcc.a
LOAD c:/siliconlabs/simplicitystudio/v5/developer/toolchains/gnu_arm/10.3_2021.10/bin/../lib/gcc/arm-none-eabi/10.3.1/../../../../arm-none-eabi/lib/thumb/v8-m.main+fp/hard\libc_nano.a
LOAD c:/siliconlabs/simplicitystudio/v5/developer/toolchains/gnu_arm/10.3_2021.10/bin/../lib/gcc/arm-none-eabi/10.3.1/../../../../arm-none-eabi/lib/thumb/v8-m.main+fp/hard\libm.a
LOAD c:/siliconlabs/simplicitystudio/v5/developer/toolchains/gnu_arm/10.3_2021.10/bin/../lib/gcc/arm-none-eabi/10.3.1/../../../../arm-none-eabi/lib/thumb/v8-m.main+fp/hard\libnosys.a
END GROUP
START GROUP
LOAD c:/siliconlabs/simplicitystudio/v5/developer/toolchains/gnu_arm/10.3_2021.10/bin/../lib/gcc/arm-none-eabi/10.3.1/thumb/v8-m.main+fp/hard\libgcc.a
LOAD c:/siliconlabs/simplicitystudio/v5/developer/toolchains/gnu_arm/10.3_2021.10/bin/../lib/gcc/arm-none-eabi/10.3.1/../../../../arm-none-eabi/lib/thumb/v8-m.main+fp/hard\libc_nano.a
LOAD c:/siliconlabs/simplicitystudio/v5/developer/toolchains/gnu_arm/10.3_2021.10/bin/../lib/gcc/arm-none-eabi/10.3.1/../../../../arm-none-eabi/lib/thumb/v8-m.main+fp/hard\libnosys.a
END GROUP
START GROUP
LOAD c:/siliconlabs/simplicitystudio/v5/developer/toolchains/gnu_arm/10.3_2021.10/bin/../lib/gcc/arm-none-eabi/10.3.1/thumb/v8-m.main+fp/hard\libgcc.a
LOAD c:/siliconlabs/simplicitystudio/v5/developer/toolchains/gnu_arm/10.3_2021.10/bin/../lib/gcc/arm-none-eabi/10.3.1/../../../../arm-none-eabi/lib/thumb/v8-m.main+fp/hard\libg_nano.a
LOAD c:/siliconlabs/simplicitystudio/v5/developer/toolchains/gnu_arm/10.3_2021.10/bin/../lib/gcc/arm-none-eabi/10.3.1/../../../../arm-none-eabi/lib/thumb/v8-m.main+fp/hard\libc_nano.a
END GROUP
START GROUP
LOAD c:/siliconlabs/simplicitystudio/v5/developer/toolchains/gnu_arm/10.3_2021.10/bin/../lib/gcc/arm-none-eabi/10.3.1/thumb/v8-m.main+fp/hard\libgcc.a
LOAD c:/siliconlabs/simplicitystudio/v5/developer/toolchains/gnu_arm/10.3_2021.10/bin/../lib/gcc/arm-none-eabi/10.3.1/../../../../arm-none-eabi/lib/thumb/v8-m.main+fp/hard\libc_nano.a
END GROUP
LOAD c:/siliconlabs/simplicitystudio/v5/developer/toolchains/gnu_arm/10.3_2021.10/bin/../lib/gcc/arm-none-eabi/10.3.1/thumb/v8-m.main+fp/hard/crtend.o
LOAD c:/siliconlabs/simplicitystudio/v5/developer/toolchains/gnu_arm/10.3_2021.10/bin/../lib/gcc/arm-none-eabi/10.3.1/thumb/v8-m.main+fp/hard/crtn.o

.text           0x00000000     0x5898
                0x00000000                linker_vectors_begin = .
 *(.vectors)
 .vectors       0x00000000      0x140 ./gecko_sdk_4.2.3/platform/Device/SiliconLabs/EFR32MG22/Source/startup_efr32mg22.o
                0x00000000                __Vectors
                0x00000140                linker_vectors_end = .
                0x00000140                __Vectors_End = .
                0x00000140                __Vectors_Size = (__Vectors_End - __Vectors)
                0x00000140                linker_code_begin = .
 *(SORT_BY_ALIGNMENT(.text*))
 .text          0x00000140        0x8 ./gecko_sdk_4.2.3/platform/service/udelay/src/sl_udelay_armv6m_gcc.o
                0x00000140                sli_delay_loop
 .text          0x00000148       0x40 c:/siliconlabs/simplicitystudio/v5/developer/toolchains/gnu_arm/10.3_2021.10/bin/../lib/gcc/arm-none-eabi/10.3.1/thumb/v8-m.main+fp/hard/crtbegin.o
 .text          0x00000188       0x7c c:/siliconlabs/simplicitystudio/v5/developer/toolchains/gnu_arm/10.3_2021.10/bin/../lib/gcc/arm-none-eabi/10.3.1/../../../../arm-none-eabi/lib/thumb/v8-m.main+fp/hard/crt0.o
                0x00000188                _stack_init
                0x00000190                _start
                0x00000190                _mainCRTStartup
 .text.transfer_callback
                0x00000204       0x10 ./spidrv_slave_baremetal.o
                0x00000204                transfer_callback
 .text.spidrv_app_init
                0x00000214        0xc ./spidrv_slave_baremetal.o
                0x00000214                spidrv_app_init
 .text.spidrv_app_process_action
                0x00000220       0x5c ./spidrv_slave_baremetal.o
                0x00000220                spidrv_app_process_action
 .text.sl_device_init_clocks
                0x0000027c       0x9c ./autogen/sl_device_init_clocks.o
                0x0000027c                sl_device_init_clocks
 .text.sl_platform_init
                0x00000318       0x60 ./autogen/sl_event_handler.o
                0x00000318                sl_platform_init
 .text.sl_iostream_eusart_init_vcom
                0x00000378       0xac ./autogen/sl_iostream_init_eusart_instances.o
                0x00000378                sl_iostream_eusart_init_vcom
 .text.EUART0_RX_IRQHandler
                0x00000424        0xc ./autogen/sl_iostream_init_eusart_instances.o
                0x00000424                EUART0_RX_IRQHandler
 .text.sl_spidrv_init_instances
                0x00000430       0x14 ./autogen/sl_spidrv_init.o
                0x00000430                sl_spidrv_init_instances
 .text.cs_high  0x00000444        0xc ./gecko_sdk_4.2.3/hardware/driver/mx25_flash_shutdown/src/sl_mx25_flash_shutdown_usart/sl_mx25_flash_shutdown.o
 .text.cs_low   0x00000450        0xc ./gecko_sdk_4.2.3/hardware/driver/mx25_flash_shutdown/src/sl_mx25_flash_shutdown_usart/sl_mx25_flash_shutdown.o
 .text.sl_mx25_flash_shutdown
                0x0000045c      0x114 ./gecko_sdk_4.2.3/hardware/driver/mx25_flash_shutdown/src/sl_mx25_flash_shutdown_usart/sl_mx25_flash_shutdown.o
                0x0000045c                sl_mx25_flash_shutdown
 .text.Reset_Handler
                0x00000570       0x60 ./gecko_sdk_4.2.3/platform/Device/SiliconLabs/EFR32MG22/Source/startup_efr32mg22.o
                0x00000570                Reset_Handler
 .text.SystemInit
                0x000005d0       0x64 ./gecko_sdk_4.2.3/platform/Device/SiliconLabs/EFR32MG22/Source/system_efr32mg22.o
                0x000005d0                SystemInit
 .text.SystemHFRCODPLLClockGet
                0x00000634        0xc ./gecko_sdk_4.2.3/platform/Device/SiliconLabs/EFR32MG22/Source/system_efr32mg22.o
                0x00000634                SystemHFRCODPLLClockGet
 .text.SystemSYSCLKGet
                0x00000640       0x34 ./gecko_sdk_4.2.3/platform/Device/SiliconLabs/EFR32MG22/Source/system_efr32mg22.o
                0x00000640                SystemSYSCLKGet
 .text.SystemHCLKGet
                0x00000674       0x24 ./gecko_sdk_4.2.3/platform/Device/SiliconLabs/EFR32MG22/Source/system_efr32mg22.o
                0x00000674                SystemHCLKGet
 .text.SystemMaxCoreClockGet
                0x00000698        0x8 ./gecko_sdk_4.2.3/platform/Device/SiliconLabs/EFR32MG22/Source/system_efr32mg22.o
                0x00000698                SystemMaxCoreClockGet
 .text.SystemHFXOClockGet
                0x000006a0        0xc ./gecko_sdk_4.2.3/platform/Device/SiliconLabs/EFR32MG22/Source/system_efr32mg22.o
                0x000006a0                SystemHFXOClockGet
 .text.SystemHFXOClockSet
                0x000006ac       0x20 ./gecko_sdk_4.2.3/platform/Device/SiliconLabs/EFR32MG22/Source/system_efr32mg22.o
                0x000006ac                SystemHFXOClockSet
 .text.SystemFSRCOClockGet
                0x000006cc        0x8 ./gecko_sdk_4.2.3/platform/Device/SiliconLabs/EFR32MG22/Source/system_efr32mg22.o
                0x000006cc                SystemFSRCOClockGet
 .text.SystemLFXOClockGet
                0x000006d4        0xc ./gecko_sdk_4.2.3/platform/Device/SiliconLabs/EFR32MG22/Source/system_efr32mg22.o
                0x000006d4                SystemLFXOClockGet
 .text._sbrk    0x000006e0       0x20 ./gecko_sdk_4.2.3/platform/common/toolchain/src/sl_memory.o
                0x000006e0                _sbrk
 .text.sl_debug_swo_init
                0x00000700       0xc0 ./gecko_sdk_4.2.3/platform/driver/debug/src/sl_debug_swo.o
                0x00000700                sl_debug_swo_init
 .text.StartTransfer
                0x000007c0      0x17c ./gecko_sdk_4.2.3/platform/emdrv/dmadrv/src/dmadrv.o
 .text.DMADRV_AllocateChannel
                0x0000093c       0x60 ./gecko_sdk_4.2.3/platform/emdrv/dmadrv/src/dmadrv.o
                0x0000093c                DMADRV_AllocateChannel
 .text.DMADRV_DeInit
                0x0000099c       0x44 ./gecko_sdk_4.2.3/platform/emdrv/dmadrv/src/dmadrv.o
                0x0000099c                DMADRV_DeInit
 .text.DMADRV_FreeChannel
                0x000009e0       0x4c ./gecko_sdk_4.2.3/platform/emdrv/dmadrv/src/dmadrv.o
                0x000009e0                DMADRV_FreeChannel
 .text.DMADRV_Init
                0x00000a2c       0x68 ./gecko_sdk_4.2.3/platform/emdrv/dmadrv/src/dmadrv.o
                0x00000a2c                DMADRV_Init
 .text.DMADRV_PauseTransfer
                0x00000a94       0x40 ./gecko_sdk_4.2.3/platform/emdrv/dmadrv/src/dmadrv.o
                0x00000a94                DMADRV_PauseTransfer
 .text.DMADRV_ResumeTransfer
                0x00000ad4       0x40 ./gecko_sdk_4.2.3/platform/emdrv/dmadrv/src/dmadrv.o
                0x00000ad4                DMADRV_ResumeTransfer
 .text.DMADRV_StopTransfer
                0x00000b14       0x40 ./gecko_sdk_4.2.3/platform/emdrv/dmadrv/src/dmadrv.o
                0x00000b14                DMADRV_StopTransfer
 .text.DMADRV_TransferActive
                0x00000b54       0x50 ./gecko_sdk_4.2.3/platform/emdrv/dmadrv/src/dmadrv.o
                0x00000b54                DMADRV_TransferActive
 .text.DMADRV_TransferCompletePending
                0x00000ba4       0x50 ./gecko_sdk_4.2.3/platform/emdrv/dmadrv/src/dmadrv.o
                0x00000ba4                DMADRV_TransferCompletePending
 .text.DMADRV_TransferDone
                0x00000bf4       0x44 ./gecko_sdk_4.2.3/platform/emdrv/dmadrv/src/dmadrv.o
                0x00000bf4                DMADRV_TransferDone
 .text.DMADRV_TransferRemainingCount
                0x00000c38       0x44 ./gecko_sdk_4.2.3/platform/emdrv/dmadrv/src/dmadrv.o
                0x00000c38                DMADRV_TransferRemainingCount
 .text.LDMA_IRQHandler
                0x00000c7c       0x74 ./gecko_sdk_4.2.3/platform/emdrv/dmadrv/src/dmadrv.o
                0x00000c7c                LDMA_IRQHandler
 .text.RxDMAComplete
                0x00000cf0       0x50 ./gecko_sdk_4.2.3/platform/emdrv/spidrv/src/spidrv.o
 .text.WaitForIdleLine
                0x00000d40       0x70 ./gecko_sdk_4.2.3/platform/emdrv/spidrv/src/spidrv.o
 .text.SlaveTimeout
                0x00000db0       0x6c ./gecko_sdk_4.2.3/platform/emdrv/spidrv/src/spidrv.o
 .text.TransferApiPrologue
                0x00000e1c       0x48 ./gecko_sdk_4.2.3/platform/emdrv/spidrv/src/spidrv.o
 .text.StartReceiveDMA
                0x00000e64       0x88 ./gecko_sdk_4.2.3/platform/emdrv/spidrv/src/spidrv.o
 .text.sl_sleeptimer_start_timer_ms.constprop.0.isra.0
                0x00000eec       0x2c ./gecko_sdk_4.2.3/platform/emdrv/spidrv/src/spidrv.o
 .text.SPIDRV_Init
                0x00000f18      0x25c ./gecko_sdk_4.2.3/platform/emdrv/spidrv/src/spidrv.o
                0x00000f18                SPIDRV_Init
 .text.SPIDRV_SReceive
                0x00001174       0x60 ./gecko_sdk_4.2.3/platform/emdrv/spidrv/src/spidrv.o
                0x00001174                SPIDRV_SReceive
 .text.EMU_VScaleGet
                0x000011d4       0x18 ./gecko_sdk_4.2.3/platform/emlib/src/em_cmu.o
 .text.em01GrpaClkGet
                0x000011ec       0x54 ./gecko_sdk_4.2.3/platform/emlib/src/em_cmu.o
 .text.iadcClkGet
                0x00001240       0x54 ./gecko_sdk_4.2.3/platform/emlib/src/em_cmu.o
 .text.em01GrpbClkGet
                0x00001294       0x70 ./gecko_sdk_4.2.3/platform/emlib/src/em_cmu.o
 .text.em23GrpaClkGet
                0x00001304       0x54 ./gecko_sdk_4.2.3/platform/emlib/src/em_cmu.o
 .text.wdog0ClkGet
                0x00001358       0x60 ./gecko_sdk_4.2.3/platform/emlib/src/em_cmu.o
 .text.rtccClkGet
                0x000013b8       0x54 ./gecko_sdk_4.2.3/platform/emlib/src/em_cmu.o
 .text.em4GrpaClkGet
                0x0000140c       0x54 ./gecko_sdk_4.2.3/platform/emlib/src/em_cmu.o
 .text.euart0ClkGet
                0x00001460       0x48 ./gecko_sdk_4.2.3/platform/emlib/src/em_cmu.o
 .text.CMU_ClockDivGet
                0x000014a8       0x84 ./gecko_sdk_4.2.3/platform/emlib/src/em_cmu.o
                0x000014a8                CMU_ClockDivGet
 .text.flashWaitStateControl
                0x0000152c       0x4c ./gecko_sdk_4.2.3/platform/emlib/src/em_cmu.o
 .text.CMU_ClockEnable
                0x00001578       0x54 ./gecko_sdk_4.2.3/platform/emlib/src/em_cmu.o
                0x00001578                CMU_ClockEnable
 .text.CMU_ClockFreqGet
                0x000015cc      0x194 ./gecko_sdk_4.2.3/platform/emlib/src/em_cmu.o
                0x000015cc                CMU_ClockFreqGet
 .text.rhclkPrescOptimize
                0x00001760       0x20 ./gecko_sdk_4.2.3/platform/emlib/src/em_cmu.o
 .text.CMU_ClockSelectGet
                0x00001780      0x168 ./gecko_sdk_4.2.3/platform/emlib/src/em_cmu.o
                0x00001780                CMU_ClockSelectGet
 .text.sli_em_cmu_HFXOSetForceEnable
                0x000018e8       0x18 ./gecko_sdk_4.2.3/platform/emlib/src/em_cmu.o
                0x000018e8                sli_em_cmu_HFXOSetForceEnable
 .text.CMU_HFXOInit
                0x00001900      0x1e4 ./gecko_sdk_4.2.3/platform/emlib/src/em_cmu.o
                0x00001900                CMU_HFXOInit
 .text.CMU_HFXOCTuneDeltaGet
                0x00001ae4        0xc ./gecko_sdk_4.2.3/platform/emlib/src/em_cmu.o
                0x00001ae4                CMU_HFXOCTuneDeltaGet
 .text.CMU_LFXOInit
                0x00001af0       0xc4 ./gecko_sdk_4.2.3/platform/emlib/src/em_cmu.o
                0x00001af0                CMU_LFXOInit
 .text.CMU_LFXOPrecisionSet
                0x00001bb4        0xc ./gecko_sdk_4.2.3/platform/emlib/src/em_cmu.o
                0x00001bb4                CMU_LFXOPrecisionSet
 .text.CMU_ClockDivSet
                0x00001bc0      0x104 ./gecko_sdk_4.2.3/platform/emlib/src/em_cmu.o
                0x00001bc0                CMU_ClockDivSet
 .text.sli_em_cmu_SYSCLKInitPreClockSelect
                0x00001cc4       0x20 ./gecko_sdk_4.2.3/platform/emlib/src/em_cmu.o
                0x00001cc4                sli_em_cmu_SYSCLKInitPreClockSelect
 .text.pclkDivOptimize
                0x00001ce4       0x24 ./gecko_sdk_4.2.3/platform/emlib/src/em_cmu.o
 .text.EMU_EM4Init
                0x00001d08       0x14 ./gecko_sdk_4.2.3/platform/emlib/src/em_emu.o
                0x00001d08                EMU_EM4Init
 .text.EMU_VScaleEM01
                0x00001d1c       0xb0 ./gecko_sdk_4.2.3/platform/emlib/src/em_emu.o
                0x00001d1c                EMU_VScaleEM01
 .text.EMU_VScaleEM01ByClock
                0x00001dcc       0x30 ./gecko_sdk_4.2.3/platform/emlib/src/em_emu.o
                0x00001dcc                EMU_VScaleEM01ByClock
 .text.EMU_DCDCModeSet
                0x00001dfc       0x78 ./gecko_sdk_4.2.3/platform/emlib/src/em_emu.o
                0x00001dfc                EMU_DCDCModeSet
 .text.EMU_DCDCInit
                0x00001e74       0x7c ./gecko_sdk_4.2.3/platform/emlib/src/em_emu.o
                0x00001e74                EMU_DCDCInit
 .text.EUSART_Reset
                0x00001ef0       0x34 ./gecko_sdk_4.2.3/platform/emlib/src/em_eusart.o
                0x00001ef0                EUSART_Reset
 .text.EUSART_Enable
                0x00001f24       0x60 ./gecko_sdk_4.2.3/platform/emlib/src/em_eusart.o
                0x00001f24                EUSART_Enable
 .text.EUSART_BaudrateSet
                0x00001f84      0x120 ./gecko_sdk_4.2.3/platform/emlib/src/em_eusart.o
                0x00001f84                EUSART_BaudrateSet
 .text.EUSART_AsyncInitCommon.constprop.0
                0x000020a4      0x160 ./gecko_sdk_4.2.3/platform/emlib/src/em_eusart.o
 .text.EUSART_UartInitLf
                0x00002204       0xb4 ./gecko_sdk_4.2.3/platform/emlib/src/em_eusart.o
                0x00002204                EUSART_UartInitLf
 .text.EUSART_UartInitHf
                0x000022b8       0x50 ./gecko_sdk_4.2.3/platform/emlib/src/em_eusart.o
                0x000022b8                EUSART_UartInitHf
 .text.GPIO_PinOutSet
                0x00002308       0x54 ./gecko_sdk_4.2.3/platform/emlib/src/em_gpio.o
 .text.GPIO_PinOutClear
                0x0000235c       0x54 ./gecko_sdk_4.2.3/platform/emlib/src/em_gpio.o
 .text.GPIO_PinModeSet
                0x000023b0       0xa0 ./gecko_sdk_4.2.3/platform/emlib/src/em_gpio.o
                0x000023b0                GPIO_PinModeSet
 .text.LDMA_DeInit
                0x00002450       0x3c ./gecko_sdk_4.2.3/platform/emlib/src/em_ldma.o
                0x00002450                LDMA_DeInit
 .text.LDMA_EnableChannelRequest
                0x0000248c       0x44 ./gecko_sdk_4.2.3/platform/emlib/src/em_ldma.o
                0x0000248c                LDMA_EnableChannelRequest
 .text.LDMA_Init
                0x000024d0       0x94 ./gecko_sdk_4.2.3/platform/emlib/src/em_ldma.o
                0x000024d0                LDMA_Init
 .text.LDMA_StartTransfer
                0x00002564      0x100 ./gecko_sdk_4.2.3/platform/emlib/src/em_ldma.o
                0x00002564                LDMA_StartTransfer
 .text.LDMA_StopTransfer
                0x00002664       0x38 ./gecko_sdk_4.2.3/platform/emlib/src/em_ldma.o
                0x00002664                LDMA_StopTransfer
 .text.LDMA_TransferDone
                0x0000269c       0x44 ./gecko_sdk_4.2.3/platform/emlib/src/em_ldma.o
                0x0000269c                LDMA_TransferDone
 .text.LDMA_TransferRemainingCount
                0x000026e0       0x50 ./gecko_sdk_4.2.3/platform/emlib/src/em_ldma.o
                0x000026e0                LDMA_TransferRemainingCount
 .text.RTCC_ChannelInit
                0x00002730       0x48 ./gecko_sdk_4.2.3/platform/emlib/src/em_rtcc.o
                0x00002730                RTCC_ChannelInit
 .text.RTCC_Enable
                0x00002778       0x44 ./gecko_sdk_4.2.3/platform/emlib/src/em_rtcc.o
                0x00002778                RTCC_Enable
 .text.RTCC_Init
                0x000027bc       0x5c ./gecko_sdk_4.2.3/platform/emlib/src/em_rtcc.o
                0x000027bc                RTCC_Init
 .text.USART_BaudrateSyncSet
                0x00002818       0x48 ./gecko_sdk_4.2.3/platform/emlib/src/em_usart.o
                0x00002818                USART_BaudrateSyncSet
 .text.USART_Reset
                0x00002860       0x78 ./gecko_sdk_4.2.3/platform/emlib/src/em_usart.o
                0x00002860                USART_Reset
 .text.USART_InitSync
                0x000028d8       0xdc ./gecko_sdk_4.2.3/platform/emlib/src/em_usart.o
                0x000028d8                USART_InitSync
 .text.sl_device_init_dcdc
                0x000029b4       0x20 ./gecko_sdk_4.2.3/platform/service/device_init/src/sl_device_init_dcdc_s2.o
                0x000029b4                sl_device_init_dcdc
 .text.sl_device_init_emu
                0x000029d4       0x24 ./gecko_sdk_4.2.3/platform/service/device_init/src/sl_device_init_emu_s2.o
                0x000029d4                sl_device_init_emu
 .text.sl_device_init_hfxo
                0x000029f8       0x6c ./gecko_sdk_4.2.3/platform/service/device_init/src/sl_device_init_hfxo_s2.o
                0x000029f8                sl_device_init_hfxo
 .text.sl_device_init_lfxo
                0x00002a64       0x2c ./gecko_sdk_4.2.3/platform/service/device_init/src/sl_device_init_lfxo_s2.o
                0x00002a64                sl_device_init_lfxo
 .text.sl_device_init_nvic
                0x00002a90       0x3c ./gecko_sdk_4.2.3/platform/service/device_init/src/sl_device_init_nvic.o
                0x00002a90                sl_device_init_nvic
 .text.sl_iostream_set_default
                0x00002acc       0x18 ./gecko_sdk_4.2.3/platform/service/iostream/src/sl_iostream.o
                0x00002acc                sl_iostream_set_default
 .text.sl_iostream_get_default
                0x00002ae4       0x18 ./gecko_sdk_4.2.3/platform/service/iostream/src/sl_iostream.o
                0x00002ae4                sl_iostream_get_default
 .text.sl_iostream_eusart_init
                0x00002afc      0x1e8 ./gecko_sdk_4.2.3/platform/service/iostream/src/sl_iostream_eusart.o
                0x00002afc                sl_iostream_eusart_init
 .text._write   0x00002ce4       0x1c ./gecko_sdk_4.2.3/platform/service/iostream/src/sl_iostream_retarget_stdio.o
                0x00002ce4                _write
 .text.sl_iostream_stdlib_disable_buffering
                0x00002d00       0x14 ./gecko_sdk_4.2.3/platform/service/iostream/src/sl_iostream_stdlib_config.o
                0x00002d00                sl_iostream_stdlib_disable_buffering
 .text.get_write_ptr
                0x00002d14       0x40 ./gecko_sdk_4.2.3/platform/service/iostream/src/sl_iostream_uart.o
 .text.dma_irq_handler
                0x00002d54       0x74 ./gecko_sdk_4.2.3/platform/service/iostream/src/sl_iostream_uart.o
 .text.uart_read
                0x00002dc8      0x1f0 ./gecko_sdk_4.2.3/platform/service/iostream/src/sl_iostream_uart.o
 .text.uart_deinit
                0x00002fb8       0x98 ./gecko_sdk_4.2.3/platform/service/iostream/src/sl_iostream_uart.o
 .text.uart_write
                0x00003050       0xc0 ./gecko_sdk_4.2.3/platform/service/iostream/src/sl_iostream_uart.o
 .text.sli_iostream_uart_context_init
                0x00003110       0xf8 ./gecko_sdk_4.2.3/platform/service/iostream/src/sl_iostream_uart.o
                0x00003110                sli_iostream_uart_context_init
 .text.delta_list_insert_timer
                0x00003208       0x44 ./gecko_sdk_4.2.3/platform/service/sleeptimer/src/sl_sleeptimer.o
 .text.update_delta_list
                0x0000324c       0x38 ./gecko_sdk_4.2.3/platform/service/sleeptimer/src/sl_sleeptimer.o
 .text.set_comparator_for_next_timer
                0x00003284       0x5c ./gecko_sdk_4.2.3/platform/service/sleeptimer/src/sl_sleeptimer.o
 .text.create_timer
                0x000032e0       0x70 ./gecko_sdk_4.2.3/platform/service/sleeptimer/src/sl_sleeptimer.o
 .text.delta_list_remove_timer
                0x00003350       0x38 ./gecko_sdk_4.2.3/platform/service/sleeptimer/src/sl_sleeptimer.o
 .text.sl_sleeptimer_init
                0x00003388       0x74 ./gecko_sdk_4.2.3/platform/service/sleeptimer/src/sl_sleeptimer.o
                0x00003388                sl_sleeptimer_init
 .text.sl_sleeptimer_stop_timer
                0x000033fc       0x50 ./gecko_sdk_4.2.3/platform/service/sleeptimer/src/sl_sleeptimer.o
                0x000033fc                sl_sleeptimer_stop_timer
 .text.sl_sleeptimer_is_timer_running
                0x0000344c       0x38 ./gecko_sdk_4.2.3/platform/service/sleeptimer/src/sl_sleeptimer.o
                0x0000344c                sl_sleeptimer_is_timer_running
 .text.sl_sleeptimer_ms32_to_tick
                0x00003484       0x3c ./gecko_sdk_4.2.3/platform/service/sleeptimer/src/sl_sleeptimer.o
                0x00003484                sl_sleeptimer_ms32_to_tick
 .text.process_timer_irq
                0x000034c0      0x158 ./gecko_sdk_4.2.3/platform/service/sleeptimer/src/sl_sleeptimer.o
                0x000034c0                process_timer_irq
 .text.sleeptimer_hal_init_timer
                0x00003618       0x88 ./gecko_sdk_4.2.3/platform/service/sleeptimer/src/sl_sleeptimer_hal_rtcc.o
                0x00003618                sleeptimer_hal_init_timer
 .text.sleeptimer_hal_set_compare
                0x000036a0       0x64 ./gecko_sdk_4.2.3/platform/service/sleeptimer/src/sl_sleeptimer_hal_rtcc.o
                0x000036a0                sleeptimer_hal_set_compare
 .text.sleeptimer_hal_disable_int
                0x00003704       0x30 ./gecko_sdk_4.2.3/platform/service/sleeptimer/src/sl_sleeptimer_hal_rtcc.o
                0x00003704                sleeptimer_hal_disable_int
 .text.sleeptimer_hal_set_int
                0x00003734       0x10 ./gecko_sdk_4.2.3/platform/service/sleeptimer/src/sl_sleeptimer_hal_rtcc.o
                0x00003734                sleeptimer_hal_set_int
 .text.RTCC_IRQHandler
                0x00003744       0x34 ./gecko_sdk_4.2.3/platform/service/sleeptimer/src/sl_sleeptimer_hal_rtcc.o
                0x00003744                RTCC_IRQHandler
 .text.sl_udelay_wait
                0x00003778       0x58 ./gecko_sdk_4.2.3/platform/service/udelay/src/sl_udelay.o
                0x00003778                sl_udelay_wait
 .text          0x000037d0       0x30 c:/siliconlabs/simplicitystudio/v5/developer/toolchains/gnu_arm/10.3_2021.10/bin/../lib/gcc/arm-none-eabi/10.3.1/thumb/v8-m.main+fp/hard\libgcc.a(_aeabi_uldivmod.o)
                0x000037d0                __aeabi_uldivmod
 .text          0x00003800      0x2ec c:/siliconlabs/simplicitystudio/v5/developer/toolchains/gnu_arm/10.3_2021.10/bin/../lib/gcc/arm-none-eabi/10.3.1/thumb/v8-m.main+fp/hard\libgcc.a(_udivmoddi4.o)
                0x00003800                __udivmoddi4
 .text          0x00003aec        0x4 c:/siliconlabs/simplicitystudio/v5/developer/toolchains/gnu_arm/10.3_2021.10/bin/../lib/gcc/arm-none-eabi/10.3.1/thumb/v8-m.main+fp/hard\libgcc.a(_dvmd_tls.o)
                0x00003aec                __aeabi_idiv0
                0x00003aec                __aeabi_ldiv0
 .text.exit     0x00003af0       0x28 c:/siliconlabs/simplicitystudio/v5/developer/toolchains/gnu_arm/10.3_2021.10/bin/../lib/gcc/arm-none-eabi/10.3.1/../../../../arm-none-eabi/lib/thumb/v8-m.main+fp/hard\libc_nano.a(lib_a-exit.o)
                0x00003af0                exit
 .text.__libc_init_array
                0x00003b18       0x48 c:/siliconlabs/simplicitystudio/v5/developer/toolchains/gnu_arm/10.3_2021.10/bin/../lib/gcc/arm-none-eabi/10.3.1/../../../../arm-none-eabi/lib/thumb/v8-m.main+fp/hard\libc_nano.a(lib_a-init.o)
                0x00003b18                __libc_init_array
 .text.printf   0x00003b60       0x30 c:/siliconlabs/simplicitystudio/v5/developer/toolchains/gnu_arm/10.3_2021.10/bin/../lib/gcc/arm-none-eabi/10.3.1/../../../../arm-none-eabi/lib/thumb/v8-m.main+fp/hard\libc_nano.a(lib_a-printf.o)
                0x00003b60                iprintf
                0x00003b60                printf
 .text._puts_r  0x00003b90       0xdc c:/siliconlabs/simplicitystudio/v5/developer/toolchains/gnu_arm/10.3_2021.10/bin/../lib/gcc/arm-none-eabi/10.3.1/../../../../arm-none-eabi/lib/thumb/v8-m.main+fp/hard\libc_nano.a(lib_a-puts.o)
                0x00003b90                _puts_r
 .text.puts     0x00003c6c       0x10 c:/siliconlabs/simplicitystudio/v5/developer/toolchains/gnu_arm/10.3_2021.10/bin/../lib/gcc/arm-none-eabi/10.3.1/../../../../arm-none-eabi/lib/thumb/v8-m.main+fp/hard\libc_nano.a(lib_a-puts.o)
                0x00003c6c                puts
 .text.setvbuf  0x00003c7c      0x188 c:/siliconlabs/simplicitystudio/v5/developer/toolchains/gnu_arm/10.3_2021.10/bin/../lib/gcc/arm-none-eabi/10.3.1/../../../../arm-none-eabi/lib/thumb/v8-m.main+fp/hard\libc_nano.a(lib_a-setvbuf.o)
                0x00003c7c                setvbuf
 .text.__swbuf_r
                0x00003e04       0xa4 c:/siliconlabs/simplicitystudio/v5/developer/toolchains/gnu_arm/10.3_2021.10/bin/../lib/gcc/arm-none-eabi/10.3.1/../../../../arm-none-eabi/lib/thumb/v8-m.main+fp/hard\libc_nano.a(lib_a-wbuf.o)
                0x00003e04                __swbuf_r
 .text.__swsetup_r
                0x00003ea8       0xdc c:/siliconlabs/simplicitystudio/v5/developer/toolchains/gnu_arm/10.3_2021.10/bin/../lib/gcc/arm-none-eabi/10.3.1/../../../../arm-none-eabi/lib/thumb/v8-m.main+fp/hard\libc_nano.a(lib_a-wsetup.o)
                0x00003ea8                __swsetup_r
 .text.__sflush_r
                0x00003f84      0x108 c:/siliconlabs/simplicitystudio/v5/developer/toolchains/gnu_arm/10.3_2021.10/bin/../lib/gcc/arm-none-eabi/10.3.1/../../../../arm-none-eabi/lib/thumb/v8-m.main+fp/hard\libc_nano.a(lib_a-fflush.o)
                0x00003f84                __sflush_r
 .text._fflush_r
                0x0000408c       0x78 c:/siliconlabs/simplicitystudio/v5/developer/toolchains/gnu_arm/10.3_2021.10/bin/../lib/gcc/arm-none-eabi/10.3.1/../../../../arm-none-eabi/lib/thumb/v8-m.main+fp/hard\libc_nano.a(lib_a-fflush.o)
                0x0000408c                _fflush_r
 .text.std      0x00004104       0x48 c:/siliconlabs/simplicitystudio/v5/developer/toolchains/gnu_arm/10.3_2021.10/bin/../lib/gcc/arm-none-eabi/10.3.1/../../../../arm-none-eabi/lib/thumb/v8-m.main+fp/hard\libc_nano.a(lib_a-findfp.o)
 .text._cleanup_r
                0x0000414c        0xc c:/siliconlabs/simplicitystudio/v5/developer/toolchains/gnu_arm/10.3_2021.10/bin/../lib/gcc/arm-none-eabi/10.3.1/../../../../arm-none-eabi/lib/thumb/v8-m.main+fp/hard\libc_nano.a(lib_a-findfp.o)
                0x0000414c                _cleanup_r
 .text.__sfp_lock_acquire
                0x00004158        0xc c:/siliconlabs/simplicitystudio/v5/developer/toolchains/gnu_arm/10.3_2021.10/bin/../lib/gcc/arm-none-eabi/10.3.1/../../../../arm-none-eabi/lib/thumb/v8-m.main+fp/hard\libc_nano.a(lib_a-findfp.o)
                0x00004158                __sfp_lock_acquire
 .text.__sfp_lock_release
                0x00004164        0xc c:/siliconlabs/simplicitystudio/v5/developer/toolchains/gnu_arm/10.3_2021.10/bin/../lib/gcc/arm-none-eabi/10.3.1/../../../../arm-none-eabi/lib/thumb/v8-m.main+fp/hard\libc_nano.a(lib_a-findfp.o)
                0x00004164                __sfp_lock_release
 .text.__sinit_lock_acquire
                0x00004170        0xc c:/siliconlabs/simplicitystudio/v5/developer/toolchains/gnu_arm/10.3_2021.10/bin/../lib/gcc/arm-none-eabi/10.3.1/../../../../arm-none-eabi/lib/thumb/v8-m.main+fp/hard\libc_nano.a(lib_a-findfp.o)
                0x00004170                __sinit_lock_acquire
 .text.__sinit_lock_release
                0x0000417c        0xc c:/siliconlabs/simplicitystudio/v5/developer/toolchains/gnu_arm/10.3_2021.10/bin/../lib/gcc/arm-none-eabi/10.3.1/../../../../arm-none-eabi/lib/thumb/v8-m.main+fp/hard\libc_nano.a(lib_a-findfp.o)
                0x0000417c                __sinit_lock_release
 .text.__sinit  0x00004188       0x70 c:/siliconlabs/simplicitystudio/v5/developer/toolchains/gnu_arm/10.3_2021.10/bin/../lib/gcc/arm-none-eabi/10.3.1/../../../../arm-none-eabi/lib/thumb/v8-m.main+fp/hard\libc_nano.a(lib_a-findfp.o)
                0x00004188                __sinit
 .text.__sfp    0x000041f8       0x8c c:/siliconlabs/simplicitystudio/v5/developer/toolchains/gnu_arm/10.3_2021.10/bin/../lib/gcc/arm-none-eabi/10.3.1/../../../../arm-none-eabi/lib/thumb/v8-m.main+fp/hard\libc_nano.a(lib_a-findfp.o)
                0x000041f8                __sfp
 .text.__smakebuf_r
                0x00004284       0x80 c:/siliconlabs/simplicitystudio/v5/developer/toolchains/gnu_arm/10.3_2021.10/bin/../lib/gcc/arm-none-eabi/10.3.1/../../../../arm-none-eabi/lib/thumb/v8-m.main+fp/hard\libc_nano.a(lib_a-makebuf.o)
                0x00004284                __smakebuf_r
 .text.malloc   0x00004304       0x10 c:/siliconlabs/simplicitystudio/v5/developer/toolchains/gnu_arm/10.3_2021.10/bin/../lib/gcc/arm-none-eabi/10.3.1/../../../../arm-none-eabi/lib/thumb/v8-m.main+fp/hard\libc_nano.a(lib_a-malloc.o)
                0x00004304                malloc
 .text._free_r  0x00004314       0x98 c:/siliconlabs/simplicitystudio/v5/developer/toolchains/gnu_arm/10.3_2021.10/bin/../lib/gcc/arm-none-eabi/10.3.1/../../../../arm-none-eabi/lib/thumb/v8-m.main+fp/hard\libc_nano.a(lib_a-nano-freer.o)
                0x00004314                _free_r
 .text.sbrk_aligned
                0x000043ac       0x40 c:/siliconlabs/simplicitystudio/v5/developer/toolchains/gnu_arm/10.3_2021.10/bin/../lib/gcc/arm-none-eabi/10.3.1/../../../../arm-none-eabi/lib/thumb/v8-m.main+fp/hard\libc_nano.a(lib_a-nano-mallocr.o)
 .text._malloc_r
                0x000043ec       0xe8 c:/siliconlabs/simplicitystudio/v5/developer/toolchains/gnu_arm/10.3_2021.10/bin/../lib/gcc/arm-none-eabi/10.3.1/../../../../arm-none-eabi/lib/thumb/v8-m.main+fp/hard\libc_nano.a(lib_a-nano-mallocr.o)
                0x000043ec                _malloc_r
 .text._vfprintf_r
                0x000044d4      0x260 c:/siliconlabs/simplicitystudio/v5/developer/toolchains/gnu_arm/10.3_2021.10/bin/../lib/gcc/arm-none-eabi/10.3.1/../../../../arm-none-eabi/lib/thumb/v8-m.main+fp/hard\libc_nano.a(lib_a-nano-vfprintf.o)
                0x000044d4                _vfprintf_r
                0x000044d4                _vfiprintf_r
 .text._printf_i
                0x00004734      0x24c c:/siliconlabs/simplicitystudio/v5/developer/toolchains/gnu_arm/10.3_2021.10/bin/../lib/gcc/arm-none-eabi/10.3.1/../../../../arm-none-eabi/lib/thumb/v8-m.main+fp/hard\libc_nano.a(lib_a-nano-vfprintf_i.o)
                0x00004734                _printf_i
 .text._sbrk_r  0x00004980       0x20 c:/siliconlabs/simplicitystudio/v5/developer/toolchains/gnu_arm/10.3_2021.10/bin/../lib/gcc/arm-none-eabi/10.3.1/../../../../arm-none-eabi/lib/thumb/v8-m.main+fp/hard\libc_nano.a(lib_a-sbrkr.o)
                0x00004980                _sbrk_r
 .text._write_r
                0x000049a0       0x24 c:/siliconlabs/simplicitystudio/v5/developer/toolchains/gnu_arm/10.3_2021.10/bin/../lib/gcc/arm-none-eabi/10.3.1/../../../../arm-none-eabi/lib/thumb/v8-m.main+fp/hard\libc_nano.a(lib_a-writer.o)
                0x000049a0                _write_r
 .text._close_r
                0x000049c4       0x20 c:/siliconlabs/simplicitystudio/v5/developer/toolchains/gnu_arm/10.3_2021.10/bin/../lib/gcc/arm-none-eabi/10.3.1/../../../../arm-none-eabi/lib/thumb/v8-m.main+fp/hard\libc_nano.a(lib_a-closer.o)
                0x000049c4                _close_r
 .text._fstat_r
                0x000049e4       0x24 c:/siliconlabs/simplicitystudio/v5/developer/toolchains/gnu_arm/10.3_2021.10/bin/../lib/gcc/arm-none-eabi/10.3.1/../../../../arm-none-eabi/lib/thumb/v8-m.main+fp/hard\libc_nano.a(lib_a-fstatr.o)
                0x000049e4                _fstat_r
 .text._isatty_r
                0x00004a08       0x20 c:/siliconlabs/simplicitystudio/v5/developer/toolchains/gnu_arm/10.3_2021.10/bin/../lib/gcc/arm-none-eabi/10.3.1/../../../../arm-none-eabi/lib/thumb/v8-m.main+fp/hard\libc_nano.a(lib_a-isattyr.o)
                0x00004a08                _isatty_r
 .text._lseek_r
                0x00004a28       0x24 c:/siliconlabs/simplicitystudio/v5/developer/toolchains/gnu_arm/10.3_2021.10/bin/../lib/gcc/arm-none-eabi/10.3.1/../../../../arm-none-eabi/lib/thumb/v8-m.main+fp/hard\libc_nano.a(lib_a-lseekr.o)
                0x00004a28                _lseek_r
 .text.__malloc_lock
                0x00004a4c        0xc c:/siliconlabs/simplicitystudio/v5/developer/toolchains/gnu_arm/10.3_2021.10/bin/../lib/gcc/arm-none-eabi/10.3.1/../../../../arm-none-eabi/lib/thumb/v8-m.main+fp/hard\libc_nano.a(lib_a-mlock.o)
                0x00004a4c                __malloc_lock
 .text.__malloc_unlock
                0x00004a58        0xc c:/siliconlabs/simplicitystudio/v5/developer/toolchains/gnu_arm/10.3_2021.10/bin/../lib/gcc/arm-none-eabi/10.3.1/../../../../arm-none-eabi/lib/thumb/v8-m.main+fp/hard\libc_nano.a(lib_a-mlock.o)
                0x00004a58                __malloc_unlock
 .text._read_r  0x00004a64       0x24 c:/siliconlabs/simplicitystudio/v5/developer/toolchains/gnu_arm/10.3_2021.10/bin/../lib/gcc/arm-none-eabi/10.3.1/../../../../arm-none-eabi/lib/thumb/v8-m.main+fp/hard\libc_nano.a(lib_a-readr.o)
                0x00004a64                _read_r
 .text.app_init
                0x00004a88        0x4 ./app.o
                0x00004a88                app_init
 .text.app_process_action
                0x00004a8c        0x4 ./app.o
                0x00004a8c                app_process_action
 .text.startup.main
                0x00004a90       0x14 ./main.o
                0x00004a90                main
 .text.sl_board_default_init
                0x00004aa4        0x4 ./autogen/sl_board_default_init.o
                0x00004aa4                sl_board_default_init
 .text.sl_driver_init
                0x00004aa8       0x12 ./autogen/sl_event_handler.o
                0x00004aa8                sl_driver_init
 .text.sl_service_init
                0x00004aba       0x16 ./autogen/sl_event_handler.o
                0x00004aba                sl_service_init
 .text.sl_stack_init
                0x00004ad0        0x2 ./autogen/sl_event_handler.o
                0x00004ad0                sl_stack_init
 .text.sl_internal_app_init
                0x00004ad2        0x2 ./autogen/sl_event_handler.o
                0x00004ad2                sl_internal_app_init
 .text.sl_platform_process_action
                0x00004ad4        0x2 ./autogen/sl_event_handler.o
                0x00004ad4                sl_platform_process_action
 .text.sl_service_process_action
                0x00004ad6        0x2 ./autogen/sl_event_handler.o
                0x00004ad6                sl_service_process_action
 .text.sl_stack_process_action
                0x00004ad8        0x2 ./autogen/sl_event_handler.o
                0x00004ad8                sl_stack_process_action
 .text.sl_internal_app_process_action
                0x00004ada        0x2 ./autogen/sl_event_handler.o
                0x00004ada                sl_internal_app_process_action
 .text.sl_iostream_eusart_init_instances
                0x00004adc        0x4 ./autogen/sl_iostream_init_eusart_instances.o
                0x00004adc                sl_iostream_eusart_init_instances
 .text.EUART0_TX_IRQHandler
                0x00004ae0        0x4 ./autogen/sl_iostream_init_eusart_instances.o
                0x00004ae0                EUART0_TX_IRQHandler
 .text.sl_board_enable_vcom
                0x00004ae4       0x12 ./gecko_sdk_4.2.3/hardware/board/src/sl_board_control_gpio.o
                0x00004ae4                sl_board_enable_vcom
 .text.sl_board_configure_vcom
                0x00004af6        0x4 ./gecko_sdk_4.2.3/hardware/board/src/sl_board_control_gpio.o
                0x00004af6                sl_board_configure_vcom
 .text.sl_board_disable_vcom
                0x00004afa       0x12 ./gecko_sdk_4.2.3/hardware/board/src/sl_board_control_gpio.o
                0x00004afa                sl_board_disable_vcom
 .text.sl_board_init
                0x00004b0c       0x16 ./gecko_sdk_4.2.3/hardware/board/src/sl_board_init.o
                0x00004b0c                sl_board_init
 .text.sl_board_preinit
                0x00004b22        0x8 ./gecko_sdk_4.2.3/hardware/board/src/sl_board_init.o
                0x00004b22                sl_board_preinit
 .text.sl_cos_send_config
                0x00004b2a        0x6 ./gecko_sdk_4.2.3/hardware/driver/configuration_over_swo/src/sl_cos.o
                0x00004b2a                sl_cos_send_config
 .text.Default_Handler
                0x00004b30        0x2 ./gecko_sdk_4.2.3/platform/Device/SiliconLabs/EFR32MG22/Source/startup_efr32mg22.o
                0x00004b30                ULFRCO_IRQHandler
                0x00004b30                SW2_IRQHandler
                0x00004b30                TIMER2_IRQHandler
                0x00004b30                DebugMon_Handler
                0x00004b30                PKE_IRQHandler
                0x00004b30                USART0_TX_IRQHandler
                0x00004b30                PRORTC_IRQHandler
                0x00004b30                IADC_IRQHandler
                0x00004b30                I2C0_IRQHandler
                0x00004b30                LFXO_IRQHandler
                0x00004b30                CRYPTOACC_IRQHandler
                0x00004b30                HardFault_Handler
                0x00004b30                SMU_SECURE_IRQHandler
                0x00004b30                SysTick_Handler
                0x00004b30                USART1_RX_IRQHandler
                0x00004b30                EMUEFP_IRQHandler
                0x00004b30                PendSV_Handler
                0x00004b30                NMI_Handler
                0x00004b30                SYNTH_IRQHandler
                0x00004b30                HFXO0_IRQHandler
                0x00004b30                I2C1_IRQHandler
                0x00004b30                PDM_IRQHandler
                0x00004b30                WDOG0_IRQHandler
                0x00004b30                TIMER3_IRQHandler
                0x00004b30                SYSCFG_IRQHandler
                0x00004b30                EMUSE_IRQHandler
                0x00004b30                EMUDG_IRQHandler
                0x00004b30                USART1_TX_IRQHandler
                0x00004b30                MSC_IRQHandler
                0x00004b30                DPLL0_IRQHandler
                0x00004b30                UsageFault_Handler
                0x00004b30                M33CTI1_IRQHandler
                0x00004b30                TIMER4_IRQHandler
                0x00004b30                GPIO_EVEN_IRQHandler
                0x00004b30                SW0_IRQHandler
                0x00004b30                TIMER0_IRQHandler
                0x00004b30                LETIMER0_IRQHandler
                0x00004b30                TIMER1_IRQHandler
                0x00004b30                HFRCO0_IRQHandler
                0x00004b30                RFSENSE_IRQHandler
                0x00004b30                SecureFault_Handler
                0x00004b30                BUFC_IRQHandler
                0x00004b30                DCDC_IRQHandler
                0x00004b30                MODEM_IRQHandler
                0x00004b30                Default_Handler
                0x00004b30                RAC_SEQ_IRQHandler
                0x00004b30                FRC_PRI_IRQHandler
                0x00004b30                EMU_IRQHandler
                0x00004b30                SW3_IRQHandler
                0x00004b30                KERNEL0_IRQHandler
                0x00004b30                FRC_IRQHandler
                0x00004b30                KERNEL1_IRQHandler
                0x00004b30                AGC_IRQHandler
                0x00004b30                sl_app_properties
                0x00004b30                BURTC_IRQHandler
                0x00004b30                LFRCO_IRQHandler
                0x00004b30                USART0_RX_IRQHandler
                0x00004b30                MemManage_Handler
                0x00004b30                RDMAILBOX_IRQHandler
                0x00004b30                SVC_Handler
                0x00004b30                SMU_S_PRIVILEGED_IRQHandler
                0x00004b30                SW1_IRQHandler
                0x00004b30                CMU_IRQHandler
                0x00004b30                RAC_RSM_IRQHandler
                0x00004b30                GPIO_ODD_IRQHandler
                0x00004b30                AES_IRQHandler
                0x00004b30                M33CTI0_IRQHandler
                0x00004b30                ICACHE0_IRQHandler
                0x00004b30                SMU_NS_PRIVILEGED_IRQHandler
                0x00004b30                PROTIMER_IRQHandler
                0x00004b30                BusFault_Handler
                0x00004b30                TRNG_IRQHandler
 .text.SystemCLKIN0Get
                0x00004b32        0x4 ./gecko_sdk_4.2.3/platform/Device/SiliconLabs/EFR32MG22/Source/system_efr32mg22.o
                0x00004b32                SystemCLKIN0Get
 .text.SystemLFRCOClockGet
                0x00004b36        0x6 ./gecko_sdk_4.2.3/platform/Device/SiliconLabs/EFR32MG22/Source/system_efr32mg22.o
                0x00004b36                SystemLFRCOClockGet
 .text.SystemULFRCOClockGet
                0x00004b3c        0x6 ./gecko_sdk_4.2.3/platform/Device/SiliconLabs/EFR32MG22/Source/system_efr32mg22.o
                0x00004b3c                SystemULFRCOClockGet
 .text.assertEFM
                0x00004b42        0x2 ./gecko_sdk_4.2.3/platform/common/src/sl_assert.o
                0x00004b42                assertEFM
 .text.sl_debug_swo_enable_itm
                0x00004b44       0x18 ./gecko_sdk_4.2.3/platform/driver/debug/src/sl_debug_swo.o
                0x00004b44                sl_debug_swo_enable_itm
 .text.DMADRV_MemoryPeripheral
                0x00004b5c       0x34 ./gecko_sdk_4.2.3/platform/emdrv/dmadrv/src/dmadrv.o
                0x00004b5c                DMADRV_MemoryPeripheral
 .text.DMADRV_PeripheralMemory
                0x00004b90       0x34 ./gecko_sdk_4.2.3/platform/emdrv/dmadrv/src/dmadrv.o
                0x00004b90                DMADRV_PeripheralMemory
 .text.waitStateMax
                0x00004bc4       0x10 ./gecko_sdk_4.2.3/platform/emlib/src/em_cmu.o
 .text.CMU_UpdateWaitStates
                0x00004bd4        0xc ./gecko_sdk_4.2.3/platform/emlib/src/em_cmu.o
                0x00004bd4                CMU_UpdateWaitStates
 .text.pclkDivMax
                0x00004be0        0xa ./gecko_sdk_4.2.3/platform/emlib/src/em_cmu.o
 .text.sli_em_cmu_SYSCLKInitPostClockSelect
                0x00004bea       0x2a ./gecko_sdk_4.2.3/platform/emlib/src/em_cmu.o
                0x00004bea                sli_em_cmu_SYSCLKInitPostClockSelect
 .text.CORE_EnterCritical
                0x00004c14        0x8 ./gecko_sdk_4.2.3/platform/emlib/src/em_core.o
                0x00004c14                CORE_EnterCritical
 .text.CORE_ExitCritical
                0x00004c1c        0x6 ./gecko_sdk_4.2.3/platform/emlib/src/em_core.o
                0x00004c1c                CORE_ExitCritical
 .text.CORE_EnterAtomic
                0x00004c22        0xc ./gecko_sdk_4.2.3/platform/emlib/src/em_core.o
                0x00004c22                CORE_EnterAtomic
 .text.CORE_ExitAtomic
                0x00004c2e        0x6 ./gecko_sdk_4.2.3/platform/emlib/src/em_core.o
                0x00004c2e                CORE_ExitAtomic
 .text.EMU_EFPEM01VScale
                0x00004c34        0x2 ./gecko_sdk_4.2.3/platform/emlib/src/em_emu.o
                0x00004c34                EMU_EFPEM01VScale
 .text.EMU_DCDCUpdatedHook
                0x00004c36        0x2 ./gecko_sdk_4.2.3/platform/emlib/src/em_emu.o
                0x00004c36                EMU_DCDCUpdatedHook
 .text.eusart_sync
                0x00004c38        0x8 ./gecko_sdk_4.2.3/platform/emlib/src/em_eusart.o
 .text.EUSART_Disable
                0x00004c40       0x3a ./gecko_sdk_4.2.3/platform/emlib/src/em_eusart.o
 .text.EUSART_Tx
                0x00004c7a        0xa ./gecko_sdk_4.2.3/platform/emlib/src/em_eusart.o
                0x00004c7a                EUSART_Tx
 .text.BUS_RegMaskedWrite
                0x00004c84       0x22 ./gecko_sdk_4.2.3/platform/emlib/src/em_gpio.o
 .text.GPIO_DbgLocationSet
                0x00004ca6        0x2 ./gecko_sdk_4.2.3/platform/emlib/src/em_gpio.o
                0x00004ca6                GPIO_DbgLocationSet
 .text.RTCC_SyncWait
                0x00004ca8       0x10 ./gecko_sdk_4.2.3/platform/emlib/src/em_rtcc.o
 .text.USART_SpiTransfer
                0x00004cb8       0x14 ./gecko_sdk_4.2.3/platform/emlib/src/em_usart.o
                0x00004cb8                USART_SpiTransfer
 .text.sl_iostream_write
                0x00004ccc       0x28 ./gecko_sdk_4.2.3/platform/service/iostream/src/sl_iostream.o
                0x00004ccc                sl_iostream_write
 .text.sl_iostream_read
                0x00004cf4       0x32 ./gecko_sdk_4.2.3/platform/service/iostream/src/sl_iostream.o
                0x00004cf4                sl_iostream_read
 .text.eusart_deinit
                0x00004d26       0x70 ./gecko_sdk_4.2.3/platform/service/iostream/src/sl_iostream_eusart.o
 .text.eusart_set_next_byte_detect
                0x00004d96       0x30 ./gecko_sdk_4.2.3/platform/service/iostream/src/sl_iostream_eusart.o
 .text.eusart_tx
                0x00004dc6        0xc ./gecko_sdk_4.2.3/platform/service/iostream/src/sl_iostream_eusart.o
 .text.sl_iostream_eusart_irq_handler
                0x00004dd2       0x72 ./gecko_sdk_4.2.3/platform/service/iostream/src/sl_iostream_eusart.o
                0x00004dd2                sl_iostream_eusart_irq_handler
 .text._close   0x00004e44        0x4 ./gecko_sdk_4.2.3/platform/service/iostream/src/sl_iostream_retarget_stdio.o
                0x00004e44                _close
 .text._exit    0x00004e48        0x2 ./gecko_sdk_4.2.3/platform/service/iostream/src/sl_iostream_retarget_stdio.o
                0x00004e48                _exit
 .text._fstat   0x00004e4a        0xa ./gecko_sdk_4.2.3/platform/service/iostream/src/sl_iostream_retarget_stdio.o
                0x00004e4a                _fstat
 .text._isatty  0x00004e54        0x4 ./gecko_sdk_4.2.3/platform/service/iostream/src/sl_iostream_retarget_stdio.o
                0x00004e54                _isatty
 .text._lseek   0x00004e58        0x4 ./gecko_sdk_4.2.3/platform/service/iostream/src/sl_iostream_retarget_stdio.o
                0x00004e58                _lseek
 .text._read    0x00004e5c       0x1c ./gecko_sdk_4.2.3/platform/service/iostream/src/sl_iostream_retarget_stdio.o
                0x00004e5c                _read
 .text.set_auto_cr_lf
                0x00004e78        0x6 ./gecko_sdk_4.2.3/platform/service/iostream/src/sl_iostream_uart.o
 .text.get_auto_cr_lf
                0x00004e7e        0x6 ./gecko_sdk_4.2.3/platform/service/iostream/src/sl_iostream_uart.o
 .text.sl_sleeptimer_start_timer
                0x00004e84       0x48 ./gecko_sdk_4.2.3/platform/service/sleeptimer/src/sl_sleeptimer.o
                0x00004e84                sl_sleeptimer_start_timer
 .text.CMU_PrescToLog2.constprop.0
                0x00004ecc        0x4 ./gecko_sdk_4.2.3/platform/service/sleeptimer/src/sl_sleeptimer_hal_rtcc.o
 .text.sleeptimer_hal_get_counter
                0x00004ed0        0xe ./gecko_sdk_4.2.3/platform/service/sleeptimer/src/sl_sleeptimer_hal_rtcc.o
                0x00004ed0                sleeptimer_hal_get_counter
 .text.sleeptimer_hal_enable_int
                0x00004ede       0x18 ./gecko_sdk_4.2.3/platform/service/sleeptimer/src/sl_sleeptimer_hal_rtcc.o
                0x00004ede                sleeptimer_hal_enable_int
 .text.sleeptimer_hal_get_timer_frequency
                0x00004ef6       0x14 ./gecko_sdk_4.2.3/platform/service/sleeptimer/src/sl_sleeptimer_hal_rtcc.o
                0x00004ef6                sleeptimer_hal_get_timer_frequency
 .text.sl_system_init
                0x00004f0a       0x1a ./gecko_sdk_4.2.3/platform/service/system/src/sl_system_init.o
                0x00004f0a                sl_system_init
 .text.sl_system_process_action
                0x00004f24       0x16 ./gecko_sdk_4.2.3/platform/service/system/src/sl_system_process_action.o
                0x00004f24                sl_system_process_action
 .text.memcpy   0x00004f3a       0x1a c:/siliconlabs/simplicitystudio/v5/developer/toolchains/gnu_arm/10.3_2021.10/bin/../lib/gcc/arm-none-eabi/10.3.1/../../../../arm-none-eabi/lib/thumb/v8-m.main+fp/hard\libc_nano.a(lib_a-memcpy-stub.o)
                0x00004f3a                memcpy
 .text.memset   0x00004f54       0x10 c:/siliconlabs/simplicitystudio/v5/developer/toolchains/gnu_arm/10.3_2021.10/bin/../lib/gcc/arm-none-eabi/10.3.1/../../../../arm-none-eabi/lib/thumb/v8-m.main+fp/hard\libc_nano.a(lib_a-memset.o)
                0x00004f54                memset
 .text.__sfmoreglue
                0x00004f64       0x2c c:/siliconlabs/simplicitystudio/v5/developer/toolchains/gnu_arm/10.3_2021.10/bin/../lib/gcc/arm-none-eabi/10.3.1/../../../../arm-none-eabi/lib/thumb/v8-m.main+fp/hard\libc_nano.a(lib_a-findfp.o)
                0x00004f64                __sfmoreglue
 .text._fwalk_reent
                0x00004f90       0x3e c:/siliconlabs/simplicitystudio/v5/developer/toolchains/gnu_arm/10.3_2021.10/bin/../lib/gcc/arm-none-eabi/10.3.1/../../../../arm-none-eabi/lib/thumb/v8-m.main+fp/hard\libc_nano.a(lib_a-fwalk.o)
                0x00004f90                _fwalk_reent
 .text.__retarget_lock_init_recursive
                0x00004fce        0x2 c:/siliconlabs/simplicitystudio/v5/developer/toolchains/gnu_arm/10.3_2021.10/bin/../lib/gcc/arm-none-eabi/10.3.1/../../../../arm-none-eabi/lib/thumb/v8-m.main+fp/hard\libc_nano.a(lib_a-lock.o)
                0x00004fce                __retarget_lock_init_recursive
 .text.__retarget_lock_acquire_recursive
                0x00004fd0        0x2 c:/siliconlabs/simplicitystudio/v5/developer/toolchains/gnu_arm/10.3_2021.10/bin/../lib/gcc/arm-none-eabi/10.3.1/../../../../arm-none-eabi/lib/thumb/v8-m.main+fp/hard\libc_nano.a(lib_a-lock.o)
                0x00004fd0                __retarget_lock_acquire_recursive
 .text.__retarget_lock_release_recursive
                0x00004fd2        0x2 c:/siliconlabs/simplicitystudio/v5/developer/toolchains/gnu_arm/10.3_2021.10/bin/../lib/gcc/arm-none-eabi/10.3.1/../../../../arm-none-eabi/lib/thumb/v8-m.main+fp/hard\libc_nano.a(lib_a-lock.o)
                0x00004fd2                __retarget_lock_release_recursive
 .text.__swhatbuf_r
                0x00004fd4       0x4a c:/siliconlabs/simplicitystudio/v5/developer/toolchains/gnu_arm/10.3_2021.10/bin/../lib/gcc/arm-none-eabi/10.3.1/../../../../arm-none-eabi/lib/thumb/v8-m.main+fp/hard\libc_nano.a(lib_a-makebuf.o)
                0x00004fd4                __swhatbuf_r
 .text.__sfputc_r
                0x0000501e       0x2e c:/siliconlabs/simplicitystudio/v5/developer/toolchains/gnu_arm/10.3_2021.10/bin/../lib/gcc/arm-none-eabi/10.3.1/../../../../arm-none-eabi/lib/thumb/v8-m.main+fp/hard\libc_nano.a(lib_a-nano-vfprintf.o)
 .text.__sfputs_r
                0x0000504c       0x24 c:/siliconlabs/simplicitystudio/v5/developer/toolchains/gnu_arm/10.3_2021.10/bin/../lib/gcc/arm-none-eabi/10.3.1/../../../../arm-none-eabi/lib/thumb/v8-m.main+fp/hard\libc_nano.a(lib_a-nano-vfprintf.o)
                0x0000504c                __sfputs_r
 .text._printf_common
                0x00005070       0xe0 c:/siliconlabs/simplicitystudio/v5/developer/toolchains/gnu_arm/10.3_2021.10/bin/../lib/gcc/arm-none-eabi/10.3.1/../../../../arm-none-eabi/lib/thumb/v8-m.main+fp/hard\libc_nano.a(lib_a-nano-vfprintf_i.o)
                0x00005070                _printf_common
 .text.__sread  0x00005150       0x22 c:/siliconlabs/simplicitystudio/v5/developer/toolchains/gnu_arm/10.3_2021.10/bin/../lib/gcc/arm-none-eabi/10.3.1/../../../../arm-none-eabi/lib/thumb/v8-m.main+fp/hard\libc_nano.a(lib_a-stdio.o)
                0x00005150                __sread
 .text.__swrite
                0x00005172       0x38 c:/siliconlabs/simplicitystudio/v5/developer/toolchains/gnu_arm/10.3_2021.10/bin/../lib/gcc/arm-none-eabi/10.3.1/../../../../arm-none-eabi/lib/thumb/v8-m.main+fp/hard\libc_nano.a(lib_a-stdio.o)
                0x00005172                __swrite
 .text.__sseek  0x000051aa       0x24 c:/siliconlabs/simplicitystudio/v5/developer/toolchains/gnu_arm/10.3_2021.10/bin/../lib/gcc/arm-none-eabi/10.3.1/../../../../arm-none-eabi/lib/thumb/v8-m.main+fp/hard\libc_nano.a(lib_a-stdio.o)
                0x000051aa                __sseek
 .text.__sclose
                0x000051ce        0x8 c:/siliconlabs/simplicitystudio/v5/developer/toolchains/gnu_arm/10.3_2021.10/bin/../lib/gcc/arm-none-eabi/10.3.1/../../../../arm-none-eabi/lib/thumb/v8-m.main+fp/hard\libc_nano.a(lib_a-stdio.o)
                0x000051ce                __sclose
 .text.memchr   0x000051d6       0x1c c:/siliconlabs/simplicitystudio/v5/developer/toolchains/gnu_arm/10.3_2021.10/bin/../lib/gcc/arm-none-eabi/10.3.1/../../../../arm-none-eabi/lib/thumb/v8-m.main+fp/hard\libc_nano.a(lib_a-memchr-stub.o)
                0x000051d6                memchr
                0x000051f2                linker_code_end = .
 *(.init)
 *fill*         0x000051f2        0x2 
 .init          0x000051f4        0x4 c:/siliconlabs/simplicitystudio/v5/developer/toolchains/gnu_arm/10.3_2021.10/bin/../lib/gcc/arm-none-eabi/10.3.1/thumb/v8-m.main+fp/hard/crti.o
                0x000051f4                _init
 .init          0x000051f8        0x8 c:/siliconlabs/simplicitystudio/v5/developer/toolchains/gnu_arm/10.3_2021.10/bin/../lib/gcc/arm-none-eabi/10.3.1/thumb/v8-m.main+fp/hard/crtn.o
 *(.fini)
 .fini          0x00005200        0x4 c:/siliconlabs/simplicitystudio/v5/developer/toolchains/gnu_arm/10.3_2021.10/bin/../lib/gcc/arm-none-eabi/10.3.1/thumb/v8-m.main+fp/hard/crti.o
                0x00005200                _fini
 .fini          0x00005204        0x8 c:/siliconlabs/simplicitystudio/v5/developer/toolchains/gnu_arm/10.3_2021.10/bin/../lib/gcc/arm-none-eabi/10.3.1/thumb/v8-m.main+fp/hard/crtn.o
 *crtbegin.o(.ctors)
 *crtbegin?.o(.ctors)
 *(EXCLUDE_FILE(*crtend.o *crtend?.o) .ctors)
 *(SORT_BY_NAME(.ctors.*))
 *(.ctors)
 *crtbegin.o(.dtors)
 *crtbegin?.o(.dtors)
 *(EXCLUDE_FILE(*crtend.o *crtend?.o) .dtors)
 *(SORT_BY_NAME(.dtors.*))
 *(.dtors)
 *(.rodata*)
 .rodata.spidrv_app_init.str1.1
                0x0000520c       0x37 ./spidrv_slave_baremetal.o
 .rodata.spidrv_app_process_action.str1.1
                0x00005243       0x3a ./spidrv_slave_baremetal.o
 .rodata.sl_iostream_eusart_init_vcom.str1.1
                0x0000527d       0x2f ./autogen/sl_iostream_init_eusart_instances.o
 .rodata        0x000052ac       0x20 ./autogen/sl_iostream_init_eusart_instances.o
 .rodata        0x000052cc       0x1c ./gecko_sdk_4.2.3/hardware/driver/mx25_flash_shutdown/src/sl_mx25_flash_shutdown_usart/sl_mx25_flash_shutdown.o
 .rodata        0x000052e8        0x4 ./gecko_sdk_4.2.3/platform/emdrv/dmadrv/src/dmadrv.o
 .rodata.RxDMAComplete.str1.1
                0x000052ec       0x55 ./gecko_sdk_4.2.3/platform/emdrv/spidrv/src/spidrv.o
 .rodata.WaitForIdleLine.str1.1
                0x00005341       0x4f ./gecko_sdk_4.2.3/platform/emdrv/spidrv/src/spidrv.o
 .rodata        0x00005390       0x1c ./gecko_sdk_4.2.3/platform/emdrv/spidrv/src/spidrv.o
 .rodata.HFRCODPLLDevinfoGet.str1.1
                0x000053ac       0x4e ./gecko_sdk_4.2.3/platform/emlib/src/em_cmu.o
 .rodata.EMU_VScaleEM01.str1.1
                0x000053fa       0x4e ./gecko_sdk_4.2.3/platform/emlib/src/em_emu.o
 .rodata.EUSART_Enable.str1.1
                0x00005448       0x51 ./gecko_sdk_4.2.3/platform/emlib/src/em_eusart.o
 .rodata.GPIO_PinOutSet.str1.1
                0x00005499       0x4f ./gecko_sdk_4.2.3/platform/emlib/src/em_gpio.o
 .rodata.GPIO_ExtIntConfig.str1.1
                0x00005499       0x4f ./gecko_sdk_4.2.3/platform/emlib/src/em_gpio.o
 .rodata.LDMA_EnableChannelRequest.str1.1
                0x000054e8       0x9d ./gecko_sdk_4.2.3/platform/emlib/src/em_ldma.o
 .rodata.RTCC_ChannelInit.str1.1
                0x00005585       0x4f ./gecko_sdk_4.2.3/platform/emlib/src/em_rtcc.o
 .rodata.USART_BaudrateAsyncSet.str1.1
                0x000055d4       0x50 ./gecko_sdk_4.2.3/platform/emlib/src/em_usart.o
 .rodata        0x00005624        0x8 ./gecko_sdk_4.2.3/platform/service/device_init/src/sl_device_init_dcdc_s2.o
 .rodata        0x0000562c       0x28 ./gecko_sdk_4.2.3/platform/service/device_init/src/sl_device_init_hfxo_s2.o
 .rodata        0x00005654       0x14 ./gecko_sdk_4.2.3/platform/service/device_init/src/sl_device_init_lfxo_s2.o
 .rodata._write.str1.1
                0x00005668       0x6d ./gecko_sdk_4.2.3/platform/service/iostream/src/sl_iostream_retarget_stdio.o
 .rodata.get_write_ptr.str1.1
                0x000056d5       0x63 ./gecko_sdk_4.2.3/platform/service/iostream/src/sl_iostream_uart.o
 .rodata.process_timer_irq.str1.1
                0x00005738       0x62 ./gecko_sdk_4.2.3/platform/service/sleeptimer/src/sl_sleeptimer.o
 .rodata        0x0000579a        0xb ./gecko_sdk_4.2.3/platform/service/sleeptimer/src/sl_sleeptimer_hal_rtcc.o
 .rodata.sl_udelay_wait.str1.1
                0x000057a5       0x5a ./gecko_sdk_4.2.3/platform/service/udelay/src/sl_udelay.o
 *fill*         0x000057ff        0x1 
 .rodata._global_impure_ptr
                0x00005800        0x4 c:/siliconlabs/simplicitystudio/v5/developer/toolchains/gnu_arm/10.3_2021.10/bin/../lib/gcc/arm-none-eabi/10.3.1/../../../../arm-none-eabi/lib/thumb/v8-m.main+fp/hard\libc_nano.a(lib_a-impure.o)
                0x00005800                _global_impure_ptr
 .rodata.__sf_fake_stderr
                0x00005804       0x20 c:/siliconlabs/simplicitystudio/v5/developer/toolchains/gnu_arm/10.3_2021.10/bin/../lib/gcc/arm-none-eabi/10.3.1/../../../../arm-none-eabi/lib/thumb/v8-m.main+fp/hard\libc_nano.a(lib_a-findfp.o)
                0x00005804                __sf_fake_stderr
 .rodata.__sf_fake_stdin
                0x00005824       0x20 c:/siliconlabs/simplicitystudio/v5/developer/toolchains/gnu_arm/10.3_2021.10/bin/../lib/gcc/arm-none-eabi/10.3.1/../../../../arm-none-eabi/lib/thumb/v8-m.main+fp/hard\libc_nano.a(lib_a-findfp.o)
                0x00005824                __sf_fake_stdin
 .rodata.__sf_fake_stdout
                0x00005844       0x20 c:/siliconlabs/simplicitystudio/v5/developer/toolchains/gnu_arm/10.3_2021.10/bin/../lib/gcc/arm-none-eabi/10.3.1/../../../../arm-none-eabi/lib/thumb/v8-m.main+fp/hard\libc_nano.a(lib_a-findfp.o)
                0x00005844                __sf_fake_stdout
 .rodata._vfprintf_r.str1.1
                0x00005864       0x11 c:/siliconlabs/simplicitystudio/v5/developer/toolchains/gnu_arm/10.3_2021.10/bin/../lib/gcc/arm-none-eabi/10.3.1/../../../../arm-none-eabi/lib/thumb/v8-m.main+fp/hard\libc_nano.a(lib_a-nano-vfprintf.o)
 .rodata._printf_i.str1.1
                0x00005875       0x22 c:/siliconlabs/simplicitystudio/v5/developer/toolchains/gnu_arm/10.3_2021.10/bin/../lib/gcc/arm-none-eabi/10.3.1/../../../../arm-none-eabi/lib/thumb/v8-m.main+fp/hard\libc_nano.a(lib_a-nano-vfprintf_i.o)
 *(.eh_frame*)
 *fill*         0x00005897        0x1 
 .eh_frame      0x00005898        0x0 c:/siliconlabs/simplicitystudio/v5/developer/toolchains/gnu_arm/10.3_2021.10/bin/../lib/gcc/arm-none-eabi/10.3.1/thumb/v8-m.main+fp/hard/crtbegin.o

.glue_7         0x00005898        0x0
 .glue_7        0x00005898        0x0 linker stubs

.glue_7t        0x00005898        0x0
 .glue_7t       0x00005898        0x0 linker stubs

.vfp11_veneer   0x00005898        0x0
 .vfp11_veneer  0x00005898        0x0 linker stubs

.v4_bx          0x00005898        0x0
 .v4_bx         0x00005898        0x0 linker stubs

.iplt           0x00005898        0x0
 .iplt          0x00005898        0x0 c:/siliconlabs/simplicitystudio/v5/developer/toolchains/gnu_arm/10.3_2021.10/bin/../lib/gcc/arm-none-eabi/10.3.1/thumb/v8-m.main+fp/hard/crtbegin.o

.ARM.extab
 *(.ARM.extab* .gnu.linkonce.armextab.*)
                0x00005898                __exidx_start = .

.ARM.exidx      0x00005898        0x8
 *(.ARM.exidx* .gnu.linkonce.armexidx.*)
 .ARM.exidx     0x00005898        0x8 c:/siliconlabs/simplicitystudio/v5/developer/toolchains/gnu_arm/10.3_2021.10/bin/../lib/gcc/arm-none-eabi/10.3.1/../../../../arm-none-eabi/lib/thumb/v8-m.main+fp/hard/crt0.o
                                 0x10 (size before relaxing)
 .ARM.exidx     0x000058a0        0x0 c:/siliconlabs/simplicitystudio/v5/developer/toolchains/gnu_arm/10.3_2021.10/bin/../lib/gcc/arm-none-eabi/10.3.1/thumb/v8-m.main+fp/hard\libgcc.a(_udivmoddi4.o)
                                  0x8 (size before relaxing)
                0x000058a0                __exidx_end = .

.rel.dyn        0x000058a0        0x0
 .rel.iplt      0x000058a0        0x0 c:/siliconlabs/simplicitystudio/v5/developer/toolchains/gnu_arm/10.3_2021.10/bin/../lib/gcc/arm-none-eabi/10.3.1/thumb/v8-m.main+fp/hard/crtbegin.o

.copy.table     0x000058a0        0xc
                0x000058a0                . = ALIGN (0x4)
                0x000058a0                __copy_table_start__ = .
                0x000058a0        0x4 LONG 0x58ac __etext
                0x000058a4        0x4 LONG 0x20001000 __data_start__
                0x000058a8        0x4 LONG 0x2a ((__data_end__ - __data_start__) / 0x4)
                0x000058ac                __copy_table_end__ = .

.zero.table     0x000058ac        0x0
                0x000058ac                . = ALIGN (0x4)
                0x000058ac                __zero_table_start__ = .
                0x000058ac                __zero_table_end__ = .
                0x000058ac                __etext = .
                0x20000000                . = ORIGIN (RAM)

.stack          0x20000000     0x1000
                0x20000000                __StackLimit = .
 *(.stack*)
 .stack         0x20000000     0x1000 ./gecko_sdk_4.2.3/platform/common/toolchain/src/sl_memory.o
                0x20001000                . = ALIGN (0x4)
                0x20001000                __StackTop = .
                0x20001000                PROVIDE (__stack = __StackTop)

.noinit
 *(.noinit*)

.data           0x20001000       0xa8 load address 0x000058ac
                0x20001000                . = ALIGN (0x4)
                0x20001000                __data_start__ = .
 *(vtable)
 *(SORT_BY_ALIGNMENT(.data*))
 .data.sl_spidrv_exp_handle
                0x20001000        0x4 ./autogen/sl_spidrv_init.o
                0x20001000                sl_spidrv_exp_handle
 .data.sl_spidrv_init_exp
                0x20001004       0x20 ./autogen/sl_spidrv_init.o
                0x20001004                sl_spidrv_init_exp
 .data.SystemCoreClock
                0x20001024        0x4 ./gecko_sdk_4.2.3/platform/Device/SiliconLabs/EFR32MG22/Source/system_efr32mg22.o
                0x20001024                SystemCoreClock
 .data.SystemHFRCODPLLClock
                0x20001028        0x4 ./gecko_sdk_4.2.3/platform/Device/SiliconLabs/EFR32MG22/Source/system_efr32mg22.o
 .data.SystemHFXOClock
                0x2000102c        0x4 ./gecko_sdk_4.2.3/platform/Device/SiliconLabs/EFR32MG22/Source/system_efr32mg22.o
 .data.SystemLFXOClock
                0x20001030        0x4 ./gecko_sdk_4.2.3/platform/Device/SiliconLabs/EFR32MG22/Source/system_efr32mg22.o
 .data.heap_end.0
                0x20001034        0x4 ./gecko_sdk_4.2.3/platform/common/toolchain/src/sl_memory.o
 .data._impure_ptr
                0x20001038        0x4 c:/siliconlabs/simplicitystudio/v5/developer/toolchains/gnu_arm/10.3_2021.10/bin/../lib/gcc/arm-none-eabi/10.3.1/../../../../arm-none-eabi/lib/thumb/v8-m.main+fp/hard\libc_nano.a(lib_a-impure.o)
                0x20001038                _impure_ptr
 .data.impure_data
                0x2000103c       0x60 c:/siliconlabs/simplicitystudio/v5/developer/toolchains/gnu_arm/10.3_2021.10/bin/../lib/gcc/arm-none-eabi/10.3.1/../../../../arm-none-eabi/lib/thumb/v8-m.main+fp/hard\libc_nano.a(lib_a-impure.o)
 .data.lfxo_precision
                0x2000109c        0x2 ./gecko_sdk_4.2.3/platform/emlib/src/em_cmu.o
 .data.cc_disabled
                0x2000109e        0x1 ./gecko_sdk_4.2.3/platform/service/sleeptimer/src/sl_sleeptimer_hal_rtcc.o
                0x200010a0                . = ALIGN (0x4)
 *fill*         0x2000109f        0x1 
                [!provide]                PROVIDE (__ram_func_section_start = .)
 *(.ram)
                [!provide]                PROVIDE (__ram_func_section_end = .)
                0x200010a0                . = ALIGN (0x4)
                0x200010a0                PROVIDE (__preinit_array_start = .)
 *(.preinit_array)
                0x200010a0                PROVIDE (__preinit_array_end = .)
                0x200010a0                . = ALIGN (0x4)
                0x200010a0                PROVIDE (__init_array_start = .)
 *(SORT_BY_NAME(.init_array.*))
 *(.init_array)
 .init_array    0x200010a0        0x4 c:/siliconlabs/simplicitystudio/v5/developer/toolchains/gnu_arm/10.3_2021.10/bin/../lib/gcc/arm-none-eabi/10.3.1/thumb/v8-m.main+fp/hard/crtbegin.o
                0x200010a4                PROVIDE (__init_array_end = .)
                0x200010a4                . = ALIGN (0x4)
                [!provide]                PROVIDE (__fini_array_start = .)
 *(SORT_BY_NAME(.fini_array.*))
 *(.fini_array)
 .fini_array    0x200010a4        0x4 c:/siliconlabs/simplicitystudio/v5/developer/toolchains/gnu_arm/10.3_2021.10/bin/../lib/gcc/arm-none-eabi/10.3.1/thumb/v8-m.main+fp/hard/crtbegin.o
                [!provide]                PROVIDE (__fini_array_end = .)
                0x200010a8                . = ALIGN (0x4)
                0x200010a8                __data_end__ = .

.igot.plt       0x200010a8        0x0 load address 0x00005954
 .igot.plt      0x200010a8        0x0 c:/siliconlabs/simplicitystudio/v5/developer/toolchains/gnu_arm/10.3_2021.10/bin/../lib/gcc/arm-none-eabi/10.3.1/thumb/v8-m.main+fp/hard/crtbegin.o

.bss            0x200010a8      0x300 load address 0x00005954
                0x200010a8                . = ALIGN (0x4)
                0x200010a8                __bss_start__ = .
 *(SORT_BY_ALIGNMENT(.bss*))
 .bss           0x200010a8       0x1c c:/siliconlabs/simplicitystudio/v5/developer/toolchains/gnu_arm/10.3_2021.10/bin/../lib/gcc/arm-none-eabi/10.3.1/thumb/v8-m.main+fp/hard/crtbegin.o
 .bss.counter   0x200010c4        0x4 ./spidrv_slave_baremetal.o
 .bss.context_vcom
                0x200010c8       0x64 ./autogen/sl_iostream_init_eusart_instances.o
 .bss.sl_iostream_vcom
                0x2000112c       0x18 ./autogen/sl_iostream_init_eusart_instances.o
 .bss.sl_spidrv_exp_handle_data
                0x20001144       0x84 ./autogen/sl_spidrv_init.o
                0x20001144                sl_spidrv_exp_handle_data
 .bss.chTable   0x200011c8       0x80 ./gecko_sdk_4.2.3/platform/emdrv/dmadrv/src/dmadrv.o
 .bss.dmaXfer   0x20001248      0x100 ./gecko_sdk_4.2.3/platform/emdrv/dmadrv/src/dmadrv.o
 .bss.sli_iostream_default
                0x20001348        0x4 ./gecko_sdk_4.2.3/platform/service/iostream/src/sl_iostream.o
 .bss.last_delta_update_count
                0x2000134c        0x4 ./gecko_sdk_4.2.3/platform/service/sleeptimer/src/sl_sleeptimer.o
 .bss.max_millisecond_conversion
                0x20001350        0x4 ./gecko_sdk_4.2.3/platform/service/sleeptimer/src/sl_sleeptimer.o
 .bss.timer_frequency
                0x20001354        0x4 ./gecko_sdk_4.2.3/platform/service/sleeptimer/src/sl_sleeptimer.o
 .bss.timer_head
                0x20001358        0x4 ./gecko_sdk_4.2.3/platform/service/sleeptimer/src/sl_sleeptimer.o
 .bss.__malloc_free_list
                0x2000135c        0x4 c:/siliconlabs/simplicitystudio/v5/developer/toolchains/gnu_arm/10.3_2021.10/bin/../lib/gcc/arm-none-eabi/10.3.1/../../../../arm-none-eabi/lib/thumb/v8-m.main+fp/hard\libc_nano.a(lib_a-nano-mallocr.o)
                0x2000135c                __malloc_free_list
 .bss.__malloc_sbrk_start
                0x20001360        0x4 c:/siliconlabs/simplicitystudio/v5/developer/toolchains/gnu_arm/10.3_2021.10/bin/../lib/gcc/arm-none-eabi/10.3.1/../../../../arm-none-eabi/lib/thumb/v8-m.main+fp/hard\libc_nano.a(lib_a-nano-mallocr.o)
                0x20001360                __malloc_sbrk_start
 .bss.errno     0x20001364        0x4 c:/siliconlabs/simplicitystudio/v5/developer/toolchains/gnu_arm/10.3_2021.10/bin/../lib/gcc/arm-none-eabi/10.3.1/../../../../arm-none-eabi/lib/thumb/v8-m.main+fp/hard\libc_nano.a(lib_a-reent.o)
                0x20001364                errno
 .bss.overflow_counter
                0x20001368        0x2 ./gecko_sdk_4.2.3/platform/service/sleeptimer/src/sl_sleeptimer.o
 .bss.rx_buffer
                0x2000136a       0x10 ./spidrv_slave_baremetal.o
 .bss.transfer_complete
                0x2000137a        0x1 ./spidrv_slave_baremetal.o
 .bss.rx_buffer_vcom
                0x2000137b       0x20 ./autogen/sl_iostream_init_eusart_instances.o
 .bss.initialized
                0x2000139b        0x1 ./gecko_sdk_4.2.3/platform/emdrv/dmadrv/src/dmadrv.o
 .bss.spidrvIsInitialized
                0x2000139c        0x1 ./gecko_sdk_4.2.3/platform/emdrv/spidrv/src/spidrv.o
 .bss.ctuneDelta
                0x2000139d        0x1 ./gecko_sdk_4.2.3/platform/emlib/src/em_cmu.o
 .bss.vScaleEM01Config
                0x2000139e        0x1 ./gecko_sdk_4.2.3/platform/emlib/src/em_emu.o
 .bss.is_sleeptimer_initialized
                0x2000139f        0x1 ./gecko_sdk_4.2.3/platform/service/sleeptimer/src/sl_sleeptimer.o
 .bss.next_timer_to_expire_is_power_manager
                0x200013a0        0x1 ./gecko_sdk_4.2.3/platform/service/sleeptimer/src/sl_sleeptimer.o
 .bss.sleep_on_isr_exit
                0x200013a1        0x1 ./gecko_sdk_4.2.3/platform/service/sleeptimer/src/sl_sleeptimer.o
 .bss.__lock___malloc_recursive_mutex
                0x200013a2        0x1 c:/siliconlabs/simplicitystudio/v5/developer/toolchains/gnu_arm/10.3_2021.10/bin/../lib/gcc/arm-none-eabi/10.3.1/../../../../arm-none-eabi/lib/thumb/v8-m.main+fp/hard\libc_nano.a(lib_a-lock.o)
                0x200013a2                __lock___malloc_recursive_mutex
 .bss.__lock___sfp_recursive_mutex
                0x200013a3        0x1 c:/siliconlabs/simplicitystudio/v5/developer/toolchains/gnu_arm/10.3_2021.10/bin/../lib/gcc/arm-none-eabi/10.3.1/../../../../arm-none-eabi/lib/thumb/v8-m.main+fp/hard\libc_nano.a(lib_a-lock.o)
                0x200013a3                __lock___sfp_recursive_mutex
 .bss.__lock___sinit_recursive_mutex
                0x200013a4        0x1 c:/siliconlabs/simplicitystudio/v5/developer/toolchains/gnu_arm/10.3_2021.10/bin/../lib/gcc/arm-none-eabi/10.3.1/../../../../arm-none-eabi/lib/thumb/v8-m.main+fp/hard\libc_nano.a(lib_a-lock.o)
                0x200013a4                __lock___sinit_recursive_mutex
 *(COMMON)
                0x200013a8                . = ALIGN (0x4)
 *fill*         0x200013a5        0x3 
                0x200013a8                __bss_end__ = .

.heap           0x200013a8     0x6c58
                0x200013a8                __HeapBase = .
                0x200013a8                __end__ = .
                0x200013a8                end = __end__
                0x200013a8                _end = __end__
 *(.heap*)
 .heap          0x200013a8      0x800 ./gecko_sdk_4.2.3/platform/common/toolchain/src/sl_memory.o
                0x20008000                . = (ORIGIN (RAM) + LENGTH (RAM))
 *fill*         0x20001ba8     0x6458 
                0x20008000                __HeapLimit = .
                0x00006c58                __heap_size = (__HeapLimit - __HeapBase)
                0x20008000                __ram_end__ = 0x20008000
                0x0007e000                __main_flash_end__ = 0x7e000

.internal_storage
                0x000058ac        0x0
 *(.internal_storage*)

.nvm            0x000058ac        0x0
 *(.simee*)
                0x0007e000                linker_nvm_end = __main_flash_end__
                0x0007e000                linker_nvm_begin = (linker_nvm_end - SIZEOF (.nvm))
                0x00000000                linker_nvm_size = SIZEOF (.nvm)
                0x0007e000                linker_storage_end = linker_nvm_begin
                0x0007e000                __nvm3Base = linker_nvm_begin
                0x0007e000                linker_storage_begin = (linker_storage_end - SIZEOF (.internal_storage))
                0x00000000                linker_storage_size = SIZEOF (.internal_storage)
                0x00000001                ASSERT ((linker_storage_begin >= (__etext + SIZEOF (.data))), FLASH memory overflowed !)
OUTPUT(SPI_Slave_Testing.axf elf32-littlearm)
LOAD linker stubs

.ARM.attributes
                0x00000000       0x36
 .ARM.attributes
                0x00000000       0x22 c:/siliconlabs/simplicitystudio/v5/developer/toolchains/gnu_arm/10.3_2021.10/bin/../lib/gcc/arm-none-eabi/10.3.1/thumb/v8-m.main+fp/hard/crti.o
 .ARM.attributes
                0x00000022       0x38 c:/siliconlabs/simplicitystudio/v5/developer/toolchains/gnu_arm/10.3_2021.10/bin/../lib/gcc/arm-none-eabi/10.3.1/thumb/v8-m.main+fp/hard/crtbegin.o
 .ARM.attributes
                0x0000005a       0x20 c:/siliconlabs/simplicitystudio/v5/developer/toolchains/gnu_arm/10.3_2021.10/bin/../lib/gcc/arm-none-eabi/10.3.1/../../../../arm-none-eabi/lib/thumb/v8-m.main+fp/hard/crt0.o
 .ARM.attributes
                0x0000007a       0x3a ./app.o
 .ARM.attributes
                0x000000b4       0x3a ./main.o
 .ARM.attributes
                0x000000ee       0x3a ./spidrv_slave_baremetal.o
 .ARM.attributes
                0x00000128       0x3a ./autogen/sl_board_default_init.o
 .ARM.attributes
                0x00000162       0x3a ./autogen/sl_device_init_clocks.o
 .ARM.attributes
                0x0000019c       0x3a ./autogen/sl_event_handler.o
 .ARM.attributes
                0x000001d6       0x3a ./autogen/sl_iostream_init_eusart_instances.o
 .ARM.attributes
                0x00000210       0x3a ./autogen/sl_spidrv_init.o
 .ARM.attributes
                0x0000024a       0x3a ./gecko_sdk_4.2.3/hardware/board/src/sl_board_control_gpio.o
 .ARM.attributes
                0x00000284       0x3a ./gecko_sdk_4.2.3/hardware/board/src/sl_board_init.o
 .ARM.attributes
                0x000002be       0x3a ./gecko_sdk_4.2.3/hardware/driver/configuration_over_swo/src/sl_cos.o
 .ARM.attributes
                0x000002f8       0x3a ./gecko_sdk_4.2.3/hardware/driver/mx25_flash_shutdown/src/sl_mx25_flash_shutdown_usart/sl_mx25_flash_shutdown.o
 .ARM.attributes
                0x00000332       0x3a ./gecko_sdk_4.2.3/platform/Device/SiliconLabs/EFR32MG22/Source/startup_efr32mg22.o
 .ARM.attributes
                0x0000036c       0x3a ./gecko_sdk_4.2.3/platform/Device/SiliconLabs/EFR32MG22/Source/system_efr32mg22.o
 .ARM.attributes
                0x000003a6       0x3a ./gecko_sdk_4.2.3/platform/common/src/sl_assert.o
 .ARM.attributes
                0x000003e0       0x3a ./gecko_sdk_4.2.3/platform/common/toolchain/src/sl_memory.o
 .ARM.attributes
                0x0000041a       0x3a ./gecko_sdk_4.2.3/platform/driver/debug/src/sl_debug_swo.o
 .ARM.attributes
                0x00000454       0x3a ./gecko_sdk_4.2.3/platform/emdrv/dmadrv/src/dmadrv.o
 .ARM.attributes
                0x0000048e       0x3a ./gecko_sdk_4.2.3/platform/emdrv/spidrv/src/spidrv.o
 .ARM.attributes
                0x000004c8       0x3a ./gecko_sdk_4.2.3/platform/emlib/src/em_cmu.o
 .ARM.attributes
                0x00000502       0x3a ./gecko_sdk_4.2.3/platform/emlib/src/em_core.o
 .ARM.attributes
                0x0000053c       0x3a ./gecko_sdk_4.2.3/platform/emlib/src/em_emu.o
 .ARM.attributes
                0x00000576       0x3a ./gecko_sdk_4.2.3/platform/emlib/src/em_eusart.o
 .ARM.attributes
                0x000005b0       0x3a ./gecko_sdk_4.2.3/platform/emlib/src/em_gpio.o
 .ARM.attributes
                0x000005ea       0x3a ./gecko_sdk_4.2.3/platform/emlib/src/em_ldma.o
 .ARM.attributes
                0x00000624       0x3a ./gecko_sdk_4.2.3/platform/emlib/src/em_rtcc.o
 .ARM.attributes
                0x0000065e       0x3a ./gecko_sdk_4.2.3/platform/emlib/src/em_usart.o
 .ARM.attributes
                0x00000698       0x3a ./gecko_sdk_4.2.3/platform/service/device_init/src/sl_device_init_dcdc_s2.o
 .ARM.attributes
                0x000006d2       0x3a ./gecko_sdk_4.2.3/platform/service/device_init/src/sl_device_init_emu_s2.o
 .ARM.attributes
                0x0000070c       0x3a ./gecko_sdk_4.2.3/platform/service/device_init/src/sl_device_init_hfxo_s2.o
 .ARM.attributes
                0x00000746       0x3a ./gecko_sdk_4.2.3/platform/service/device_init/src/sl_device_init_lfxo_s2.o
 .ARM.attributes
                0x00000780       0x3a ./gecko_sdk_4.2.3/platform/service/device_init/src/sl_device_init_nvic.o
 .ARM.attributes
                0x000007ba       0x3a ./gecko_sdk_4.2.3/platform/service/iostream/src/sl_iostream.o
 .ARM.attributes
                0x000007f4       0x3a ./gecko_sdk_4.2.3/platform/service/iostream/src/sl_iostream_eusart.o
 .ARM.attributes
                0x0000082e       0x3a ./gecko_sdk_4.2.3/platform/service/iostream/src/sl_iostream_retarget_stdio.o
 .ARM.attributes
                0x00000868       0x3a ./gecko_sdk_4.2.3/platform/service/iostream/src/sl_iostream_stdlib_config.o
 .ARM.attributes
                0x000008a2       0x3a ./gecko_sdk_4.2.3/platform/service/iostream/src/sl_iostream_uart.o
 .ARM.attributes
                0x000008dc       0x3a ./gecko_sdk_4.2.3/platform/service/sleeptimer/src/sl_sleeptimer.o
 .ARM.attributes
                0x00000916       0x3a ./gecko_sdk_4.2.3/platform/service/sleeptimer/src/sl_sleeptimer_hal_rtcc.o
 .ARM.attributes
                0x00000950       0x3a ./gecko_sdk_4.2.3/platform/service/system/src/sl_system_init.o
 .ARM.attributes
                0x0000098a       0x3a ./gecko_sdk_4.2.3/platform/service/system/src/sl_system_process_action.o
 .ARM.attributes
                0x000009c4       0x3a ./gecko_sdk_4.2.3/platform/service/udelay/src/sl_udelay.o
 .ARM.attributes
                0x000009fe       0x26 ./gecko_sdk_4.2.3/platform/service/udelay/src/sl_udelay_armv6m_gcc.o
 .ARM.attributes
                0x00000a24       0x22 c:/siliconlabs/simplicitystudio/v5/developer/toolchains/gnu_arm/10.3_2021.10/bin/../lib/gcc/arm-none-eabi/10.3.1/thumb/v8-m.main+fp/hard\libgcc.a(_aeabi_uldivmod.o)
 .ARM.attributes
                0x00000a46       0x38 c:/siliconlabs/simplicitystudio/v5/developer/toolchains/gnu_arm/10.3_2021.10/bin/../lib/gcc/arm-none-eabi/10.3.1/thumb/v8-m.main+fp/hard\libgcc.a(_udivmoddi4.o)
 .ARM.attributes
                0x00000a7e       0x22 c:/siliconlabs/simplicitystudio/v5/developer/toolchains/gnu_arm/10.3_2021.10/bin/../lib/gcc/arm-none-eabi/10.3.1/thumb/v8-m.main+fp/hard\libgcc.a(_dvmd_tls.o)
 .ARM.attributes
                0x00000aa0       0x38 c:/siliconlabs/simplicitystudio/v5/developer/toolchains/gnu_arm/10.3_2021.10/bin/../lib/gcc/arm-none-eabi/10.3.1/../../../../arm-none-eabi/lib/thumb/v8-m.main+fp/hard\libc_nano.a(lib_a-exit.o)
 .ARM.attributes
                0x00000ad8       0x38 c:/siliconlabs/simplicitystudio/v5/developer/toolchains/gnu_arm/10.3_2021.10/bin/../lib/gcc/arm-none-eabi/10.3.1/../../../../arm-none-eabi/lib/thumb/v8-m.main+fp/hard\libc_nano.a(lib_a-impure.o)
 .ARM.attributes
                0x00000b10       0x38 c:/siliconlabs/simplicitystudio/v5/developer/toolchains/gnu_arm/10.3_2021.10/bin/../lib/gcc/arm-none-eabi/10.3.1/../../../../arm-none-eabi/lib/thumb/v8-m.main+fp/hard\libc_nano.a(lib_a-init.o)
 .ARM.attributes
                0x00000b48       0x38 c:/siliconlabs/simplicitystudio/v5/developer/toolchains/gnu_arm/10.3_2021.10/bin/../lib/gcc/arm-none-eabi/10.3.1/../../../../arm-none-eabi/lib/thumb/v8-m.main+fp/hard\libc_nano.a(lib_a-memcpy-stub.o)
 .ARM.attributes
                0x00000b80       0x38 c:/siliconlabs/simplicitystudio/v5/developer/toolchains/gnu_arm/10.3_2021.10/bin/../lib/gcc/arm-none-eabi/10.3.1/../../../../arm-none-eabi/lib/thumb/v8-m.main+fp/hard\libc_nano.a(lib_a-memset.o)
 .ARM.attributes
                0x00000bb8       0x38 c:/siliconlabs/simplicitystudio/v5/developer/toolchains/gnu_arm/10.3_2021.10/bin/../lib/gcc/arm-none-eabi/10.3.1/../../../../arm-none-eabi/lib/thumb/v8-m.main+fp/hard\libc_nano.a(lib_a-printf.o)
 .ARM.attributes
                0x00000bf0       0x38 c:/siliconlabs/simplicitystudio/v5/developer/toolchains/gnu_arm/10.3_2021.10/bin/../lib/gcc/arm-none-eabi/10.3.1/../../../../arm-none-eabi/lib/thumb/v8-m.main+fp/hard\libc_nano.a(lib_a-puts.o)
 .ARM.attributes
                0x00000c28       0x38 c:/siliconlabs/simplicitystudio/v5/developer/toolchains/gnu_arm/10.3_2021.10/bin/../lib/gcc/arm-none-eabi/10.3.1/../../../../arm-none-eabi/lib/thumb/v8-m.main+fp/hard\libc_nano.a(lib_a-setvbuf.o)
 .ARM.attributes
                0x00000c60       0x38 c:/siliconlabs/simplicitystudio/v5/developer/toolchains/gnu_arm/10.3_2021.10/bin/../lib/gcc/arm-none-eabi/10.3.1/../../../../arm-none-eabi/lib/thumb/v8-m.main+fp/hard\libc_nano.a(lib_a-wbuf.o)
 .ARM.attributes
                0x00000c98       0x38 c:/siliconlabs/simplicitystudio/v5/developer/toolchains/gnu_arm/10.3_2021.10/bin/../lib/gcc/arm-none-eabi/10.3.1/../../../../arm-none-eabi/lib/thumb/v8-m.main+fp/hard\libc_nano.a(lib_a-wsetup.o)
 .ARM.attributes
                0x00000cd0       0x38 c:/siliconlabs/simplicitystudio/v5/developer/toolchains/gnu_arm/10.3_2021.10/bin/../lib/gcc/arm-none-eabi/10.3.1/../../../../arm-none-eabi/lib/thumb/v8-m.main+fp/hard\libc_nano.a(lib_a-fflush.o)
 .ARM.attributes
                0x00000d08       0x38 c:/siliconlabs/simplicitystudio/v5/developer/toolchains/gnu_arm/10.3_2021.10/bin/../lib/gcc/arm-none-eabi/10.3.1/../../../../arm-none-eabi/lib/thumb/v8-m.main+fp/hard\libc_nano.a(lib_a-findfp.o)
 .ARM.attributes
                0x00000d40       0x38 c:/siliconlabs/simplicitystudio/v5/developer/toolchains/gnu_arm/10.3_2021.10/bin/../lib/gcc/arm-none-eabi/10.3.1/../../../../arm-none-eabi/lib/thumb/v8-m.main+fp/hard\libc_nano.a(lib_a-fwalk.o)
 .ARM.attributes
                0x00000d78       0x38 c:/siliconlabs/simplicitystudio/v5/developer/toolchains/gnu_arm/10.3_2021.10/bin/../lib/gcc/arm-none-eabi/10.3.1/../../../../arm-none-eabi/lib/thumb/v8-m.main+fp/hard\libc_nano.a(lib_a-lock.o)
 .ARM.attributes
                0x00000db0       0x38 c:/siliconlabs/simplicitystudio/v5/developer/toolchains/gnu_arm/10.3_2021.10/bin/../lib/gcc/arm-none-eabi/10.3.1/../../../../arm-none-eabi/lib/thumb/v8-m.main+fp/hard\libc_nano.a(lib_a-makebuf.o)
 .ARM.attributes
                0x00000de8       0x38 c:/siliconlabs/simplicitystudio/v5/developer/toolchains/gnu_arm/10.3_2021.10/bin/../lib/gcc/arm-none-eabi/10.3.1/../../../../arm-none-eabi/lib/thumb/v8-m.main+fp/hard\libc_nano.a(lib_a-malloc.o)
 .ARM.attributes
                0x00000e20       0x38 c:/siliconlabs/simplicitystudio/v5/developer/toolchains/gnu_arm/10.3_2021.10/bin/../lib/gcc/arm-none-eabi/10.3.1/../../../../arm-none-eabi/lib/thumb/v8-m.main+fp/hard\libc_nano.a(lib_a-nano-freer.o)
 .ARM.attributes
                0x00000e58       0x38 c:/siliconlabs/simplicitystudio/v5/developer/toolchains/gnu_arm/10.3_2021.10/bin/../lib/gcc/arm-none-eabi/10.3.1/../../../../arm-none-eabi/lib/thumb/v8-m.main+fp/hard\libc_nano.a(lib_a-nano-mallocr.o)
 .ARM.attributes
                0x00000e90       0x38 c:/siliconlabs/simplicitystudio/v5/developer/toolchains/gnu_arm/10.3_2021.10/bin/../lib/gcc/arm-none-eabi/10.3.1/../../../../arm-none-eabi/lib/thumb/v8-m.main+fp/hard\libc_nano.a(lib_a-nano-vfprintf.o)
 .ARM.attributes
                0x00000ec8       0x38 c:/siliconlabs/simplicitystudio/v5/developer/toolchains/gnu_arm/10.3_2021.10/bin/../lib/gcc/arm-none-eabi/10.3.1/../../../../arm-none-eabi/lib/thumb/v8-m.main+fp/hard\libc_nano.a(lib_a-nano-vfprintf_i.o)
 .ARM.attributes
                0x00000f00       0x38 c:/siliconlabs/simplicitystudio/v5/developer/toolchains/gnu_arm/10.3_2021.10/bin/../lib/gcc/arm-none-eabi/10.3.1/../../../../arm-none-eabi/lib/thumb/v8-m.main+fp/hard\libc_nano.a(lib_a-sbrkr.o)
 .ARM.attributes
                0x00000f38       0x38 c:/siliconlabs/simplicitystudio/v5/developer/toolchains/gnu_arm/10.3_2021.10/bin/../lib/gcc/arm-none-eabi/10.3.1/../../../../arm-none-eabi/lib/thumb/v8-m.main+fp/hard\libc_nano.a(lib_a-stdio.o)
 .ARM.attributes
                0x00000f70       0x38 c:/siliconlabs/simplicitystudio/v5/developer/toolchains/gnu_arm/10.3_2021.10/bin/../lib/gcc/arm-none-eabi/10.3.1/../../../../arm-none-eabi/lib/thumb/v8-m.main+fp/hard\libc_nano.a(lib_a-writer.o)
 .ARM.attributes
                0x00000fa8       0x38 c:/siliconlabs/simplicitystudio/v5/developer/toolchains/gnu_arm/10.3_2021.10/bin/../lib/gcc/arm-none-eabi/10.3.1/../../../../arm-none-eabi/lib/thumb/v8-m.main+fp/hard\libc_nano.a(lib_a-closer.o)
 .ARM.attributes
                0x00000fe0       0x38 c:/siliconlabs/simplicitystudio/v5/developer/toolchains/gnu_arm/10.3_2021.10/bin/../lib/gcc/arm-none-eabi/10.3.1/../../../../arm-none-eabi/lib/thumb/v8-m.main+fp/hard\libc_nano.a(lib_a-fstatr.o)
 .ARM.attributes
                0x00001018       0x38 c:/siliconlabs/simplicitystudio/v5/developer/toolchains/gnu_arm/10.3_2021.10/bin/../lib/gcc/arm-none-eabi/10.3.1/../../../../arm-none-eabi/lib/thumb/v8-m.main+fp/hard\libc_nano.a(lib_a-isattyr.o)
 .ARM.attributes
                0x00001050       0x38 c:/siliconlabs/simplicitystudio/v5/developer/toolchains/gnu_arm/10.3_2021.10/bin/../lib/gcc/arm-none-eabi/10.3.1/../../../../arm-none-eabi/lib/thumb/v8-m.main+fp/hard\libc_nano.a(lib_a-lseekr.o)
 .ARM.attributes
                0x00001088       0x38 c:/siliconlabs/simplicitystudio/v5/developer/toolchains/gnu_arm/10.3_2021.10/bin/../lib/gcc/arm-none-eabi/10.3.1/../../../../arm-none-eabi/lib/thumb/v8-m.main+fp/hard\libc_nano.a(lib_a-memchr-stub.o)
 .ARM.attributes
                0x000010c0       0x38 c:/siliconlabs/simplicitystudio/v5/developer/toolchains/gnu_arm/10.3_2021.10/bin/../lib/gcc/arm-none-eabi/10.3.1/../../../../arm-none-eabi/lib/thumb/v8-m.main+fp/hard\libc_nano.a(lib_a-mlock.o)
 .ARM.attributes
                0x000010f8       0x38 c:/siliconlabs/simplicitystudio/v5/developer/toolchains/gnu_arm/10.3_2021.10/bin/../lib/gcc/arm-none-eabi/10.3.1/../../../../arm-none-eabi/lib/thumb/v8-m.main+fp/hard\libc_nano.a(lib_a-readr.o)
 .ARM.attributes
                0x00001130       0x38 c:/siliconlabs/simplicitystudio/v5/developer/toolchains/gnu_arm/10.3_2021.10/bin/../lib/gcc/arm-none-eabi/10.3.1/../../../../arm-none-eabi/lib/thumb/v8-m.main+fp/hard\libc_nano.a(lib_a-reent.o)
 .ARM.attributes
                0x00001168       0x22 c:/siliconlabs/simplicitystudio/v5/developer/toolchains/gnu_arm/10.3_2021.10/bin/../lib/gcc/arm-none-eabi/10.3.1/thumb/v8-m.main+fp/hard/crtn.o

.comment        0x00000000       0x49
 .comment       0x00000000       0x49 ./app.o
                                 0x4a (size before relaxing)
 .comment       0x00000049       0x4a ./main.o
 .comment       0x00000049       0x4a ./spidrv_slave_baremetal.o
 .comment       0x00000049       0x4a ./autogen/sl_board_default_init.o
 .comment       0x00000049       0x4a ./autogen/sl_device_init_clocks.o
 .comment       0x00000049       0x4a ./autogen/sl_event_handler.o
 .comment       0x00000049       0x4a ./autogen/sl_iostream_init_eusart_instances.o
 .comment       0x00000049       0x4a ./autogen/sl_spidrv_init.o
 .comment       0x00000049       0x4a ./gecko_sdk_4.2.3/hardware/board/src/sl_board_control_gpio.o
 .comment       0x00000049       0x4a ./gecko_sdk_4.2.3/hardware/board/src/sl_board_init.o
 .comment       0x00000049       0x4a ./gecko_sdk_4.2.3/hardware/driver/configuration_over_swo/src/sl_cos.o
 .comment       0x00000049       0x4a ./gecko_sdk_4.2.3/hardware/driver/mx25_flash_shutdown/src/sl_mx25_flash_shutdown_usart/sl_mx25_flash_shutdown.o
 .comment       0x00000049       0x4a ./gecko_sdk_4.2.3/platform/Device/SiliconLabs/EFR32MG22/Source/startup_efr32mg22.o
 .comment       0x00000049       0x4a ./gecko_sdk_4.2.3/platform/Device/SiliconLabs/EFR32MG22/Source/system_efr32mg22.o
 .comment       0x00000049       0x4a ./gecko_sdk_4.2.3/platform/common/src/sl_assert.o
 .comment       0x00000049       0x4a ./gecko_sdk_4.2.3/platform/common/toolchain/src/sl_memory.o