Archive member included to satisfy reference by file (symbol)

c:/siliconlabs/simplicitystudio/v5/developer/toolchains/gnu_arm/10.3_2021.10/bin/../lib/gcc/arm-none-eabi/10.3.1/thumb/v8-m.main+fp/hard\libgcc.a(_aeabi_ldivmod.o)
                              ./gecko_sdk_4.2.3/platform/emlib/src/em_eusart.o (__aeabi_ldivmod)
c:/siliconlabs/simplicitystudio/v5/developer/toolchains/gnu_arm/10.3_2021.10/bin/../lib/gcc/arm-none-eabi/10.3.1/thumb/v8-m.main+fp/hard\libgcc.a(_aeabi_uldivmod.o)
                              ./gecko_sdk_4.2.3/platform/emlib/src/em_eusart.o (__aeabi_uldivmod)
c:/siliconlabs/simplicitystudio/v5/developer/toolchains/gnu_arm/10.3_2021.10/bin/../lib/gcc/arm-none-eabi/10.3.1/thumb/v8-m.main+fp/hard\libgcc.a(_udivmoddi4.o)
                              c:/siliconlabs/simplicitystudio/v5/developer/toolchains/gnu_arm/10.3_2021.10/bin/../lib/gcc/arm-none-eabi/10.3.1/thumb/v8-m.main+fp/hard\libgcc.a(_aeabi_ldivmod.o) (__udivmoddi4)
c:/siliconlabs/simplicitystudio/v5/developer/toolchains/gnu_arm/10.3_2021.10/bin/../lib/gcc/arm-none-eabi/10.3.1/thumb/v8-m.main+fp/hard\libgcc.a(_dvmd_tls.o)
                              c:/siliconlabs/simplicitystudio/v5/developer/toolchains/gnu_arm/10.3_2021.10/bin/../lib/gcc/arm-none-eabi/10.3.1/thumb/v8-m.main+fp/hard\libgcc.a(_aeabi_ldivmod.o) (__aeabi_ldiv0)
c:/siliconlabs/simplicitystudio/v5/developer/toolchains/gnu_arm/10.3_2021.10/bin/../lib/gcc/arm-none-eabi/10.3.1/../../../../arm-none-eabi/lib/thumb/v8-m.main+fp/hard\libc_nano.a(lib_a-ctype_.o)
                              ./gecko_sdk_4.2.3/platform/common/src/sl_string.o (_ctype_)
c:/siliconlabs/simplicitystudio/v5/developer/toolchains/gnu_arm/10.3_2021.10/bin/../lib/gcc/arm-none-eabi/10.3.1/../../../../arm-none-eabi/lib/thumb/v8-m.main+fp/hard\libc_nano.a(lib_a-exit.o)
                              c:/siliconlabs/simplicitystudio/v5/developer/toolchains/gnu_arm/10.3_2021.10/bin/../lib/gcc/arm-none-eabi/10.3.1/../../../../arm-none-eabi/lib/thumb/v8-m.main+fp/hard/crt0.o (exit)
c:/siliconlabs/simplicitystudio/v5/developer/toolchains/gnu_arm/10.3_2021.10/bin/../lib/gcc/arm-none-eabi/10.3.1/../../../../arm-none-eabi/lib/thumb/v8-m.main+fp/hard\libc_nano.a(lib_a-impure.o)
                              c:/siliconlabs/simplicitystudio/v5/developer/toolchains/gnu_arm/10.3_2021.10/bin/../lib/gcc/arm-none-eabi/10.3.1/../../../../arm-none-eabi/lib/thumb/v8-m.main+fp/hard\libc_nano.a(lib_a-exit.o) (_global_impure_ptr)
c:/siliconlabs/simplicitystudio/v5/developer/toolchains/gnu_arm/10.3_2021.10/bin/../lib/gcc/arm-none-eabi/10.3.1/../../../../arm-none-eabi/lib/thumb/v8-m.main+fp/hard\libc_nano.a(lib_a-init.o)
                              c:/siliconlabs/simplicitystudio/v5/developer/toolchains/gnu_arm/10.3_2021.10/bin/../lib/gcc/arm-none-eabi/10.3.1/../../../../arm-none-eabi/lib/thumb/v8-m.main+fp/hard/crt0.o (__libc_init_array)
c:/siliconlabs/simplicitystudio/v5/developer/toolchains/gnu_arm/10.3_2021.10/bin/../lib/gcc/arm-none-eabi/10.3.1/../../../../arm-none-eabi/lib/thumb/v8-m.main+fp/hard\libc_nano.a(lib_a-memcpy-stub.o)
                              ./gecko_sdk_4.2.3/platform/service/iostream/src/sl_iostream_uart.o (memcpy)
c:/siliconlabs/simplicitystudio/v5/developer/toolchains/gnu_arm/10.3_2021.10/bin/../lib/gcc/arm-none-eabi/10.3.1/../../../../arm-none-eabi/lib/thumb/v8-m.main+fp/hard\libc_nano.a(lib_a-memset.o)
                              c:/siliconlabs/simplicitystudio/v5/developer/toolchains/gnu_arm/10.3_2021.10/bin/../lib/gcc/arm-none-eabi/10.3.1/../../../../arm-none-eabi/lib/thumb/v8-m.main+fp/hard/crt0.o (memset)
c:/siliconlabs/simplicitystudio/v5/developer/toolchains/gnu_arm/10.3_2021.10/bin/../lib/gcc/arm-none-eabi/10.3.1/../../../../arm-none-eabi/lib/thumb/v8-m.main+fp/hard\libc_nano.a(lib_a-nano-vfprintf_float.o)
                              (_printf_float)
c:/siliconlabs/simplicitystudio/v5/developer/toolchains/gnu_arm/10.3_2021.10/bin/../lib/gcc/arm-none-eabi/10.3.1/../../../../arm-none-eabi/lib/thumb/v8-m.main+fp/hard\libc_nano.a(lib_a-nano-vfprintf_i.o)
                              c:/siliconlabs/simplicitystudio/v5/developer/toolchains/gnu_arm/10.3_2021.10/bin/../lib/gcc/arm-none-eabi/10.3.1/../../../../arm-none-eabi/lib/thumb/v8-m.main+fp/hard\libc_nano.a(lib_a-nano-vfprintf_float.o) (_printf_common)
c:/siliconlabs/simplicitystudio/v5/developer/toolchains/gnu_arm/10.3_2021.10/bin/../lib/gcc/arm-none-eabi/10.3.1/../../../../arm-none-eabi/lib/thumb/v8-m.main+fp/hard\libc_nano.a(lib_a-nano-vfscanf_float.o)
                              (_scanf_float)
c:/siliconlabs/simplicitystudio/v5/developer/toolchains/gnu_arm/10.3_2021.10/bin/../lib/gcc/arm-none-eabi/10.3.1/../../../../arm-none-eabi/lib/thumb/v8-m.main+fp/hard\libc_nano.a(lib_a-printf.o)
                              ./spidrv_slave_baremetal.o (printf)
[...]
Memory Configuration

Name             Origin             Length             Attributes
FLASH            0x00000000         0x0007e000         xr
RAM              0x20000000         0x00008000         xrw
*default*        0x00000000         0xffffffff

Linker script and memory map

LOAD c:/siliconlabs/simplicitystudio/v5/developer/toolchains/gnu_arm/10.3_2021.10/bin/../lib/gcc/arm-none-eabi/10.3.1/thumb/v8-m.main+fp/hard/crti.o
LOAD c:/siliconlabs/simplicitystudio/v5/developer/toolchains/gnu_arm/10.3_2021.10/bin/../lib/gcc/arm-none-eabi/10.3.1/thumb/v8-m.main+fp/hard/crtbegin.o
LOAD c:/siliconlabs/simplicitystudio/v5/developer/toolchains/gnu_arm/10.3_2021.10/bin/../lib/gcc/arm-none-eabi/10.3.1/../../../../arm-none-eabi/lib/thumb/v8-m.main+fp/hard/crt0.o
START GROUP
LOAD ./app.o
LOAD ./main.o
LOAD ./spidrv_slave_baremetal.o
LOAD ./autogen/sl_board_default_init.o
LOAD ./autogen/sl_device_init_clocks.o
LOAD ./autogen/sl_event_handler.o
LOAD ./autogen/sl_iostream_handles.o
LOAD ./autogen/sl_iostream_init_eusart_instances.o
LOAD ./autogen/sl_spidrv_init.o
LOAD ./gecko_sdk_4.2.3/hardware/board/src/sl_board_control_gpio.o
LOAD ./gecko_sdk_4.2.3/hardware/board/src/sl_board_init.o
LOAD ./gecko_sdk_4.2.3/hardware/driver/configuration_over_swo/src/sl_cos.o
LOAD ./gecko_sdk_4.2.3/hardware/driver/mx25_flash_shutdown/src/sl_mx25_flash_shutdown_usart/sl_mx25_flash_shutdown.o
LOAD ./gecko_sdk_4.2.3/platform/Device/SiliconLabs/EFR32MG22/Source/startup_efr32mg22.o
LOAD ./gecko_sdk_4.2.3/platform/Device/SiliconLabs/EFR32MG22/Source/system_efr32mg22.o
LOAD ./gecko_sdk_4.2.3/platform/common/src/sl_assert.o
LOAD ./gecko_sdk_4.2.3/platform/common/src/sl_slist.o
LOAD ./gecko_sdk_4.2.3/platform/common/src/sl_string.o
LOAD ./gecko_sdk_4.2.3/platform/common/toolchain/src/sl_memory.o
LOAD ./gecko_sdk_4.2.3/platform/driver/debug/src/sl_debug_swo.o
LOAD ./gecko_sdk_4.2.3/platform/emdrv/dmadrv/src/dmadrv.o
LOAD ./gecko_sdk_4.2.3/platform/emdrv/spidrv/src/spidrv.o
LOAD ./gecko_sdk_4.2.3/platform/emlib/src/em_burtc.o
LOAD ./gecko_sdk_4.2.3/platform/emlib/src/em_cmu.o
LOAD ./gecko_sdk_4.2.3/platform/emlib/src/em_core.o
LOAD ./gecko_sdk_4.2.3/platform/emlib/src/em_emu.o
LOAD ./gecko_sdk_4.2.3/platform/emlib/src/em_eusart.o
LOAD ./gecko_sdk_4.2.3/platform/emlib/src/em_gpio.o
LOAD ./gecko_sdk_4.2.3/platform/emlib/src/em_ldma.o
LOAD ./gecko_sdk_4.2.3/platform/emlib/src/em_msc.o
LOAD ./gecko_sdk_4.2.3/platform/emlib/src/em_rtcc.o
LOAD ./gecko_sdk_4.2.3/platform/emlib/src/em_system.o
LOAD ./gecko_sdk_4.2.3/platform/emlib/src/em_timer.o
LOAD ./gecko_sdk_4.2.3/platform/emlib/src/em_usart.o
LOAD ./gecko_sdk_4.2.3/platform/service/device_init/src/sl_device_init_dcdc_s2.o
LOAD ./gecko_sdk_4.2.3/platform/service/device_init/src/sl_device_init_emu_s2.o
LOAD ./gecko_sdk_4.2.3/platform/service/device_init/src/sl_device_init_hfxo_s2.o
LOAD ./gecko_sdk_4.2.3/platform/service/device_init/src/sl_device_init_lfxo_s2.o
LOAD ./gecko_sdk_4.2.3/platform/service/device_init/src/sl_device_init_nvic.o
LOAD ./gecko_sdk_4.2.3/platform/service/iostream/src/sl_iostream.o
LOAD ./gecko_sdk_4.2.3/platform/service/iostream/src/sl_iostream_eusart.o
LOAD ./gecko_sdk_4.2.3/platform/service/iostream/src/sl_iostream_retarget_stdio.o
LOAD ./gecko_sdk_4.2.3/platform/service/iostream/src/sl_iostream_stdlib_config.o
LOAD ./gecko_sdk_4.2.3/platform/service/iostream/src/sl_iostream_uart.o
LOAD ./gecko_sdk_4.2.3/platform/service/sleeptimer/src/sl_sleeptimer.o
LOAD ./gecko_sdk_4.2.3/platform/service/sleeptimer/src/sl_sleeptimer_hal_burtc.o
LOAD ./gecko_sdk_4.2.3/platform/service/sleeptimer/src/sl_sleeptimer_hal_prortc.o
LOAD ./gecko_sdk_4.2.3/platform/service/sleeptimer/src/sl_sleeptimer_hal_rtcc.o
LOAD ./gecko_sdk_4.2.3/platform/service/sleeptimer/src/sl_sleeptimer_hal_timer.o
LOAD ./gecko_sdk_4.2.3/platform/service/system/src/sl_system_init.o
LOAD ./gecko_sdk_4.2.3/platform/service/system/src/sl_system_process_action.o
LOAD ./gecko_sdk_4.2.3/platform/service/udelay/src/sl_udelay.o
LOAD ./gecko_sdk_4.2.3/platform/service/udelay/src/sl_udelay_armv6m_gcc.o
LOAD c:/siliconlabs/simplicitystudio/v5/developer/toolchains/gnu_arm/10.3_2021.10/bin/../lib/gcc/arm-none-eabi/10.3.1/thumb/v8-m.main+fp/hard\libgcc.a
LOAD c:/siliconlabs/simplicitystudio/v5/developer/toolchains/gnu_arm/10.3_2021.10/bin/../lib/gcc/arm-none-eabi/10.3.1/../../../../arm-none-eabi/lib/thumb/v8-m.main+fp/hard\libc_nano.a
LOAD c:/siliconlabs/simplicitystudio/v5/developer/toolchains/gnu_arm/10.3_2021.10/bin/../lib/gcc/arm-none-eabi/10.3.1/../../../../arm-none-eabi/lib/thumb/v8-m.main+fp/hard\libm.a
LOAD c:/siliconlabs/simplicitystudio/v5/developer/toolchains/gnu_arm/10.3_2021.10/bin/../lib/gcc/arm-none-eabi/10.3.1/../../../../arm-none-eabi/lib/thumb/v8-m.main+fp/hard\libnosys.a
END GROUP
START GROUP
LOAD c:/siliconlabs/simplicitystudio/v5/developer/toolchains/gnu_arm/10.3_2021.10/bin/../lib/gcc/arm-none-eabi/10.3.1/thumb/v8-m.main+fp/hard\libgcc.a
LOAD c:/siliconlabs/simplicitystudio/v5/developer/toolchains/gnu_arm/10.3_2021.10/bin/../lib/gcc/arm-none-eabi/10.3.1/../../../../arm-none-eabi/lib/thumb/v8-m.main+fp/hard\libc_nano.a
LOAD c:/siliconlabs/simplicitystudio/v5/developer/toolchains/gnu_arm/10.3_2021.10/bin/../lib/gcc/arm-none-eabi/10.3.1/../../../../arm-none-eabi/lib/thumb/v8-m.main+fp/hard\libnosys.a
END GROUP
START GROUP
LOAD c:/siliconlabs/simplicitystudio/v5/developer/toolchains/gnu_arm/10.3_2021.10/bin/../lib/gcc/arm-none-eabi/10.3.1/thumb/v8-m.main+fp/hard\libgcc.a
LOAD c:/siliconlabs/simplicitystudio/v5/developer/toolchains/gnu_arm/10.3_2021.10/bin/../lib/gcc/arm-none-eabi/10.3.1/../../../../arm-none-eabi/lib/thumb/v8-m.main+fp/hard\libg_nano.a
LOAD c:/siliconlabs/simplicitystudio/v5/developer/toolchains/gnu_arm/10.3_2021.10/bin/../lib/gcc/arm-none-eabi/10.3.1/../../../../arm-none-eabi/lib/thumb/v8-m.main+fp/hard\libc_nano.a
END GROUP
START GROUP
LOAD c:/siliconlabs/simplicitystudio/v5/developer/toolchains/gnu_arm/10.3_2021.10/bin/../lib/gcc/arm-none-eabi/10.3.1/thumb/v8-m.main+fp/hard\libgcc.a
LOAD c:/siliconlabs/simplicitystudio/v5/developer/toolchains/gnu_arm/10.3_2021.10/bin/../lib/gcc/arm-none-eabi/10.3.1/../../../../arm-none-eabi/lib/thumb/v8-m.main+fp/hard\libc_nano.a
END GROUP
LOAD c:/siliconlabs/simplicitystudio/v5/developer/toolchains/gnu_arm/10.3_2021.10/bin/../lib/gcc/arm-none-eabi/10.3.1/thumb/v8-m.main+fp/hard/crtend.o
LOAD c:/siliconlabs/simplicitystudio/v5/developer/toolchains/gnu_arm/10.3_2021.10/bin/../lib/gcc/arm-none-eabi/10.3.1/thumb/v8-m.main+fp/hard/crtn.o

.text           0x00000000     0xa164
                0x00000000                linker_vectors_begin = .
 *(.vectors)
 .vectors       0x00000000      0x140 ./gecko_sdk_4.2.3/platform/Device/SiliconLabs/EFR32MG22/Source/startup_efr32mg22.o
                0x00000000                __Vectors
                0x00000140                linker_vectors_end = .
                0x00000140                __Vectors_End = .
                0x00000140                __Vectors_Size = (__Vectors_End - __Vectors)
                0x00000140                linker_code_begin = .
 *(SORT_BY_ALIGNMENT(.text*))
 .text          0x00000140        0x8 ./gecko_sdk_4.2.3/platform/service/udelay/src/sl_udelay_armv6m_gcc.o
                0x00000140                sli_delay_loop
 .text._strtod_l
                0x00000148      0xc04 c:/siliconlabs/simplicitystudio/v5/developer/toolchains/gnu_arm/10.3_2021.10/bin/../lib/gcc/arm-none-eabi/10.3.1/../../../../arm-none-eabi/lib/thumb/v8-m.main+fp/hard\libc_nano.a(lib_a-strtod.o)
                0x00000148                _strtod_l
 *fill*         0x00000d4c        0x4 
 .text._dtoa_r  0x00000d50      0xbd8 c:/siliconlabs/simplicitystudio/v5/developer/toolchains/gnu_arm/10.3_2021.10/bin/../lib/gcc/arm-none-eabi/10.3.1/../../../../arm-none-eabi/lib/thumb/v8-m.main+fp/hard\libc_nano.a(lib_a-dtoa.o)
                0x00000d50                _dtoa_r
 .text.nan      0x00001928       0x10 c:/siliconlabs/simplicitystudio/v5/developer/toolchains/gnu_arm/10.3_2021.10/bin/../lib/gcc/arm-none-eabi/10.3.1/../../../../arm-none-eabi/lib/thumb/v8-m.main+fp/hard\libc_nano.a(lib_a-s_nan.o)
                0x00001928                nan
 .text          0x00001938       0x40 c:/siliconlabs/simplicitystudio/v5/developer/toolchains/gnu_arm/10.3_2021.10/bin/../lib/gcc/arm-none-eabi/10.3.1/thumb/v8-m.main+fp/hard/crtbegin.o
 .text          0x00001978       0x7c c:/siliconlabs/simplicitystudio/v5/developer/toolchains/gnu_arm/10.3_2021.10/bin/../lib/gcc/arm-none-eabi/10.3.1/../../../../arm-none-eabi/lib/thumb/v8-m.main+fp/hard/crt0.o
                0x00001978                _stack_init
                0x00001980                _start
                0x00001980                _mainCRTStartup
 .text.transfer_callback
                0x000019f4       0x10 ./spidrv_slave_baremetal.o
                0x000019f4                transfer_callback
 .text.spidrv_app_init
                0x00001a04        0xc ./spidrv_slave_baremetal.o
                0x00001a04                spidrv_app_init
 .text.spidrv_app_process_action
                0x00001a10       0x50 ./spidrv_slave_baremetal.o
                0x00001a10                spidrv_app_process_action
 .text.sl_device_init_clocks
                0x00001a60       0x9c ./autogen/sl_device_init_clocks.o
                0x00001a60                sl_device_init_clocks
 .text.sl_platform_init
                0x00001afc       0x60 ./autogen/sl_event_handler.o
                0x00001afc                sl_platform_init
 .text.sl_iostream_eusart_init_vcom
                0x00001b5c       0xac ./autogen/sl_iostream_init_eusart_instances.o
                0x00001b5c                sl_iostream_eusart_init_vcom
 .text.EUART0_RX_IRQHandler
                0x00001c08        0xc ./autogen/sl_iostream_init_eusart_instances.o
                0x00001c08                EUART0_RX_IRQHandler
 .text.sl_spidrv_init_instances
                0x00001c14       0x14 ./autogen/sl_spidrv_init.o
                0x00001c14                sl_spidrv_init_instances
 .text.cs_high  0x00001c28        0xc ./gecko_sdk_4.2.3/hardware/driver/mx25_flash_shutdown/src/sl_mx25_flash_shutdown_usart/sl_mx25_flash_shutdown.o
 .text.cs_low   0x00001c34        0xc ./gecko_sdk_4.2.3/hardware/driver/mx25_flash_shutdown/src/sl_mx25_flash_shutdown_usart/sl_mx25_flash_shutdown.o
 .text.sl_mx25_flash_shutdown
                0x00001c40      0x114 ./gecko_sdk_4.2.3/hardware/driver/mx25_flash_shutdown/src/sl_mx25_flash_shutdown_usart/sl_mx25_flash_shutdown.o
                0x00001c40                sl_mx25_flash_shutdown
 .text.Reset_Handler
                0x00001d54       0x60 ./gecko_sdk_4.2.3/platform/Device/SiliconLabs/EFR32MG22/Source/startup_efr32mg22.o
                0x00001d54                Reset_Handler
 .text.SystemInit
                0x00001db4       0x64 ./gecko_sdk_4.2.3/platform/Device/SiliconLabs/EFR32MG22/Source/system_efr32mg22.o
                0x00001db4                SystemInit
 .text.SystemHFRCODPLLClockGet
                0x00001e18        0xc ./gecko_sdk_4.2.3/platform/Device/SiliconLabs/EFR32MG22/Source/system_efr32mg22.o
                0x00001e18                SystemHFRCODPLLClockGet
 .text.SystemSYSCLKGet
                0x00001e24       0x34 ./gecko_sdk_4.2.3/platform/Device/SiliconLabs/EFR32MG22/Source/system_efr32mg22.o
                0x00001e24                SystemSYSCLKGet
 .text.SystemHCLKGet
                0x00001e58       0x24 ./gecko_sdk_4.2.3/platform/Device/SiliconLabs/EFR32MG22/Source/system_efr32mg22.o
                0x00001e58                SystemHCLKGet
 .text.SystemMaxCoreClockGet
                0x00001e7c        0x8 ./gecko_sdk_4.2.3/platform/Device/SiliconLabs/EFR32MG22/Source/system_efr32mg22.o
                0x00001e7c                SystemMaxCoreClockGet
 .text.SystemHFXOClockGet
                0x00001e84        0xc ./gecko_sdk_4.2.3/platform/Device/SiliconLabs/EFR32MG22/Source/system_efr32mg22.o
                0x00001e84                SystemHFXOClockGet
 .text.SystemHFXOClockSet
                0x00001e90       0x20 ./gecko_sdk_4.2.3/platform/Device/SiliconLabs/EFR32MG22/Source/system_efr32mg22.o
                0x00001e90                SystemHFXOClockSet
 .text.SystemFSRCOClockGet
                0x00001eb0        0x8 ./gecko_sdk_4.2.3/platform/Device/SiliconLabs/EFR32MG22/Source/system_efr32mg22.o
                0x00001eb0                SystemFSRCOClockGet
 .text.SystemLFXOClockGet
                0x00001eb8        0xc ./gecko_sdk_4.2.3/platform/Device/SiliconLabs/EFR32MG22/Source/system_efr32mg22.o
                0x00001eb8                SystemLFXOClockGet
 .text._sbrk    0x00001ec4       0x20 ./gecko_sdk_4.2.3/platform/common/toolchain/src/sl_memory.o
                0x00001ec4                _sbrk
 .text.sl_debug_swo_init
                0x00001ee4       0xc0 ./gecko_sdk_4.2.3/platform/driver/debug/src/sl_debug_swo.o
                0x00001ee4                sl_debug_swo_init
 .text.StartTransfer
                0x00001fa4      0x17c ./gecko_sdk_4.2.3/platform/emdrv/dmadrv/src/dmadrv.o
 .text.DMADRV_AllocateChannel
                0x00002120       0x60 ./gecko_sdk_4.2.3/platform/emdrv/dmadrv/src/dmadrv.o
                0x00002120                DMADRV_AllocateChannel
 .text.DMADRV_DeInit
                0x00002180       0x44 ./gecko_sdk_4.2.3/platform/emdrv/dmadrv/src/dmadrv.o
                0x00002180                DMADRV_DeInit
 .text.DMADRV_FreeChannel
                0x000021c4       0x4c ./gecko_sdk_4.2.3/platform/emdrv/dmadrv/src/dmadrv.o
                0x000021c4                DMADRV_FreeChannel
 .text.DMADRV_Init
                0x00002210       0x68 ./gecko_sdk_4.2.3/platform/emdrv/dmadrv/src/dmadrv.o
                0x00002210                DMADRV_Init
 .text.DMADRV_PauseTransfer
                0x00002278       0x40 ./gecko_sdk_4.2.3/platform/emdrv/dmadrv/src/dmadrv.o
                0x00002278                DMADRV_PauseTransfer
 .text.DMADRV_ResumeTransfer
                0x000022b8       0x40 ./gecko_sdk_4.2.3/platform/emdrv/dmadrv/src/dmadrv.o
                0x000022b8                DMADRV_ResumeTransfer
 .text.DMADRV_StopTransfer
                0x000022f8       0x40 ./gecko_sdk_4.2.3/platform/emdrv/dmadrv/src/dmadrv.o
                0x000022f8                DMADRV_StopTransfer
 .text.DMADRV_TransferActive
                0x00002338       0x50 ./gecko_sdk_4.2.3/platform/emdrv/dmadrv/src/dmadrv.o
                0x00002338                DMADRV_TransferActive
 .text.DMADRV_TransferCompletePending
                0x00002388       0x50 ./gecko_sdk_4.2.3/platform/emdrv/dmadrv/src/dmadrv.o
                0x00002388                DMADRV_TransferCompletePending
 .text.DMADRV_TransferDone
                0x000023d8       0x44 ./gecko_sdk_4.2.3/platform/emdrv/dmadrv/src/dmadrv.o
                0x000023d8                DMADRV_TransferDone
 .text.DMADRV_TransferRemainingCount
                0x0000241c       0x44 ./gecko_sdk_4.2.3/platform/emdrv/dmadrv/src/dmadrv.o
                0x0000241c                DMADRV_TransferRemainingCount
 .text.LDMA_IRQHandler
                0x00002460       0x74 ./gecko_sdk_4.2.3/platform/emdrv/dmadrv/src/dmadrv.o
                0x00002460                LDMA_IRQHandler
 .text.RxDMAComplete
                0x000024d4       0x50 ./gecko_sdk_4.2.3/platform/emdrv/spidrv/src/spidrv.o
 .text.WaitForIdleLine
                0x00002524       0x70 ./gecko_sdk_4.2.3/platform/emdrv/spidrv/src/spidrv.o
 .text.SlaveTimeout
                0x00002594       0x6c ./gecko_sdk_4.2.3/platform/emdrv/spidrv/src/spidrv.o
 .text.TransferApiPrologue
                0x00002600       0x48 ./gecko_sdk_4.2.3/platform/emdrv/spidrv/src/spidrv.o
 .text.StartReceiveDMA
                0x00002648       0x88 ./gecko_sdk_4.2.3/platform/emdrv/spidrv/src/spidrv.o
 .text.sl_sleeptimer_start_timer_ms.constprop.0.isra.0
                0x000026d0       0x2c ./gecko_sdk_4.2.3/platform/emdrv/spidrv/src/spidrv.o
 .text.SPIDRV_Init
                0x000026fc      0x25c ./gecko_sdk_4.2.3/platform/emdrv/spidrv/src/spidrv.o
                0x000026fc                SPIDRV_Init
 .text.SPIDRV_SReceive
                0x00002958       0x60 ./gecko_sdk_4.2.3/platform/emdrv/spidrv/src/spidrv.o
                0x00002958                SPIDRV_SReceive
 .text.EMU_VScaleGet
                0x000029b8       0x18 ./gecko_sdk_4.2.3/platform/emlib/src/em_cmu.o
 .text.em01GrpaClkGet
                0x000029d0       0x54 ./gecko_sdk_4.2.3/platform/emlib/src/em_cmu.o
 .text.iadcClkGet
                0x00002a24       0x54 ./gecko_sdk_4.2.3/platform/emlib/src/em_cmu.o
 .text.em01GrpbClkGet
                0x00002a78       0x70 ./gecko_sdk_4.2.3/platform/emlib/src/em_cmu.o
 .text.em23GrpaClkGet
                0x00002ae8       0x54 ./gecko_sdk_4.2.3/platform/emlib/src/em_cmu.o
 .text.wdog0ClkGet
                0x00002b3c       0x60 ./gecko_sdk_4.2.3/platform/emlib/src/em_cmu.o
 .text.rtccClkGet
                0x00002b9c       0x54 ./gecko_sdk_4.2.3/platform/emlib/src/em_cmu.o
 .text.em4GrpaClkGet
                0x00002bf0       0x54 ./gecko_sdk_4.2.3/platform/emlib/src/em_cmu.o
 .text.euart0ClkGet
                0x00002c44       0x48 ./gecko_sdk_4.2.3/platform/emlib/src/em_cmu.o
 .text.CMU_ClockDivGet
                0x00002c8c       0x84 ./gecko_sdk_4.2.3/platform/emlib/src/em_cmu.o
                0x00002c8c                CMU_ClockDivGet
 .text.flashWaitStateControl
                0x00002d10       0x4c ./gecko_sdk_4.2.3/platform/emlib/src/em_cmu.o
 .text.CMU_ClockEnable
                0x00002d5c       0x54 ./gecko_sdk_4.2.3/platform/emlib/src/em_cmu.o
                0x00002d5c                CMU_ClockEnable
 .text.CMU_ClockFreqGet
                0x00002db0      0x194 ./gecko_sdk_4.2.3/platform/emlib/src/em_cmu.o
                0x00002db0                CMU_ClockFreqGet
 .text.rhclkPrescOptimize
                0x00002f44       0x20 ./gecko_sdk_4.2.3/platform/emlib/src/em_cmu.o
 .text.CMU_ClockSelectGet
                0x00002f64      0x168 ./gecko_sdk_4.2.3/platform/emlib/src/em_cmu.o
                0x00002f64                CMU_ClockSelectGet
 .text.sli_em_cmu_HFXOSetForceEnable
                0x000030cc       0x18 ./gecko_sdk_4.2.3/platform/emlib/src/em_cmu.o
                0x000030cc                sli_em_cmu_HFXOSetForceEnable
 .text.CMU_HFXOInit
                0x000030e4      0x1e4 ./gecko_sdk_4.2.3/platform/emlib/src/em_cmu.o
                0x000030e4                CMU_HFXOInit
 .text.CMU_HFXOCTuneDeltaGet
                0x000032c8        0xc ./gecko_sdk_4.2.3/platform/emlib/src/em_cmu.o
                0x000032c8                CMU_HFXOCTuneDeltaGet
 .text.CMU_LFXOInit
                0x000032d4       0xc4 ./gecko_sdk_4.2.3/platform/emlib/src/em_cmu.o
                0x000032d4                CMU_LFXOInit
 .text.CMU_LFXOPrecisionSet
                0x00003398        0xc ./gecko_sdk_4.2.3/platform/emlib/src/em_cmu.o
                0x00003398                CMU_LFXOPrecisionSet
 .text.CMU_ClockDivSet
                0x000033a4      0x104 ./gecko_sdk_4.2.3/platform/emlib/src/em_cmu.o
                0x000033a4                CMU_ClockDivSet
 .text.sli_em_cmu_SYSCLKInitPreClockSelect
                0x000034a8       0x20 ./gecko_sdk_4.2.3/platform/emlib/src/em_cmu.o
                0x000034a8                sli_em_cmu_SYSCLKInitPreClockSelect
 .text.pclkDivOptimize
                0x000034c8       0x24 ./gecko_sdk_4.2.3/platform/emlib/src/em_cmu.o
 .text.EMU_EM4Init
                0x000034ec       0x14 ./gecko_sdk_4.2.3/platform/emlib/src/em_emu.o
                0x000034ec                EMU_EM4Init
 .text.EMU_VScaleEM01
                0x00003500       0xb0 ./gecko_sdk_4.2.3/platform/emlib/src/em_emu.o
                0x00003500                EMU_VScaleEM01
 .text.EMU_VScaleEM01ByClock
                0x000035b0       0x30 ./gecko_sdk_4.2.3/platform/emlib/src/em_emu.o
                0x000035b0                EMU_VScaleEM01ByClock
 .text.EMU_DCDCModeSet
                0x000035e0       0x78 ./gecko_sdk_4.2.3/platform/emlib/src/em_emu.o
                0x000035e0                EMU_DCDCModeSet
 .text.EMU_DCDCInit
                0x00003658       0x7c ./gecko_sdk_4.2.3/platform/emlib/src/em_emu.o
                0x00003658                EMU_DCDCInit
 .text.EUSART_Reset
                0x000036d4       0x34 ./gecko_sdk_4.2.3/platform/emlib/src/em_eusart.o
                0x000036d4                EUSART_Reset
 .text.EUSART_Enable
                0x00003708       0x60 ./gecko_sdk_4.2.3/platform/emlib/src/em_eusart.o
                0x00003708                EUSART_Enable
 .text.EUSART_BaudrateSet
                0x00003768      0x120 ./gecko_sdk_4.2.3/platform/emlib/src/em_eusart.o
                0x00003768                EUSART_BaudrateSet
 .text.EUSART_AsyncInitCommon.constprop.0
                0x00003888      0x160 ./gecko_sdk_4.2.3/platform/emlib/src/em_eusart.o
 .text.EUSART_UartInitLf
                0x000039e8       0xb4 ./gecko_sdk_4.2.3/platform/emlib/src/em_eusart.o
                0x000039e8                EUSART_UartInitLf
 .text.EUSART_UartInitHf
                0x00003a9c       0x50 ./gecko_sdk_4.2.3/platform/emlib/src/em_eusart.o
                0x00003a9c                EUSART_UartInitHf
 .text.GPIO_PinOutSet
                0x00003aec       0x54 ./gecko_sdk_4.2.3/platform/emlib/src/em_gpio.o
 .text.GPIO_PinOutClear
                0x00003b40       0x54 ./gecko_sdk_4.2.3/platform/emlib/src/em_gpio.o
 .text.GPIO_PinModeSet
                0x00003b94       0xa0 ./gecko_sdk_4.2.3/platform/emlib/src/em_gpio.o
                0x00003b94                GPIO_PinModeSet
 .text.LDMA_DeInit
                0x00003c34       0x3c ./gecko_sdk_4.2.3/platform/emlib/src/em_ldma.o
                0x00003c34                LDMA_DeInit
 .text.LDMA_EnableChannelRequest
                0x00003c70       0x44 ./gecko_sdk_4.2.3/platform/emlib/src/em_ldma.o
                0x00003c70                LDMA_EnableChannelRequest
 .text.LDMA_Init
                0x00003cb4       0x94 ./gecko_sdk_4.2.3/platform/emlib/src/em_ldma.o
                0x00003cb4                LDMA_Init
 .text.LDMA_StartTransfer
                0x00003d48      0x100 ./gecko_sdk_4.2.3/platform/emlib/src/em_ldma.o
                0x00003d48                LDMA_StartTransfer
 .text.LDMA_StopTransfer
                0x00003e48       0x38 ./gecko_sdk_4.2.3/platform/emlib/src/em_ldma.o
                0x00003e48                LDMA_StopTransfer
 .text.LDMA_TransferDone
                0x00003e80       0x44 ./gecko_sdk_4.2.3/platform/emlib/src/em_ldma.o
                0x00003e80                LDMA_TransferDone
 .text.LDMA_TransferRemainingCount
                0x00003ec4       0x50 ./gecko_sdk_4.2.3/platform/emlib/src/em_ldma.o
                0x00003ec4                LDMA_TransferRemainingCount
 .text.RTCC_ChannelInit
                0x00003f14       0x48 ./gecko_sdk_4.2.3/platform/emlib/src/em_rtcc.o
                0x00003f14                RTCC_ChannelInit
 .text.RTCC_Enable
                0x00003f5c       0x44 ./gecko_sdk_4.2.3/platform/emlib/src/em_rtcc.o
                0x00003f5c                RTCC_Enable
 .text.RTCC_Init
                0x00003fa0       0x5c ./gecko_sdk_4.2.3/platform/emlib/src/em_rtcc.o
                0x00003fa0                RTCC_Init
 .text.USART_BaudrateSyncSet
                0x00003ffc       0x48 ./gecko_sdk_4.2.3/platform/emlib/src/em_usart.o
                0x00003ffc                USART_BaudrateSyncSet
 .text.USART_Reset
                0x00004044       0x78 ./gecko_sdk_4.2.3/platform/emlib/src/em_usart.o
                0x00004044                USART_Reset
 .text.USART_InitSync
                0x000040bc       0xdc ./gecko_sdk_4.2.3/platform/emlib/src/em_usart.o
                0x000040bc                USART_InitSync
 .text.sl_device_init_dcdc
                0x00004198       0x20 ./gecko_sdk_4.2.3/platform/service/device_init/src/sl_device_init_dcdc_s2.o
                0x00004198                sl_device_init_dcdc
 .text.sl_device_init_emu
                0x000041b8       0x24 ./gecko_sdk_4.2.3/platform/service/device_init/src/sl_device_init_emu_s2.o
                0x000041b8                sl_device_init_emu
 .text.sl_device_init_hfxo
                0x000041dc       0x6c ./gecko_sdk_4.2.3/platform/service/device_init/src/sl_device_init_hfxo_s2.o
                0x000041dc                sl_device_init_hfxo
 .text.sl_device_init_lfxo
                0x00004248       0x2c ./gecko_sdk_4.2.3/platform/service/device_init/src/sl_device_init_lfxo_s2.o
                0x00004248                sl_device_init_lfxo
 .text.sl_device_init_nvic
                0x00004274       0x3c ./gecko_sdk_4.2.3/platform/service/device_init/src/sl_device_init_nvic.o
                0x00004274                sl_device_init_nvic
 .text.sl_iostream_set_default
                0x000042b0       0x18 ./gecko_sdk_4.2.3/platform/service/iostream/src/sl_iostream.o
                0x000042b0                sl_iostream_set_default
 .text.sl_iostream_get_default
                0x000042c8       0x18 ./gecko_sdk_4.2.3/platform/service/iostream/src/sl_iostream.o
                0x000042c8                sl_iostream_get_default
 .text.sl_iostream_eusart_init
                0x000042e0      0x1e8 ./gecko_sdk_4.2.3/platform/service/iostream/src/sl_iostream_eusart.o
                0x000042e0                sl_iostream_eusart_init
 .text._write   0x000044c8       0x1c ./gecko_sdk_4.2.3/platform/service/iostream/src/sl_iostream_retarget_stdio.o
                0x000044c8                _write
 .text.sl_iostream_stdlib_disable_buffering
                0x000044e4       0x14 ./gecko_sdk_4.2.3/platform/service/iostream/src/sl_iostream_stdlib_config.o
                0x000044e4                sl_iostream_stdlib_disable_buffering
 .text.get_write_ptr
                0x000044f8       0x40 ./gecko_sdk_4.2.3/platform/service/iostream/src/sl_iostream_uart.o
 .text.dma_irq_handler
                0x00004538       0x74 ./gecko_sdk_4.2.3/platform/service/iostream/src/sl_iostream_uart.o
 .text.uart_read
                0x000045ac      0x1f0 ./gecko_sdk_4.2.3/platform/service/iostream/src/sl_iostream_uart.o
 .text.uart_deinit
                0x0000479c       0x98 ./gecko_sdk_4.2.3/platform/service/iostream/src/sl_iostream_uart.o
 .text.uart_write
                0x00004834       0xc0 ./gecko_sdk_4.2.3/platform/service/iostream/src/sl_iostream_uart.o
 .text.sli_iostream_uart_context_init
                0x000048f4       0xf8 ./gecko_sdk_4.2.3/platform/service/iostream/src/sl_iostream_uart.o
                0x000048f4                sli_iostream_uart_context_init
 .text.delta_list_insert_timer
                0x000049ec       0x44 ./gecko_sdk_4.2.3/platform/service/sleeptimer/src/sl_sleeptimer.o
 .text.update_delta_list
                0x00004a30       0x38 ./gecko_sdk_4.2.3/platform/service/sleeptimer/src/sl_sleeptimer.o
 .text.set_comparator_for_next_timer
                0x00004a68       0x5c ./gecko_sdk_4.2.3/platform/service/sleeptimer/src/sl_sleeptimer.o
 .text.create_timer
                0x00004ac4       0x70 ./gecko_sdk_4.2.3/platform/service/sleeptimer/src/sl_sleeptimer.o
 .text.delta_list_remove_timer
                0x00004b34       0x38 ./gecko_sdk_4.2.3/platform/service/sleeptimer/src/sl_sleeptimer.o
 .text.sl_sleeptimer_init
                0x00004b6c       0x74 ./gecko_sdk_4.2.3/platform/service/sleeptimer/src/sl_sleeptimer.o
                0x00004b6c                sl_sleeptimer_init
 .text.sl_sleeptimer_stop_timer
                0x00004be0       0x50 ./gecko_sdk_4.2.3/platform/service/sleeptimer/src/sl_sleeptimer.o
                0x00004be0                sl_sleeptimer_stop_timer
 .text.sl_sleeptimer_is_timer_running
                0x00004c30       0x38 ./gecko_sdk_4.2.3/platform/service/sleeptimer/src/sl_sleeptimer.o
                0x00004c30                sl_sleeptimer_is_timer_running
 .text.sl_sleeptimer_ms32_to_tick
                0x00004c68       0x3c ./gecko_sdk_4.2.3/platform/service/sleeptimer/src/sl_sleeptimer.o
                0x00004c68                sl_sleeptimer_ms32_to_tick
 .text.process_timer_irq
                0x00004ca4      0x158 ./gecko_sdk_4.2.3/platform/service/sleeptimer/src/sl_sleeptimer.o
                0x00004ca4                process_timer_irq
 .text.sleeptimer_hal_init_timer
                0x00004dfc       0x88 ./gecko_sdk_4.2.3/platform/service/sleeptimer/src/sl_sleeptimer_hal_rtcc.o
                0x00004dfc                sleeptimer_hal_init_timer
 .text.sleeptimer_hal_set_compare
                0x00004e84       0x64 ./gecko_sdk_4.2.3/platform/service/sleeptimer/src/sl_sleeptimer_hal_rtcc.o
                0x00004e84                sleeptimer_hal_set_compare
 .text.sleeptimer_hal_disable_int
                0x00004ee8       0x30 ./gecko_sdk_4.2.3/platform/service/sleeptimer/src/sl_sleeptimer_hal_rtcc.o
                0x00004ee8                sleeptimer_hal_disable_int
 .text.sleeptimer_hal_set_int
                0x00004f18       0x10 ./gecko_sdk_4.2.3/platform/service/sleeptimer/src/sl_sleeptimer_hal_rtcc.o
                0x00004f18                sleeptimer_hal_set_int
 .text.RTCC_IRQHandler
                0x00004f28       0x34 ./gecko_sdk_4.2.3/platform/service/sleeptimer/src/sl_sleeptimer_hal_rtcc.o
                0x00004f28                RTCC_IRQHandler
 .text.sl_udelay_wait
                0x00004f5c       0x58 ./gecko_sdk_4.2.3/platform/service/udelay/src/sl_udelay.o
                0x00004f5c                sl_udelay_wait
 .text          0x00004fb4       0x30 c:/siliconlabs/simplicitystudio/v5/developer/toolchains/gnu_arm/10.3_2021.10/bin/../lib/gcc/arm-none-eabi/10.3.1/thumb/v8-m.main+fp/hard\libgcc.a(_aeabi_uldivmod.o)
                0x00004fb4                __aeabi_uldivmod
 .text          0x00004fe4      0x2ec c:/siliconlabs/simplicitystudio/v5/developer/toolchains/gnu_arm/10.3_2021.10/bin/../lib/gcc/arm-none-eabi/10.3.1/thumb/v8-m.main+fp/hard\libgcc.a(_udivmoddi4.o)
                0x00004fe4                __udivmoddi4
 .text          0x000052d0        0x4 c:/siliconlabs/simplicitystudio/v5/developer/toolchains/gnu_arm/10.3_2021.10/bin/../lib/gcc/arm-none-eabi/10.3.1/thumb/v8-m.main+fp/hard\libgcc.a(_dvmd_tls.o)
                0x000052d0                __aeabi_idiv0
                0x000052d0                __aeabi_ldiv0
 .text.exit     0x000052d4       0x28 c:/siliconlabs/simplicitystudio/v5/developer/toolchains/gnu_arm/10.3_2021.10/bin/../lib/gcc/arm-none-eabi/10.3.1/../../../../arm-none-eabi/lib/thumb/v8-m.main+fp/hard\libc_nano.a(lib_a-exit.o)
                0x000052d4                exit
 .text.__libc_init_array
                0x000052fc       0x48 c:/siliconlabs/simplicitystudio/v5/developer/toolchains/gnu_arm/10.3_2021.10/bin/../lib/gcc/arm-none-eabi/10.3.1/../../../../arm-none-eabi/lib/thumb/v8-m.main+fp/hard\libc_nano.a(lib_a-init.o)
                0x000052fc                __libc_init_array
 .text._printf_float
                0x00005344      0x46c c:/siliconlabs/simplicitystudio/v5/developer/toolchains/gnu_arm/10.3_2021.10/bin/../lib/gcc/arm-none-eabi/10.3.1/../../../../arm-none-eabi/lib/thumb/v8-m.main+fp/hard\libc_nano.a(lib_a-nano-vfprintf_float.o)
                0x00005344                _printf_float
 .text._printf_i
                0x000057b0      0x24c c:/siliconlabs/simplicitystudio/v5/developer/toolchains/gnu_arm/10.3_2021.10/bin/../lib/gcc/arm-none-eabi/10.3.1/../../../../arm-none-eabi/lib/thumb/v8-m.main+fp/hard\libc_nano.a(lib_a-nano-vfprintf_i.o)
                0x000057b0                _printf_i
 .text._scanf_float
                0x000059fc      0x424 c:/siliconlabs/simplicitystudio/v5/developer/toolchains/gnu_arm/10.3_2021.10/bin/../lib/gcc/arm-none-eabi/10.3.1/../../../../arm-none-eabi/lib/thumb/v8-m.main+fp/hard\libc_nano.a(lib_a-nano-vfscanf_float.o)
                0x000059fc                _scanf_float
 .text.printf   0x00005e20       0x30 c:/siliconlabs/simplicitystudio/v5/developer/toolchains/gnu_arm/10.3_2021.10/bin/../lib/gcc/arm-none-eabi/10.3.1/../../../../arm-none-eabi/lib/thumb/v8-m.main+fp/hard\libc_nano.a(lib_a-printf.o)
                0x00005e20                iprintf
                0x00005e20                printf
 .text._puts_r  0x00005e50       0xdc c:/siliconlabs/simplicitystudio/v5/developer/toolchains/gnu_arm/10.3_2021.10/bin/../lib/gcc/arm-none-eabi/10.3.1/../../../../arm-none-eabi/lib/thumb/v8-m.main+fp/hard\libc_nano.a(lib_a-puts.o)
                0x00005e50                _puts_r
 .text.puts     0x00005f2c       0x10 c:/siliconlabs/simplicitystudio/v5/developer/toolchains/gnu_arm/10.3_2021.10/bin/../lib/gcc/arm-none-eabi/10.3.1/../../../../arm-none-eabi/lib/thumb/v8-m.main+fp/hard\libc_nano.a(lib_a-puts.o)
                0x00005f2c                puts
 .text.setvbuf  0x00005f3c      0x188 c:/siliconlabs/simplicitystudio/v5/developer/toolchains/gnu_arm/10.3_2021.10/bin/../lib/gcc/arm-none-eabi/10.3.1/../../../../arm-none-eabi/lib/thumb/v8-m.main+fp/hard\libc_nano.a(lib_a-setvbuf.o)
                0x00005f3c                setvbuf
 .text.nanf     0x000060c4        0xc c:/siliconlabs/simplicitystudio/v5/developer/toolchains/gnu_arm/10.3_2021.10/bin/../lib/gcc/arm-none-eabi/10.3.1/../../../../arm-none-eabi/lib/thumb/v8-m.main+fp/hard\libc_nano.a(lib_a-sf_nan.o)
                0x000060c4                nanf
 .text.sprintf  0x000060d0       0x40 c:/siliconlabs/simplicitystudio/v5/developer/toolchains/gnu_arm/10.3_2021.10/bin/../lib/gcc/arm-none-eabi/10.3.1/../../../../arm-none-eabi/lib/thumb/v8-m.main+fp/hard\libc_nano.a(lib_a-sprintf.o)
                0x000060d0                siprintf
                0x000060d0                sprintf
 .text._strtod_r
                0x00006110        0xc c:/siliconlabs/simplicitystudio/v5/developer/toolchains/gnu_arm/10.3_2021.10/bin/../lib/gcc/arm-none-eabi/10.3.1/../../../../arm-none-eabi/lib/thumb/v8-m.main+fp/hard\libc_nano.a(lib_a-strtod.o)
                0x00006110                _strtod_r
 .text._strtol_l.constprop.0
                0x0000611c      0x104 c:/siliconlabs/simplicitystudio/v5/developer/toolchains/gnu_arm/10.3_2021.10/bin/../lib/gcc/arm-none-eabi/10.3.1/../../../../arm-none-eabi/lib/thumb/v8-m.main+fp/hard\libc_nano.a(lib_a-strtol.o)
 .text.__swbuf_r
                0x00006220       0xa4 c:/siliconlabs/simplicitystudio/v5/developer/toolchains/gnu_arm/10.3_2021.10/bin/../lib/gcc/arm-none-eabi/10.3.1/../../../../arm-none-eabi/lib/thumb/v8-m.main+fp/hard\libc_nano.a(lib_a-wbuf.o)
                0x00006220                __swbuf_r
 .text.__swsetup_r
                0x000062c4       0xdc c:/siliconlabs/simplicitystudio/v5/developer/toolchains/gnu_arm/10.3_2021.10/bin/../lib/gcc/arm-none-eabi/10.3.1/../../../../arm-none-eabi/lib/thumb/v8-m.main+fp/hard\libc_nano.a(lib_a-wsetup.o)
                0x000062c4                __swsetup_r
 .text.__errno  0x000063a0        0xc c:/siliconlabs/simplicitystudio/v5/developer/toolchains/gnu_arm/10.3_2021.10/bin/../lib/gcc/arm-none-eabi/10.3.1/../../../../arm-none-eabi/lib/thumb/v8-m.main+fp/hard\libc_nano.a(lib_a-errno.o)
                0x000063a0                __errno
 .text.__sflush_r
                0x000063ac      0x108 c:/siliconlabs/simplicitystudio/v5/developer/toolchains/gnu_arm/10.3_2021.10/bin/../lib/gcc/arm-none-eabi/10.3.1/../../../../arm-none-eabi/lib/thumb/v8-m.main+fp/hard\libc_nano.a(lib_a-fflush.o)
                0x000063ac                __sflush_r
 .text._fflush_r
                0x000064b4       0x78 c:/siliconlabs/simplicitystudio/v5/developer/toolchains/gnu_arm/10.3_2021.10/bin/../lib/gcc/arm-none-eabi/10.3.1/../../../../arm-none-eabi/lib/thumb/v8-m.main+fp/hard\libc_nano.a(lib_a-fflush.o)
                0x000064b4                _fflush_r
 .text.std      0x0000652c       0x48 c:/siliconlabs/simplicitystudio/v5/developer/toolchains/gnu_arm/10.3_2021.10/bin/../lib/gcc/arm-none-eabi/10.3.1/../../../../arm-none-eabi/lib/thumb/v8-m.main+fp/hard\libc_nano.a(lib_a-findfp.o)
 .text._cleanup_r
                0x00006574        0xc c:/siliconlabs/simplicitystudio/v5/developer/toolchains/gnu_arm/10.3_2021.10/bin/../lib/gcc/arm-none-eabi/10.3.1/../../../../arm-none-eabi/lib/thumb/v8-m.main+fp/hard\libc_nano.a(lib_a-findfp.o)
                0x00006574                _cleanup_r
 .text.__sfp_lock_acquire
                0x00006580        0xc c:/siliconlabs/simplicitystudio/v5/developer/toolchains/gnu_arm/10.3_2021.10/bin/../lib/gcc/arm-none-eabi/10.3.1/../../../../arm-none-eabi/lib/thumb/v8-m.main+fp/hard\libc_nano.a(lib_a-findfp.o)
                0x00006580                __sfp_lock_acquire
 .text.__sfp_lock_release
                0x0000658c        0xc c:/siliconlabs/simplicitystudio/v5/developer/toolchains/gnu_arm/10.3_2021.10/bin/../lib/gcc/arm-none-eabi/10.3.1/../../../../arm-none-eabi/lib/thumb/v8-m.main+fp/hard\libc_nano.a(lib_a-findfp.o)
                0x0000658c                __sfp_lock_release
 .text.__sinit_lock_acquire
                0x00006598        0xc c:/siliconlabs/simplicitystudio/v5/developer/toolchains/gnu_arm/10.3_2021.10/bin/../lib/gcc/arm-none-eabi/10.3.1/../../../../arm-none-eabi/lib/thumb/v8-m.main+fp/hard\libc_nano.a(lib_a-findfp.o)
                0x00006598                __sinit_lock_acquire
 .text.__sinit_lock_release
                0x000065a4        0xc c:/siliconlabs/simplicitystudio/v5/developer/toolchains/gnu_arm/10.3_2021.10/bin/../lib/gcc/arm-none-eabi/10.3.1/../../../../arm-none-eabi/lib/thumb/v8-m.main+fp/hard\libc_nano.a(lib_a-findfp.o)
                0x000065a4                __sinit_lock_release
 .text.__sinit  0x000065b0       0x70 c:/siliconlabs/simplicitystudio/v5/developer/toolchains/gnu_arm/10.3_2021.10/bin/../lib/gcc/arm-none-eabi/10.3.1/../../../../arm-none-eabi/lib/thumb/v8-m.main+fp/hard\libc_nano.a(lib_a-findfp.o)
                0x000065b0                __sinit
 .text.__sfp    0x00006620       0x8c c:/siliconlabs/simplicitystudio/v5/developer/toolchains/gnu_arm/10.3_2021.10/bin/../lib/gcc/arm-none-eabi/10.3.1/../../../../arm-none-eabi/lib/thumb/v8-m.main+fp/hard\libc_nano.a(lib_a-findfp.o)
                0x00006620                __sfp
 .text.__gethex
                0x000066ac      0x48c c:/siliconlabs/simplicitystudio/v5/developer/toolchains/gnu_arm/10.3_2021.10/bin/../lib/gcc/arm-none-eabi/10.3.1/../../../../arm-none-eabi/lib/thumb/v8-m.main+fp/hard\libc_nano.a(lib_a-gdtoa-gethex.o)
                0x000066ac                __gethex
 .text._localeconv_r
                0x00006b38        0x8 c:/siliconlabs/simplicitystudio/v5/developer/toolchains/gnu_arm/10.3_2021.10/bin/../lib/gcc/arm-none-eabi/10.3.1/../../../../arm-none-eabi/lib/thumb/v8-m.main+fp/hard\libc_nano.a(lib_a-localeconv.o)
                0x00006b38                _localeconv_r
 .text.__smakebuf_r
                0x00006b40       0x80 c:/siliconlabs/simplicitystudio/v5/developer/toolchains/gnu_arm/10.3_2021.10/bin/../lib/gcc/arm-none-eabi/10.3.1/../../../../arm-none-eabi/lib/thumb/v8-m.main+fp/hard\libc_nano.a(lib_a-makebuf.o)
                0x00006b40                __smakebuf_r
 .text.malloc   0x00006bc0       0x10 c:/siliconlabs/simplicitystudio/v5/developer/toolchains/gnu_arm/10.3_2021.10/bin/../lib/gcc/arm-none-eabi/10.3.1/../../../../arm-none-eabi/lib/thumb/v8-m.main+fp/hard\libc_nano.a(lib_a-malloc.o)
                0x00006bc0                malloc
 .text._Balloc  0x00006bd0       0x80 c:/siliconlabs/simplicitystudio/v5/developer/toolchains/gnu_arm/10.3_2021.10/bin/../lib/gcc/arm-none-eabi/10.3.1/../../../../arm-none-eabi/lib/thumb/v8-m.main+fp/hard\libc_nano.a(lib_a-mprec.o)
                0x00006bd0                _Balloc
 .text._Bfree   0x00006c50       0x44 c:/siliconlabs/simplicitystudio/v5/developer/toolchains/gnu_arm/10.3_2021.10/bin/../lib/gcc/arm-none-eabi/10.3.1/../../../../arm-none-eabi/lib/thumb/v8-m.main+fp/hard\libc_nano.a(lib_a-mprec.o)
                0x00006c50                _Bfree
 .text.__multadd
                0x00006c94       0x90 c:/siliconlabs/simplicitystudio/v5/developer/toolchains/gnu_arm/10.3_2021.10/bin/../lib/gcc/arm-none-eabi/10.3.1/../../../../arm-none-eabi/lib/thumb/v8-m.main+fp/hard\libc_nano.a(lib_a-mprec.o)
                0x00006c94                __multadd
 .text.__s2b    0x00006d24       0x94 c:/siliconlabs/simplicitystudio/v5/developer/toolchains/gnu_arm/10.3_2021.10/bin/../lib/gcc/arm-none-eabi/10.3.1/../../../../arm-none-eabi/lib/thumb/v8-m.main+fp/hard\libc_nano.a(lib_a-mprec.o)
                0x00006d24                __s2b
 .text.__i2b    0x00006db8       0x2c c:/siliconlabs/simplicitystudio/v5/developer/toolchains/gnu_arm/10.3_2021.10/bin/../lib/gcc/arm-none-eabi/10.3.1/../../../../arm-none-eabi/lib/thumb/v8-m.main+fp/hard\libc_nano.a(lib_a-mprec.o)
                0x00006db8                __i2b
 .text.__multiply
                0x00006de4      0x150 c:/siliconlabs/simplicitystudio/v5/developer/toolchains/gnu_arm/10.3_2021.10/bin/../lib/gcc/arm-none-eabi/10.3.1/../../../../arm-none-eabi/lib/thumb/v8-m.main+fp/hard\libc_nano.a(lib_a-mprec.o)
                0x00006de4                __multiply
 .text.__pow5mult
                0x00006f34       0xb4 c:/siliconlabs/simplicitystudio/v5/developer/toolchains/gnu_arm/10.3_2021.10/bin/../lib/gcc/arm-none-eabi/10.3.1/../../../../arm-none-eabi/lib/thumb/v8-m.main+fp/hard\libc_nano.a(lib_a-mprec.o)
                0x00006f34                __pow5mult
 .text.__lshift
                0x00006fe8       0xe0 c:/siliconlabs/simplicitystudio/v5/developer/toolchains/gnu_arm/10.3_2021.10/bin/../lib/gcc/arm-none-eabi/10.3.1/../../../../arm-none-eabi/lib/thumb/v8-m.main+fp/hard\libc_nano.a(lib_a-mprec.o)
                0x00006fe8                __lshift
 .text.__mdiff  0x000070c8      0x120 c:/siliconlabs/simplicitystudio/v5/developer/toolchains/gnu_arm/10.3_2021.10/bin/../lib/gcc/arm-none-eabi/10.3.1/../../../../arm-none-eabi/lib/thumb/v8-m.main+fp/hard\libc_nano.a(lib_a-mprec.o)
                0x000070c8                __mdiff
 .text.__ulp    0x000071e8       0x54 c:/siliconlabs/simplicitystudio/v5/developer/toolchains/gnu_arm/10.3_2021.10/bin/../lib/gcc/arm-none-eabi/10.3.1/../../../../arm-none-eabi/lib/thumb/v8-m.main+fp/hard\libc_nano.a(lib_a-mprec.o)
                0x000071e8                __ulp
 .text.__b2d    0x0000723c       0xa0 c:/siliconlabs/simplicitystudio/v5/developer/toolchains/gnu_arm/10.3_2021.10/bin/../lib/gcc/arm-none-eabi/10.3.1/../../../../arm-none-eabi/lib/thumb/v8-m.main+fp/hard\libc_nano.a(lib_a-mprec.o)
                0x0000723c                __b2d
 .text.__d2b    0x000072dc       0xb8 c:/siliconlabs/simplicitystudio/v5/developer/toolchains/gnu_arm/10.3_2021.10/bin/../lib/gcc/arm-none-eabi/10.3.1/../../../../arm-none-eabi/lib/thumb/v8-m.main+fp/hard\libc_nano.a(lib_a-mprec.o)
                0x000072dc                __d2b
 .text._free_r  0x00007394       0x98 c:/siliconlabs/simplicitystudio/v5/developer/toolchains/gnu_arm/10.3_2021.10/bin/../lib/gcc/arm-none-eabi/10.3.1/../../../../arm-none-eabi/lib/thumb/v8-m.main+fp/hard\libc_nano.a(lib_a-nano-freer.o)
                0x00007394                _free_r
 .text.sbrk_aligned
                0x0000742c       0x40 c:/siliconlabs/simplicitystudio/v5/developer/toolchains/gnu_arm/10.3_2021.10/bin/../lib/gcc/arm-none-eabi/10.3.1/../../../../arm-none-eabi/lib/thumb/v8-m.main+fp/hard\libc_nano.a(lib_a-nano-mallocr.o)
 .text._malloc_r
                0x0000746c       0xe8 c:/siliconlabs/simplicitystudio/v5/developer/toolchains/gnu_arm/10.3_2021.10/bin/../lib/gcc/arm-none-eabi/10.3.1/../../../../arm-none-eabi/lib/thumb/v8-m.main+fp/hard\libc_nano.a(lib_a-nano-mallocr.o)
                0x0000746c                _malloc_r
 .text._svfprintf_r
                0x00007554      0x200 c:/siliconlabs/simplicitystudio/v5/developer/toolchains/gnu_arm/10.3_2021.10/bin/../lib/gcc/arm-none-eabi/10.3.1/../../../../arm-none-eabi/lib/thumb/v8-m.main+fp/hard\libc_nano.a(lib_a-nano-svfprintf.o)
                0x00007554                _svfiprintf_r
                0x00007554                _svfprintf_r
 .text._vfprintf_r
                0x00007754      0x260 c:/siliconlabs/simplicitystudio/v5/developer/toolchains/gnu_arm/10.3_2021.10/bin/../lib/gcc/arm-none-eabi/10.3.1/../../../../arm-none-eabi/lib/thumb/v8-m.main+fp/hard\libc_nano.a(lib_a-nano-vfprintf.o)
                0x00007754                _vfprintf_r
                0x00007754                _vfiprintf_r
 .text._sbrk_r  0x000079b4       0x20 c:/siliconlabs/simplicitystudio/v5/developer/toolchains/gnu_arm/10.3_2021.10/bin/../lib/gcc/arm-none-eabi/10.3.1/../../../../arm-none-eabi/lib/thumb/v8-m.main+fp/hard\libc_nano.a(lib_a-sbrkr.o)
                0x000079b4                _sbrk_r
 .text._write_r
                0x000079d4       0x24 c:/siliconlabs/simplicitystudio/v5/developer/toolchains/gnu_arm/10.3_2021.10/bin/../lib/gcc/arm-none-eabi/10.3.1/../../../../arm-none-eabi/lib/thumb/v8-m.main+fp/hard\libc_nano.a(lib_a-writer.o)
                0x000079d4                _write_r
 .text.__assert_func
                0x000079f8       0x3c c:/siliconlabs/simplicitystudio/v5/developer/toolchains/gnu_arm/10.3_2021.10/bin/../lib/gcc/arm-none-eabi/10.3.1/../../../../arm-none-eabi/lib/thumb/v8-m.main+fp/hard\libc_nano.a(lib_a-assert.o)
                0x000079f8                __assert_func
 .text._close_r
                0x00007a34       0x20 c:/siliconlabs/simplicitystudio/v5/developer/toolchains/gnu_arm/10.3_2021.10/bin/../lib/gcc/arm-none-eabi/10.3.1/../../../../arm-none-eabi/lib/thumb/v8-m.main+fp/hard\libc_nano.a(lib_a-closer.o)
                0x00007a34                _close_r
 .text.fprintf  0x00007a54       0x24 c:/siliconlabs/simplicitystudio/v5/developer/toolchains/gnu_arm/10.3_2021.10/bin/../lib/gcc/arm-none-eabi/10.3.1/../../../../arm-none-eabi/lib/thumb/v8-m.main+fp/hard\libc_nano.a(lib_a-fprintf.o)
                0x00007a54                fiprintf
                0x00007a54                fprintf
 .text._fstat_r
                0x00007a78       0x24 c:/siliconlabs/simplicitystudio/v5/developer/toolchains/gnu_arm/10.3_2021.10/bin/../lib/gcc/arm-none-eabi/10.3.1/../../../../arm-none-eabi/lib/thumb/v8-m.main+fp/hard\libc_nano.a(lib_a-fstatr.o)
                0x00007a78                _fstat_r
 .text._isatty_r
                0x00007a9c       0x20 c:/siliconlabs/simplicitystudio/v5/developer/toolchains/gnu_arm/10.3_2021.10/bin/../lib/gcc/arm-none-eabi/10.3.1/../../../../arm-none-eabi/lib/thumb/v8-m.main+fp/hard\libc_nano.a(lib_a-isattyr.o)
                0x00007a9c                _isatty_r
 .text._lseek_r
                0x00007abc       0x24 c:/siliconlabs/simplicitystudio/v5/developer/toolchains/gnu_arm/10.3_2021.10/bin/../lib/gcc/arm-none-eabi/10.3.1/../../../../arm-none-eabi/lib/thumb/v8-m.main+fp/hard\libc_nano.a(lib_a-lseekr.o)
                0x00007abc                _lseek_r
 .text.__malloc_lock
                0x00007ae0        0xc c:/siliconlabs/simplicitystudio/v5/developer/toolchains/gnu_arm/10.3_2021.10/bin/../lib/gcc/arm-none-eabi/10.3.1/../../../../arm-none-eabi/lib/thumb/v8-m.main+fp/hard\libc_nano.a(lib_a-mlock.o)
                0x00007ae0                __malloc_lock
 .text.__malloc_unlock
                0x00007aec        0xc c:/siliconlabs/simplicitystudio/v5/developer/toolchains/gnu_arm/10.3_2021.10/bin/../lib/gcc/arm-none-eabi/10.3.1/../../../../arm-none-eabi/lib/thumb/v8-m.main+fp/hard\libc_nano.a(lib_a-mlock.o)
                0x00007aec                __malloc_unlock
 .text._read_r  0x00007af8       0x24 c:/siliconlabs/simplicitystudio/v5/developer/toolchains/gnu_arm/10.3_2021.10/bin/../lib/gcc/arm-none-eabi/10.3.1/../../../../arm-none-eabi/lib/thumb/v8-m.main+fp/hard\libc_nano.a(lib_a-readr.o)
                0x00007af8                _read_r
 .text.raise    0x00007b1c       0x10 c:/siliconlabs/simplicitystudio/v5/developer/toolchains/gnu_arm/10.3_2021.10/bin/../lib/gcc/arm-none-eabi/10.3.1/../../../../arm-none-eabi/lib/thumb/v8-m.main+fp/hard\libc_nano.a(lib_a-signal.o)
                0x00007b1c                raise
 .text._kill_r  0x00007b2c       0x24 c:/siliconlabs/simplicitystudio/v5/developer/toolchains/gnu_arm/10.3_2021.10/bin/../lib/gcc/arm-none-eabi/10.3.1/../../../../arm-none-eabi/lib/thumb/v8-m.main+fp/hard\libc_nano.a(lib_a-signalr.o)
                0x00007b2c                _kill_r
 .text          0x00007b50      0x378 c:/siliconlabs/simplicitystudio/v5/developer/toolchains/gnu_arm/10.3_2021.10/bin/../lib/gcc/arm-none-eabi/10.3.1/thumb/v8-m.main+fp/hard\libgcc.a(_arm_addsubdf3.o)
                0x00007b50                __aeabi_drsub
                0x00007b58                __aeabi_dsub
                0x00007b58                __subdf3
                0x00007b5c                __aeabi_dadd
                0x00007b5c                __adddf3
                0x00007dd4                __floatunsidf
                0x00007dd4                __aeabi_ui2d
                0x00007df4                __floatsidf
                0x00007df4                __aeabi_i2d
                0x00007e18                __aeabi_f2d
                0x00007e18                __extendsfdf2
                0x00007e5c                __floatundidf
                0x00007e5c                __aeabi_ul2d
                0x00007e6c                __floatdidf
                0x00007e6c                __aeabi_l2d
 .text          0x00007ec8      0x424 c:/siliconlabs/simplicitystudio/v5/developer/toolchains/gnu_arm/10.3_2021.10/bin/../lib/gcc/arm-none-eabi/10.3.1/thumb/v8-m.main+fp/hard\libgcc.a(_arm_muldivdf3.o)
                0x00007ec8                __aeabi_dmul
                0x00007ec8                __muldf3
                0x0000811c                __divdf3
                0x0000811c                __aeabi_ddiv
 .text          0x000082ec      0x110 c:/siliconlabs/simplicitystudio/v5/developer/toolchains/gnu_arm/10.3_2021.10/bin/../lib/gcc/arm-none-eabi/10.3.1/thumb/v8-m.main+fp/hard\libgcc.a(_arm_cmpdf2.o)
                0x000082ec                __gtdf2
                0x000082ec                __gedf2
                0x000082f4                __ltdf2
                0x000082f4                __ledf2
                0x000082fc                __nedf2
                0x000082fc                __eqdf2
                0x000082fc                __cmpdf2
                0x00008378                __aeabi_cdrcmple
                0x00008388                __aeabi_cdcmpeq
                0x00008388                __aeabi_cdcmple
                0x00008398                __aeabi_dcmpeq
                0x000083ac                __aeabi_dcmplt
                0x000083c0                __aeabi_dcmple
                0x000083d4                __aeabi_dcmpge
                0x000083e8                __aeabi_dcmpgt
 .text          0x000083fc       0x2c c:/siliconlabs/simplicitystudio/v5/developer/toolchains/gnu_arm/10.3_2021.10/bin/../lib/gcc/arm-none-eabi/10.3.1/thumb/v8-m.main+fp/hard\libgcc.a(_arm_unorddf2.o)
                0x000083fc                __unorddf2
                0x000083fc                __aeabi_dcmpun
 .text          0x00008428       0x50 c:/siliconlabs/simplicitystudio/v5/developer/toolchains/gnu_arm/10.3_2021.10/bin/../lib/gcc/arm-none-eabi/10.3.1/thumb/v8-m.main+fp/hard\libgcc.a(_arm_fixdfsi.o)
                0x00008428                __aeabi_d2iz
                0x00008428                __fixdfsi
 .text          0x00008478       0x40 c:/siliconlabs/simplicitystudio/v5/developer/toolchains/gnu_arm/10.3_2021.10/bin/../lib/gcc/arm-none-eabi/10.3.1/thumb/v8-m.main+fp/hard\libgcc.a(_arm_fixunsdfsi.o)
                0x00008478                __aeabi_d2uiz
                0x00008478                __fixunsdfsi
 .text          0x000084b8       0xa0 c:/siliconlabs/simplicitystudio/v5/developer/toolchains/gnu_arm/10.3_2021.10/bin/../lib/gcc/arm-none-eabi/10.3.1/thumb/v8-m.main+fp/hard\libgcc.a(_arm_truncdfsf2.o)
                0x000084b8                __truncdfsf2
                0x000084b8                __aeabi_d2f
 .text          0x00008558       0x30 c:/siliconlabs/simplicitystudio/v5/developer/toolchains/gnu_arm/10.3_2021.10/bin/../lib/gcc/arm-none-eabi/10.3.1/thumb/v8-m.main+fp/hard\libgcc.a(_fixdfdi.o)
                0x00008558                __fixdfdi
                0x00008558                __aeabi_d2lz
 .text          0x00008588       0x3c c:/siliconlabs/simplicitystudio/v5/developer/toolchains/gnu_arm/10.3_2021.10/bin/../lib/gcc/arm-none-eabi/10.3.1/thumb/v8-m.main+fp/hard\libgcc.a(_fixunsdfdi.o)
                0x00008588                __fixunsdfdi
                0x00008588                __aeabi_d2ulz
 .text.app_init
                0x000085c4        0x4 ./app.o
                0x000085c4                app_init
 .text.app_process_action
                0x000085c8        0x4 ./app.o
                0x000085c8                app_process_action
 .text.startup.main
                0x000085cc       0x14 ./main.o
                0x000085cc                main
 .text.sl_board_default_init
                0x000085e0        0x4 ./autogen/sl_board_default_init.o
                0x000085e0                sl_board_default_init
 .text.sl_driver_init
                0x000085e4       0x12 ./autogen/sl_event_handler.o
                0x000085e4                sl_driver_init
 .text.sl_service_init
                0x000085f6       0x16 ./autogen/sl_event_handler.o
                0x000085f6                sl_service_init
 .text.sl_stack_init
                0x0000860c        0x2 ./autogen/sl_event_handler.o
                0x0000860c                sl_stack_init
 .text.sl_internal_app_init
                0x0000860e        0x2 ./autogen/sl_event_handler.o
                0x0000860e                sl_internal_app_init
 .text.sl_platform_process_action
                0x00008610        0x2 ./autogen/sl_event_handler.o
                0x00008610                sl_platform_process_action
 .text.sl_service_process_action
                0x00008612        0x2 ./autogen/sl_event_handler.o
                0x00008612                sl_service_process_action
 .text.sl_stack_process_action
                0x00008614        0x2 ./autogen/sl_event_handler.o
                0x00008614                sl_stack_process_action
 .text.sl_internal_app_process_action
                0x00008616        0x2 ./autogen/sl_event_handler.o
                0x00008616                sl_internal_app_process_action
 .text.sl_iostream_eusart_init_instances
                0x00008618        0x4 ./autogen/sl_iostream_init_eusart_instances.o
                0x00008618                sl_iostream_eusart_init_instances
 .text.EUART0_TX_IRQHandler
                0x0000861c        0x4 ./autogen/sl_iostream_init_eusart_instances.o
                0x0000861c                EUART0_TX_IRQHandler
 .text.sl_board_enable_vcom
                0x00008620       0x12 ./gecko_sdk_4.2.3/hardware/board/src/sl_board_control_gpio.o
                0x00008620                sl_board_enable_vcom
 .text.sl_board_configure_vcom
                0x00008632        0x4 ./gecko_sdk_4.2.3/hardware/board/src/sl_board_control_gpio.o
                0x00008632                sl_board_configure_vcom
 .text.sl_board_disable_vcom
                0x00008636       0x12 ./gecko_sdk_4.2.3/hardware/board/src/sl_board_control_gpio.o
                0x00008636                sl_board_disable_vcom
 .text.sl_board_init
                0x00008648       0x16 ./gecko_sdk_4.2.3/hardware/board/src/sl_board_init.o
                0x00008648                sl_board_init
 .text.sl_board_preinit
                0x0000865e        0x8 ./gecko_sdk_4.2.3/hardware/board/src/sl_board_init.o
                0x0000865e                sl_board_preinit
 .text.sl_cos_send_config
                0x00008666        0x6 ./gecko_sdk_4.2.3/hardware/driver/configuration_over_swo/src/sl_cos.o
                0x00008666                sl_cos_send_config
 .text.Default_Handler
                0x0000866c        0x2 ./gecko_sdk_4.2.3/platform/Device/SiliconLabs/EFR32MG22/Source/startup_efr32mg22.o
                0x0000866c                ULFRCO_IRQHandler
                0x0000866c                SW2_IRQHandler
                0x0000866c                TIMER2_IRQHandler
                0x0000866c                DebugMon_Handler
                0x0000866c                PKE_IRQHandler
                0x0000866c                USART0_TX_IRQHandler
                0x0000866c                PRORTC_IRQHandler
                0x0000866c                IADC_IRQHandler
                0x0000866c                I2C0_IRQHandler
                0x0000866c                LFXO_IRQHandler
                0x0000866c                CRYPTOACC_IRQHandler
                0x0000866c                HardFault_Handler
                0x0000866c                SMU_SECURE_IRQHandler
                0x0000866c                SysTick_Handler
                0x0000866c                USART1_RX_IRQHandler
                0x0000866c                EMUEFP_IRQHandler
                0x0000866c                PendSV_Handler
                0x0000866c                NMI_Handler
                0x0000866c                SYNTH_IRQHandler
                0x0000866c                HFXO0_IRQHandler
                0x0000866c                I2C1_IRQHandler
                0x0000866c                PDM_IRQHandler
                0x0000866c                WDOG0_IRQHandler
                0x0000866c                TIMER3_IRQHandler
                0x0000866c                SYSCFG_IRQHandler
                0x0000866c                EMUSE_IRQHandler
                0x0000866c                EMUDG_IRQHandler
                0x0000866c                USART1_TX_IRQHandler
                0x0000866c                MSC_IRQHandler
                0x0000866c                DPLL0_IRQHandler
                0x0000866c                UsageFault_Handler
                0x0000866c                M33CTI1_IRQHandler
                0x0000866c                TIMER4_IRQHandler
                0x0000866c                GPIO_EVEN_IRQHandler
                0x0000866c                SW0_IRQHandler
                0x0000866c                TIMER0_IRQHandler
                0x0000866c                LETIMER0_IRQHandler
                0x0000866c                TIMER1_IRQHandler
                0x0000866c                HFRCO0_IRQHandler
                0x0000866c                RFSENSE_IRQHandler
                0x0000866c                SecureFault_Handler
                0x0000866c                BUFC_IRQHandler
                0x0000866c                DCDC_IRQHandler
                0x0000866c                MODEM_IRQHandler
                0x0000866c                Default_Handler
                0x0000866c                RAC_SEQ_IRQHandler
                0x0000866c                FRC_PRI_IRQHandler
                0x0000866c                EMU_IRQHandler
                0x0000866c                SW3_IRQHandler
                0x0000866c                KERNEL0_IRQHandler
                0x0000866c                FRC_IRQHandler
                0x0000866c                KERNEL1_IRQHandler
                0x0000866c                AGC_IRQHandler
                0x0000866c                sl_app_properties
                0x0000866c                BURTC_IRQHandler
                0x0000866c                LFRCO_IRQHandler
                0x0000866c                USART0_RX_IRQHandler
                0x0000866c                MemManage_Handler
                0x0000866c                RDMAILBOX_IRQHandler
                0x0000866c                SVC_Handler
                0x0000866c                SMU_S_PRIVILEGED_IRQHandler
                0x0000866c                SW1_IRQHandler
                0x0000866c                CMU_IRQHandler
                0x0000866c                RAC_RSM_IRQHandler
                0x0000866c                GPIO_ODD_IRQHandler
                0x0000866c                AES_IRQHandler
                0x0000866c                M33CTI0_IRQHandler
                0x0000866c                ICACHE0_IRQHandler
                0x0000866c                SMU_NS_PRIVILEGED_IRQHandler
                0x0000866c                PROTIMER_IRQHandler
                0x0000866c                BusFault_Handler
                0x0000866c                TRNG_IRQHandler
 .text.SystemCLKIN0Get
                0x0000866e        0x4 ./gecko_sdk_4.2.3/platform/Device/SiliconLabs/EFR32MG22/Source/system_efr32mg22.o
                0x0000866e                SystemCLKIN0Get
 .text.SystemLFRCOClockGet
                0x00008672        0x6 ./gecko_sdk_4.2.3/platform/Device/SiliconLabs/EFR32MG22/Source/system_efr32mg22.o
                0x00008672                SystemLFRCOClockGet
 .text.SystemULFRCOClockGet
                0x00008678        0x6 ./gecko_sdk_4.2.3/platform/Device/SiliconLabs/EFR32MG22/Source/system_efr32mg22.o
                0x00008678                SystemULFRCOClockGet
 .text.assertEFM
                0x0000867e        0x2 ./gecko_sdk_4.2.3/platform/common/src/sl_assert.o
                0x0000867e                assertEFM
 .text.sl_debug_swo_enable_itm
                0x00008680       0x18 ./gecko_sdk_4.2.3/platform/driver/debug/src/sl_debug_swo.o
                0x00008680                sl_debug_swo_enable_itm
 .text.DMADRV_MemoryPeripheral
                0x00008698       0x34 ./gecko_sdk_4.2.3/platform/emdrv/dmadrv/src/dmadrv.o
                0x00008698                DMADRV_MemoryPeripheral
 .text.DMADRV_PeripheralMemory
                0x000086cc       0x34 ./gecko_sdk_4.2.3/platform/emdrv/dmadrv/src/dmadrv.o
                0x000086cc                DMADRV_PeripheralMemory
 .text.waitStateMax
                0x00008700       0x10 ./gecko_sdk_4.2.3/platform/emlib/src/em_cmu.o
 .text.CMU_UpdateWaitStates
                0x00008710        0xc ./gecko_sdk_4.2.3/platform/emlib/src/em_cmu.o
                0x00008710                CMU_UpdateWaitStates
 .text.pclkDivMax
                0x0000871c        0xa ./gecko_sdk_4.2.3/platform/emlib/src/em_cmu.o
 .text.sli_em_cmu_SYSCLKInitPostClockSelect
                0x00008726       0x2a ./gecko_sdk_4.2.3/platform/emlib/src/em_cmu.o
                0x00008726                sli_em_cmu_SYSCLKInitPostClockSelect
 .text.CORE_EnterCritical
                0x00008750        0x8 ./gecko_sdk_4.2.3/platform/emlib/src/em_core.o
                0x00008750                CORE_EnterCritical
 .text.CORE_ExitCritical
                0x00008758        0x6 ./gecko_sdk_4.2.3/platform/emlib/src/em_core.o
                0x00008758                CORE_ExitCritical
 .text.CORE_EnterAtomic
                0x0000875e        0xc ./gecko_sdk_4.2.3/platform/emlib/src/em_core.o
                0x0000875e                CORE_EnterAtomic
 .text.CORE_ExitAtomic
                0x0000876a        0x6 ./gecko_sdk_4.2.3/platform/emlib/src/em_core.o
                0x0000876a                CORE_ExitAtomic
 .text.EMU_EFPEM01VScale
                0x00008770        0x2 ./gecko_sdk_4.2.3/platform/emlib/src/em_emu.o
                0x00008770                EMU_EFPEM01VScale
 .text.EMU_DCDCUpdatedHook
                0x00008772        0x2 ./gecko_sdk_4.2.3/platform/emlib/src/em_emu.o
                0x00008772                EMU_DCDCUpdatedHook
 .text.eusart_sync
                0x00008774        0x8 ./gecko_sdk_4.2.3/platform/emlib/src/em_eusart.o
 .text.EUSART_Disable
                0x0000877c       0x3a ./gecko_sdk_4.2.3/platform/emlib/src/em_eusart.o
 .text.EUSART_Tx
                0x000087b6        0xa ./gecko_sdk_4.2.3/platform/emlib/src/em_eusart.o
                0x000087b6                EUSART_Tx
 .text.BUS_RegMaskedWrite
                0x000087c0       0x22 ./gecko_sdk_4.2.3/platform/emlib/src/em_gpio.o
 .text.GPIO_DbgLocationSet
                0x000087e2        0x2 ./gecko_sdk_4.2.3/platform/emlib/src/em_gpio.o
                0x000087e2                GPIO_DbgLocationSet
 .text.RTCC_SyncWait
                0x000087e4       0x10 ./gecko_sdk_4.2.3/platform/emlib/src/em_rtcc.o
 .text.USART_SpiTransfer
                0x000087f4       0x14 ./gecko_sdk_4.2.3/platform/emlib/src/em_usart.o
                0x000087f4                USART_SpiTransfer
 .text.sl_iostream_write
                0x00008808       0x28 ./gecko_sdk_4.2.3/platform/service/iostream/src/sl_iostream.o
                0x00008808                sl_iostream_write
 .text.sl_iostream_read
                0x00008830       0x32 ./gecko_sdk_4.2.3/platform/service/iostream/src/sl_iostream.o
                0x00008830                sl_iostream_read
 .text.eusart_deinit
                0x00008862       0x70 ./gecko_sdk_4.2.3/platform/service/iostream/src/sl_iostream_eusart.o
 .text.eusart_set_next_byte_detect
                0x000088d2       0x30 ./gecko_sdk_4.2.3/platform/service/iostream/src/sl_iostream_eusart.o
 .text.eusart_tx
                0x00008902        0xc ./gecko_sdk_4.2.3/platform/service/iostream/src/sl_iostream_eusart.o
 .text.sl_iostream_eusart_irq_handler
                0x0000890e       0x72 ./gecko_sdk_4.2.3/platform/service/iostream/src/sl_iostream_eusart.o
                0x0000890e                sl_iostream_eusart_irq_handler
 .text._close   0x00008980        0x4 ./gecko_sdk_4.2.3/platform/service/iostream/src/sl_iostream_retarget_stdio.o
                0x00008980                _close
 .text._exit    0x00008984        0x2 ./gecko_sdk_4.2.3/platform/service/iostream/src/sl_iostream_retarget_stdio.o
                0x00008984                _exit
 .text._fstat   0x00008986        0xa ./gecko_sdk_4.2.3/platform/service/iostream/src/sl_iostream_retarget_stdio.o
                0x00008986                _fstat
 .text._getpid  0x00008990        0x4 ./gecko_sdk_4.2.3/platform/service/iostream/src/sl_iostream_retarget_stdio.o
                0x00008990                _getpid
 .text._isatty  0x00008994        0x4 ./gecko_sdk_4.2.3/platform/service/iostream/src/sl_iostream_retarget_stdio.o
                0x00008994                _isatty
 .text._kill    0x00008998        0x6 ./gecko_sdk_4.2.3/platform/service/iostream/src/sl_iostream_retarget_stdio.o
                0x00008998                _kill
 .text._lseek   0x0000899e        0x4 ./gecko_sdk_4.2.3/platform/service/iostream/src/sl_iostream_retarget_stdio.o
                0x0000899e                _lseek
 .text._read    0x000089a2       0x1c ./gecko_sdk_4.2.3/platform/service/iostream/src/sl_iostream_retarget_stdio.o
                0x000089a2                _read
 .text.set_auto_cr_lf
                0x000089be        0x6 ./gecko_sdk_4.2.3/platform/service/iostream/src/sl_iostream_uart.o
 .text.get_auto_cr_lf
                0x000089c4        0x6 ./gecko_sdk_4.2.3/platform/service/iostream/src/sl_iostream_uart.o
 .text.sl_sleeptimer_start_timer
                0x000089ca       0x48 ./gecko_sdk_4.2.3/platform/service/sleeptimer/src/sl_sleeptimer.o
                0x000089ca                sl_sleeptimer_start_timer
 .text.CMU_PrescToLog2.constprop.0
                0x00008a12        0x4 ./gecko_sdk_4.2.3/platform/service/sleeptimer/src/sl_sleeptimer_hal_rtcc.o
 .text.sleeptimer_hal_get_counter
                0x00008a16        0xe ./gecko_sdk_4.2.3/platform/service/sleeptimer/src/sl_sleeptimer_hal_rtcc.o
                0x00008a16                sleeptimer_hal_get_counter
 .text.sleeptimer_hal_enable_int
                0x00008a24       0x18 ./gecko_sdk_4.2.3/platform/service/sleeptimer/src/sl_sleeptimer_hal_rtcc.o
                0x00008a24                sleeptimer_hal_enable_int
 .text.sleeptimer_hal_get_timer_frequency
                0x00008a3c       0x14 ./gecko_sdk_4.2.3/platform/service/sleeptimer/src/sl_sleeptimer_hal_rtcc.o
                0x00008a3c                sleeptimer_hal_get_timer_frequency
 .text.sl_system_init
                0x00008a50       0x1a ./gecko_sdk_4.2.3/platform/service/system/src/sl_system_init.o
                0x00008a50                sl_system_init
 .text.sl_system_process_action
                0x00008a6a       0x16 ./gecko_sdk_4.2.3/platform/service/system/src/sl_system_process_action.o
                0x00008a6a                sl_system_process_action
 .text.memcpy   0x00008a80       0x1a c:/siliconlabs/simplicitystudio/v5/developer/toolchains/gnu_arm/10.3_2021.10/bin/../lib/gcc/arm-none-eabi/10.3.1/../../../../arm-none-eabi/lib/thumb/v8-m.main+fp/hard\libc_nano.a(lib_a-memcpy-stub.o)
                0x00008a80                memcpy
 .text.memset   0x00008a9a       0x10 c:/siliconlabs/simplicitystudio/v5/developer/toolchains/gnu_arm/10.3_2021.10/bin/../lib/gcc/arm-none-eabi/10.3.1/../../../../arm-none-eabi/lib/thumb/v8-m.main+fp/hard\libc_nano.a(lib_a-memset.o)
                0x00008a9a                memset
 .text.__cvt    0x00008aaa       0xc4 c:/siliconlabs/simplicitystudio/v5/developer/toolchains/gnu_arm/10.3_2021.10/bin/../lib/gcc/arm-none-eabi/10.3.1/../../../../arm-none-eabi/lib/thumb/v8-m.main+fp/hard\libc_nano.a(lib_a-nano-vfprintf_float.o)
                0x00008aaa                __cvt
 .text.__exponent
                0x00008b6e       0x7c c:/siliconlabs/simplicitystudio/v5/developer/toolchains/gnu_arm/10.3_2021.10/bin/../lib/gcc/arm-none-eabi/10.3.1/../../../../arm-none-eabi/lib/thumb/v8-m.main+fp/hard\libc_nano.a(lib_a-nano-vfprintf_float.o)
                0x00008b6e                __exponent
 .text._printf_common
                0x00008bea       0xe0 c:/siliconlabs/simplicitystudio/v5/developer/toolchains/gnu_arm/10.3_2021.10/bin/../lib/gcc/arm-none-eabi/10.3.1/../../../../arm-none-eabi/lib/thumb/v8-m.main+fp/hard\libc_nano.a(lib_a-nano-vfprintf_i.o)
                0x00008bea                _printf_common
 .text          0x00008cca       0x10 c:/siliconlabs/simplicitystudio/v5/developer/toolchains/gnu_arm/10.3_2021.10/bin/../lib/gcc/arm-none-eabi/10.3.1/../../../../arm-none-eabi/lib/thumb/v8-m.main+fp/hard\libc_nano.a(lib_a-strlen.o)
                0x00008cca                strlen
 .text.sulp     0x00008cda       0x38 c:/siliconlabs/simplicitystudio/v5/developer/toolchains/gnu_arm/10.3_2021.10/bin/../lib/gcc/arm-none-eabi/10.3.1/../../../../arm-none-eabi/lib/thumb/v8-m.main+fp/hard\libc_nano.a(lib_a-strtod.o)
 .text._strtol_r
                0x00008d12        0x4 c:/siliconlabs/simplicitystudio/v5/developer/toolchains/gnu_arm/10.3_2021.10/bin/../lib/gcc/arm-none-eabi/10.3.1/../../../../arm-none-eabi/lib/thumb/v8-m.main+fp/hard\libc_nano.a(lib_a-strtol.o)
                0x00008d12                _strtol_r
 .text.quorem   0x00008d16      0x122 c:/siliconlabs/simplicitystudio/v5/developer/toolchains/gnu_arm/10.3_2021.10/bin/../lib/gcc/arm-none-eabi/10.3.1/../../../../arm-none-eabi/lib/thumb/v8-m.main+fp/hard\libc_nano.a(lib_a-dtoa.o)
 .text.__sfmoreglue
                0x00008e38       0x2c c:/siliconlabs/simplicitystudio/v5/developer/toolchains/gnu_arm/10.3_2021.10/bin/../lib/gcc/arm-none-eabi/10.3.1/../../../../arm-none-eabi/lib/thumb/v8-m.main+fp/hard\libc_nano.a(lib_a-findfp.o)
                0x00008e38                __sfmoreglue
 .text._fwalk_reent
                0x00008e64       0x3e c:/siliconlabs/simplicitystudio/v5/developer/toolchains/gnu_arm/10.3_2021.10/bin/../lib/gcc/arm-none-eabi/10.3.1/../../../../arm-none-eabi/lib/thumb/v8-m.main+fp/hard\libc_nano.a(lib_a-fwalk.o)
                0x00008e64                _fwalk_reent
 .text.rshift   0x00008ea2       0xa2 c:/siliconlabs/simplicitystudio/v5/developer/toolchains/gnu_arm/10.3_2021.10/bin/../lib/gcc/arm-none-eabi/10.3.1/../../../../arm-none-eabi/lib/thumb/v8-m.main+fp/hard\libc_nano.a(lib_a-gdtoa-gethex.o)
 .text.__hexdig_fun
                0x00008f44       0x2a c:/siliconlabs/simplicitystudio/v5/developer/toolchains/gnu_arm/10.3_2021.10/bin/../lib/gcc/arm-none-eabi/10.3.1/../../../../arm-none-eabi/lib/thumb/v8-m.main+fp/hard\libc_nano.a(lib_a-gdtoa-gethex.o)
                0x00008f44                __hexdig_fun
 .text.L_shift  0x00008f6e       0x24 c:/siliconlabs/simplicitystudio/v5/developer/toolchains/gnu_arm/10.3_2021.10/bin/../lib/gcc/arm-none-eabi/10.3.1/../../../../arm-none-eabi/lib/thumb/v8-m.main+fp/hard\libc_nano.a(lib_a-gdtoa-hexnan.o)
 .text.__match  0x00008f92       0x28 c:/siliconlabs/simplicitystudio/v5/developer/toolchains/gnu_arm/10.3_2021.10/bin/../lib/gcc/arm-none-eabi/10.3.1/../../../../arm-none-eabi/lib/thumb/v8-m.main+fp/hard\libc_nano.a(lib_a-gdtoa-hexnan.o)
                0x00008f92                __match
 .text.__hexnan
                0x00008fba      0x138 c:/siliconlabs/simplicitystudio/v5/developer/toolchains/gnu_arm/10.3_2021.10/bin/../lib/gcc/arm-none-eabi/10.3.1/../../../../arm-none-eabi/lib/thumb/v8-m.main+fp/hard\libc_nano.a(lib_a-gdtoa-hexnan.o)
                0x00008fba                __hexnan
 .text.__retarget_lock_init_recursive
                0x000090f2        0x2 c:/siliconlabs/simplicitystudio/v5/developer/toolchains/gnu_arm/10.3_2021.10/bin/../lib/gcc/arm-none-eabi/10.3.1/../../../../arm-none-eabi/lib/thumb/v8-m.main+fp/hard\libc_nano.a(lib_a-lock.o)
                0x000090f2                __retarget_lock_init_recursive
 .text.__retarget_lock_acquire_recursive
                0x000090f4        0x2 c:/siliconlabs/simplicitystudio/v5/developer/toolchains/gnu_arm/10.3_2021.10/bin/../lib/gcc/arm-none-eabi/10.3.1/../../../../arm-none-eabi/lib/thumb/v8-m.main+fp/hard\libc_nano.a(lib_a-lock.o)
                0x000090f4                __retarget_lock_acquire_recursive
 .text.__retarget_lock_release_recursive
                0x000090f6        0x2 c:/siliconlabs/simplicitystudio/v5/developer/toolchains/gnu_arm/10.3_2021.10/bin/../lib/gcc/arm-none-eabi/10.3.1/../../../../arm-none-eabi/lib/thumb/v8-m.main+fp/hard\libc_nano.a(lib_a-lock.o)
                0x000090f6                __retarget_lock_release_recursive
 .text.__swhatbuf_r
                0x000090f8       0x4a c:/siliconlabs/simplicitystudio/v5/developer/toolchains/gnu_arm/10.3_2021.10/bin/../lib/gcc/arm-none-eabi/10.3.1/../../../../arm-none-eabi/lib/thumb/v8-m.main+fp/hard\libc_nano.a(lib_a-makebuf.o)
                0x000090f8                __swhatbuf_r
 .text.__ascii_mbtowc
                0x00009142       0x24 c:/siliconlabs/simplicitystudio/v5/developer/toolchains/gnu_arm/10.3_2021.10/bin/../lib/gcc/arm-none-eabi/10.3.1/../../../../arm-none-eabi/lib/thumb/v8-m.main+fp/hard\libc_nano.a(lib_a-mbtowc_r.o)
                0x00009142                __ascii_mbtowc
 .text.memchr   0x00009166       0x1c c:/siliconlabs/simplicitystudio/v5/developer/toolchains/gnu_arm/10.3_2021.10/bin/../lib/gcc/arm-none-eabi/10.3.1/../../../../arm-none-eabi/lib/thumb/v8-m.main+fp/hard\libc_nano.a(lib_a-memchr-stub.o)
                0x00009166                memchr
 .text.__hi0bits
                0x00009182       0x40 c:/siliconlabs/simplicitystudio/v5/developer/toolchains/gnu_arm/10.3_2021.10/bin/../lib/gcc/arm-none-eabi/10.3.1/../../../../arm-none-eabi/lib/thumb/v8-m.main+fp/hard\libc_nano.a(lib_a-mprec.o)
                0x00009182                __hi0bits
 .text.__lo0bits
                0x000091c2       0x5e c:/siliconlabs/simplicitystudio/v5/developer/toolchains/gnu_arm/10.3_2021.10/bin/../lib/gcc/arm-none-eabi/10.3.1/../../../../arm-none-eabi/lib/thumb/v8-m.main+fp/hard\libc_nano.a(lib_a-mprec.o)
                0x000091c2                __lo0bits
 .text.__mcmp   0x00009220       0x38 c:/siliconlabs/simplicitystudio/v5/developer/toolchains/gnu_arm/10.3_2021.10/bin/../lib/gcc/arm-none-eabi/10.3.1/../../../../arm-none-eabi/lib/thumb/v8-m.main+fp/hard\libc_nano.a(lib_a-mprec.o)
                0x00009220                __mcmp
 .text.__ratio  0x00009258       0x66 c:/siliconlabs/simplicitystudio/v5/developer/toolchains/gnu_arm/10.3_2021.10/bin/../lib/gcc/arm-none-eabi/10.3.1/../../../../arm-none-eabi/lib/thumb/v8-m.main+fp/hard\libc_nano.a(lib_a-mprec.o)
                0x00009258                __ratio
 .text.__copybits
                0x000092be       0x46 c:/siliconlabs/simplicitystudio/v5/developer/toolchains/gnu_arm/10.3_2021.10/bin/../lib/gcc/arm-none-eabi/10.3.1/../../../../arm-none-eabi/lib/thumb/v8-m.main+fp/hard\libc_nano.a(lib_a-mprec.o)
                0x000092be                __copybits
 .text.__any_on
                0x00009304       0x42 c:/siliconlabs/simplicitystudio/v5/developer/toolchains/gnu_arm/10.3_2021.10/bin/../lib/gcc/arm-none-eabi/10.3.1/../../../../arm-none-eabi/lib/thumb/v8-m.main+fp/hard\libc_nano.a(lib_a-mprec.o)
                0x00009304                __any_on
 .text._calloc_r
                0x00009346       0x2c c:/siliconlabs/simplicitystudio/v5/developer/toolchains/gnu_arm/10.3_2021.10/bin/../lib/gcc/arm-none-eabi/10.3.1/../../../../arm-none-eabi/lib/thumb/v8-m.main+fp/hard\libc_nano.a(lib_a-nano-callocr.o)
                0x00009346                _calloc_r
 .text.__ssputs_r
                0x00009372       0xb6 c:/siliconlabs/simplicitystudio/v5/developer/toolchains/gnu_arm/10.3_2021.10/bin/../lib/gcc/arm-none-eabi/10.3.1/../../../../arm-none-eabi/lib/thumb/v8-m.main+fp/hard\libc_nano.a(lib_a-nano-svfprintf.o)
                0x00009372                __ssputs_r
 .text.__sfputc_r
                0x00009428       0x2e c:/siliconlabs/simplicitystudio/v5/developer/toolchains/gnu_arm/10.3_2021.10/bin/../lib/gcc/arm-none-eabi/10.3.1/../../../../arm-none-eabi/lib/thumb/v8-m.main+fp/hard\libc_nano.a(lib_a-nano-vfprintf.o)
 .text.__sfputs_r
                0x00009456       0x24 c:/siliconlabs/simplicitystudio/v5/developer/toolchains/gnu_arm/10.3_2021.10/bin/../lib/gcc/arm-none-eabi/10.3.1/../../../../arm-none-eabi/lib/thumb/v8-m.main+fp/hard\libc_nano.a(lib_a-nano-vfprintf.o)
                0x00009456                __sfputs_r
 .text.__sread  0x0000947a       0x22 c:/siliconlabs/simplicitystudio/v5/developer/toolchains/gnu_arm/10.3_2021.10/bin/../lib/gcc/arm-none-eabi/10.3.1/../../../../arm-none-eabi/lib/thumb/v8-m.main+fp/hard\libc_nano.a(lib_a-stdio.o)
                0x0000947a                __sread
 .text.__swrite
                0x0000949c       0x38 c:/siliconlabs/simplicitystudio/v5/developer/toolchains/gnu_arm/10.3_2021.10/bin/../lib/gcc/arm-none-eabi/10.3.1/../../../../arm-none-eabi/lib/thumb/v8-m.main+fp/hard\libc_nano.a(lib_a-stdio.o)
                0x0000949c                __swrite
 .text.__sseek  0x000094d4       0x24 c:/siliconlabs/simplicitystudio/v5/developer/toolchains/gnu_arm/10.3_2021.10/bin/../lib/gcc/arm-none-eabi/10.3.1/../../../../arm-none-eabi/lib/thumb/v8-m.main+fp/hard\libc_nano.a(lib_a-stdio.o)
                0x000094d4                __sseek
 .text.__sclose
                0x000094f8        0x8 c:/siliconlabs/simplicitystudio/v5/developer/toolchains/gnu_arm/10.3_2021.10/bin/../lib/gcc/arm-none-eabi/10.3.1/../../../../arm-none-eabi/lib/thumb/v8-m.main+fp/hard\libc_nano.a(lib_a-stdio.o)
                0x000094f8                __sclose
 .text.strncmp  0x00009500       0x28 c:/siliconlabs/simplicitystudio/v5/developer/toolchains/gnu_arm/10.3_2021.10/bin/../lib/gcc/arm-none-eabi/10.3.1/../../../../arm-none-eabi/lib/thumb/v8-m.main+fp/hard\libc_nano.a(lib_a-strncmp.o)
                0x00009500                strncmp
 .text.__ascii_wctomb
                0x00009528       0x1a c:/siliconlabs/simplicitystudio/v5/developer/toolchains/gnu_arm/10.3_2021.10/bin/../lib/gcc/arm-none-eabi/10.3.1/../../../../arm-none-eabi/lib/thumb/v8-m.main+fp/hard\libc_nano.a(lib_a-wctomb_r.o)
                0x00009528                __ascii_wctomb
 .text.memmove  0x00009542       0x34 c:/siliconlabs/simplicitystudio/v5/developer/toolchains/gnu_arm/10.3_2021.10/bin/../lib/gcc/arm-none-eabi/10.3.1/../../../../arm-none-eabi/lib/thumb/v8-m.main+fp/hard\libc_nano.a(lib_a-memmove.o)
                0x00009542                memmove
 .text._realloc_r
                0x00009576       0x5e c:/siliconlabs/simplicitystudio/v5/developer/toolchains/gnu_arm/10.3_2021.10/bin/../lib/gcc/arm-none-eabi/10.3.1/../../../../arm-none-eabi/lib/thumb/v8-m.main+fp/hard\libc_nano.a(lib_a-nano-reallocr.o)
                0x00009576                _realloc_r
 .text.abort    0x000095d4        0xe c:/siliconlabs/simplicitystudio/v5/developer/toolchains/gnu_arm/10.3_2021.10/bin/../lib/gcc/arm-none-eabi/10.3.1/../../../../arm-none-eabi/lib/thumb/v8-m.main+fp/hard\libc_nano.a(lib_a-abort.o)
                0x000095d4                abort
 .text._malloc_usable_size_r
                0x000095e2       0x10 c:/siliconlabs/simplicitystudio/v5/developer/toolchains/gnu_arm/10.3_2021.10/bin/../lib/gcc/arm-none-eabi/10.3.1/../../../../arm-none-eabi/lib/thumb/v8-m.main+fp/hard\libc_nano.a(lib_a-nano-msizer.o)
                0x000095e2                _malloc_usable_size_r
 .text._raise_r
                0x000095f2       0x50 c:/siliconlabs/simplicitystudio/v5/developer/toolchains/gnu_arm/10.3_2021.10/bin/../lib/gcc/arm-none-eabi/10.3.1/../../../../arm-none-eabi/lib/thumb/v8-m.main+fp/hard\libc_nano.a(lib_a-signal.o)
                0x000095f2                _raise_r
 .text._getpid_r
                0x00009642        0x4 c:/siliconlabs/simplicitystudio/v5/developer/toolchains/gnu_arm/10.3_2021.10/bin/../lib/gcc/arm-none-eabi/10.3.1/../../../../arm-none-eabi/lib/thumb/v8-m.main+fp/hard\libc_nano.a(lib_a-signalr.o)
                0x00009642                _getpid_r
                0x00009646                linker_code_end = .
 *(.init)
 *fill*         0x00009646        0x2 
 .init          0x00009648        0x4 c:/siliconlabs/simplicitystudio/v5/developer/toolchains/gnu_arm/10.3_2021.10/bin/../lib/gcc/arm-none-eabi/10.3.1/thumb/v8-m.main+fp/hard/crti.o
                0x00009648                _init
 .init          0x0000964c        0x8 c:/siliconlabs/simplicitystudio/v5/developer/toolchains/gnu_arm/10.3_2021.10/bin/../lib/gcc/arm-none-eabi/10.3.1/thumb/v8-m.main+fp/hard/crtn.o
 *(.fini)
 .fini          0x00009654        0x4 c:/siliconlabs/simplicitystudio/v5/developer/toolchains/gnu_arm/10.3_2021.10/bin/../lib/gcc/arm-none-eabi/10.3.1/thumb/v8-m.main+fp/hard/crti.o
                0x00009654                _fini
 .fini          0x00009658        0x8 c:/siliconlabs/simplicitystudio/v5/developer/toolchains/gnu_arm/10.3_2021.10/bin/../lib/gcc/arm-none-eabi/10.3.1/thumb/v8-m.main+fp/hard/crtn.o
 *crtbegin.o(.ctors)
 *crtbegin?.o(.ctors)
 *(EXCLUDE_FILE(*crtend.o *crtend?.o) .ctors)
 *(SORT_BY_NAME(.ctors.*))
 *(.ctors)
 *crtbegin.o(.dtors)
 *crtbegin?.o(.dtors)
 *(EXCLUDE_FILE(*crtend.o *crtend?.o) .dtors)
 *(SORT_BY_NAME(.dtors.*))
 *(.dtors)
 *(.rodata*)
 .rodata.spidrv_app_init.str1.1
                0x00009660       0x37 ./spidrv_slave_baremetal.o
 .rodata.spidrv_app_process_action.str1.1
                0x00009697       0x3a ./spidrv_slave_baremetal.o
 .rodata.sl_iostream_eusart_init_vcom.str1.1
                0x000096d1       0x2f ./autogen/sl_iostream_init_eusart_instances.o
 .rodata        0x00009700       0x20 ./autogen/sl_iostream_init_eusart_instances.o
 .rodata        0x00009720       0x1c ./gecko_sdk_4.2.3/hardware/driver/mx25_flash_shutdown/src/sl_mx25_flash_shutdown_usart/sl_mx25_flash_shutdown.o
 .rodata        0x0000973c        0x4 ./gecko_sdk_4.2.3/platform/emdrv/dmadrv/src/dmadrv.o
 .rodata.RxDMAComplete.str1.1
                0x00009740       0x55 ./gecko_sdk_4.2.3/platform/emdrv/spidrv/src/spidrv.o
 .rodata.WaitForIdleLine.str1.1
                0x00009795       0x4f ./gecko_sdk_4.2.3/platform/emdrv/spidrv/src/spidrv.o
 .rodata        0x000097e4       0x1c ./gecko_sdk_4.2.3/platform/emdrv/spidrv/src/spidrv.o
 .rodata.HFRCODPLLDevinfoGet.str1.1
                0x00009800       0x4e ./gecko_sdk_4.2.3/platform/emlib/src/em_cmu.o
 .rodata.EMU_VScaleEM01.str1.1
                0x0000984e       0x4e ./gecko_sdk_4.2.3/platform/emlib/src/em_emu.o
 .rodata.EUSART_Enable.str1.1
                0x0000989c       0x51 ./gecko_sdk_4.2.3/platform/emlib/src/em_eusart.o
 .rodata.GPIO_PinOutSet.str1.1
                0x000098ed       0x4f ./gecko_sdk_4.2.3/platform/emlib/src/em_gpio.o
 .rodata.GPIO_ExtIntConfig.str1.1
                0x000098ed       0x4f ./gecko_sdk_4.2.3/platform/emlib/src/em_gpio.o
 .rodata.LDMA_EnableChannelRequest.str1.1
                0x0000993c       0x9d ./gecko_sdk_4.2.3/platform/emlib/src/em_ldma.o
 .rodata.RTCC_ChannelInit.str1.1
                0x000099d9       0x4f ./gecko_sdk_4.2.3/platform/emlib/src/em_rtcc.o
 .rodata.USART_BaudrateAsyncSet.str1.1
                0x00009a28       0x50 ./gecko_sdk_4.2.3/platform/emlib/src/em_usart.o
 .rodata        0x00009a78        0x8 ./gecko_sdk_4.2.3/platform/service/device_init/src/sl_device_init_dcdc_s2.o
 .rodata        0x00009a80       0x28 ./gecko_sdk_4.2.3/platform/service/device_init/src/sl_device_init_hfxo_s2.o
 .rodata        0x00009aa8       0x14 ./gecko_sdk_4.2.3/platform/service/device_init/src/sl_device_init_lfxo_s2.o
 .rodata._write.str1.1
                0x00009abc       0x6d ./gecko_sdk_4.2.3/platform/service/iostream/src/sl_iostream_retarget_stdio.o
 .rodata.get_write_ptr.str1.1
                0x00009b29       0x63 ./gecko_sdk_4.2.3/platform/service/iostream/src/sl_iostream_uart.o
 .rodata.process_timer_irq.str1.1
                0x00009b8c       0x62 ./gecko_sdk_4.2.3/platform/service/sleeptimer/src/sl_sleeptimer.o
 .rodata        0x00009bee        0xb ./gecko_sdk_4.2.3/platform/service/sleeptimer/src/sl_sleeptimer_hal_rtcc.o
 .rodata.sl_udelay_wait.str1.1
                0x00009bf9       0x5a ./gecko_sdk_4.2.3/platform/service/udelay/src/sl_udelay.o
 .rodata._ctype_
                0x00009c53      0x101 c:/siliconlabs/simplicitystudio/v5/developer/toolchains/gnu_arm/10.3_2021.10/bin/../lib/gcc/arm-none-eabi/10.3.1/../../../../arm-none-eabi/lib/thumb/v8-m.main+fp/hard\libc_nano.a(lib_a-ctype_.o)
                0x00009c53                _ctype_
 .rodata._global_impure_ptr
                0x00009d54        0x4 c:/siliconlabs/simplicitystudio/v5/developer/toolchains/gnu_arm/10.3_2021.10/bin/../lib/gcc/arm-none-eabi/10.3.1/../../../../arm-none-eabi/lib/thumb/v8-m.main+fp/hard\libc_nano.a(lib_a-impure.o)
                0x00009d54                _global_impure_ptr
 .rodata._printf_float.str1.1
                0x00009d58       0x12 c:/siliconlabs/simplicitystudio/v5/developer/toolchains/gnu_arm/10.3_2021.10/bin/../lib/gcc/arm-none-eabi/10.3.1/../../../../arm-none-eabi/lib/thumb/v8-m.main+fp/hard\libc_nano.a(lib_a-nano-vfprintf_float.o)
 .rodata._printf_i.str1.1
                0x00009d6a       0x22 c:/siliconlabs/simplicitystudio/v5/developer/toolchains/gnu_arm/10.3_2021.10/bin/../lib/gcc/arm-none-eabi/10.3.1/../../../../arm-none-eabi/lib/thumb/v8-m.main+fp/hard\libc_nano.a(lib_a-nano-vfprintf_i.o)
 .rodata._scanf_float.str1.1
                0x00009d8c        0x5 c:/siliconlabs/simplicitystudio/v5/developer/toolchains/gnu_arm/10.3_2021.10/bin/../lib/gcc/arm-none-eabi/10.3.1/../../../../arm-none-eabi/lib/thumb/v8-m.main+fp/hard\libc_nano.a(lib_a-nano-vfscanf_float.o)
                                  0x6 (size before relaxing)
 .rodata._strtod_l.str1.1
                0x00009d91        0x5 c:/siliconlabs/simplicitystudio/v5/developer/toolchains/gnu_arm/10.3_2021.10/bin/../lib/gcc/arm-none-eabi/10.3.1/../../../../arm-none-eabi/lib/thumb/v8-m.main+fp/hard\libc_nano.a(lib_a-strtod.o)
                                  0xd (size before relaxing)
 *fill*         0x00009d91        0x3 
 .rodata.fpi.1  0x00009d94       0x14 c:/siliconlabs/simplicitystudio/v5/developer/toolchains/gnu_arm/10.3_2021.10/bin/../lib/gcc/arm-none-eabi/10.3.1/../../../../arm-none-eabi/lib/thumb/v8-m.main+fp/hard\libc_nano.a(lib_a-strtod.o)
 .rodata.fpinan.0
                0x00009da8       0x14 c:/siliconlabs/simplicitystudio/v5/developer/toolchains/gnu_arm/10.3_2021.10/bin/../lib/gcc/arm-none-eabi/10.3.1/../../../../arm-none-eabi/lib/thumb/v8-m.main+fp/hard\libc_nano.a(lib_a-strtod.o)
 *fill*         0x00009dbc        0x4 
 .rodata.tinytens
                0x00009dc0       0x28 c:/siliconlabs/simplicitystudio/v5/developer/toolchains/gnu_arm/10.3_2021.10/bin/../lib/gcc/arm-none-eabi/10.3.1/../../../../arm-none-eabi/lib/thumb/v8-m.main+fp/hard\libc_nano.a(lib_a-strtod.o)
 .rodata._dtoa_r.str1.1
                0x00009de8       0xb3 c:/siliconlabs/simplicitystudio/v5/developer/toolchains/gnu_arm/10.3_2021.10/bin/../lib/gcc/arm-none-eabi/10.3.1/../../../../arm-none-eabi/lib/thumb/v8-m.main+fp/hard\libc_nano.a(lib_a-dtoa.o)
                                 0xb5 (size before relaxing)
 *fill*         0x00009e9b        0x1 
 .rodata.__sf_fake_stderr
                0x00009e9c       0x20 c:/siliconlabs/simplicitystudio/v5/developer/toolchains/gnu_arm/10.3_2021.10/bin/../lib/gcc/arm-none-eabi/10.3.1/../../../../arm-none-eabi/lib/thumb/v8-m.main+fp/hard\libc_nano.a(lib_a-findfp.o)
                0x00009e9c                __sf_fake_stderr
 .rodata.__sf_fake_stdin
                0x00009ebc       0x20 c:/siliconlabs/simplicitystudio/v5/developer/toolchains/gnu_arm/10.3_2021.10/bin/../lib/gcc/arm-none-eabi/10.3.1/../../../../arm-none-eabi/lib/thumb/v8-m.main+fp/hard\libc_nano.a(lib_a-findfp.o)
                0x00009ebc                __sf_fake_stdin
 .rodata.__sf_fake_stdout
                0x00009edc       0x20 c:/siliconlabs/simplicitystudio/v5/developer/toolchains/gnu_arm/10.3_2021.10/bin/../lib/gcc/arm-none-eabi/10.3.1/../../../../arm-none-eabi/lib/thumb/v8-m.main+fp/hard\libc_nano.a(lib_a-findfp.o)
                0x00009edc                __sf_fake_stdout
 .rodata.__gethex.str1.1
                0x00009efc       0x86 c:/siliconlabs/simplicitystudio/v5/developer/toolchains/gnu_arm/10.3_2021.10/bin/../lib/gcc/arm-none-eabi/10.3.1/../../../../arm-none-eabi/lib/thumb/v8-m.main+fp/hard\libc_nano.a(lib_a-gdtoa-gethex.o)
                                 0x97 (size before relaxing)
 .rodata.str1.1
                0x00009f82        0x2 c:/siliconlabs/simplicitystudio/v5/developer/toolchains/gnu_arm/10.3_2021.10/bin/../lib/gcc/arm-none-eabi/10.3.1/../../../../arm-none-eabi/lib/thumb/v8-m.main+fp/hard\libc_nano.a(lib_a-lnumeric.o)
                                  0x3 (size before relaxing)
 .rodata._C_numeric_locale
                0x00009f84        0xc c:/siliconlabs/simplicitystudio/v5/developer/toolchains/gnu_arm/10.3_2021.10/bin/../lib/gcc/arm-none-eabi/10.3.1/../../../../arm-none-eabi/lib/thumb/v8-m.main+fp/hard\libc_nano.a(lib_a-lnumeric.o)
                0x00009f84                _C_numeric_locale
 .rodata._setlocale_r.str1.1
                0x00009f90        0x8 c:/siliconlabs/simplicitystudio/v5/developer/toolchains/gnu_arm/10.3_2021.10/bin/../lib/gcc/arm-none-eabi/10.3.1/../../../../arm-none-eabi/lib/thumb/v8-m.main+fp/hard\libc_nano.a(lib_a-locale.o)
                                  0x9 (size before relaxing)
 .rodata.str1.1
                0x00009f98        0x2 c:/siliconlabs/simplicitystudio/v5/developer/toolchains/gnu_arm/10.3_2021.10/bin/../lib/gcc/arm-none-eabi/10.3.1/../../../../arm-none-eabi/lib/thumb/v8-m.main+fp/hard\libc_nano.a(lib_a-locale.o)
 .rodata._Balloc.str1.1
                0x00009f98       0x7f c:/siliconlabs/simplicitystudio/v5/developer/toolchains/gnu_arm/10.3_2021.10/bin/../lib/gcc/arm-none-eabi/10.3.1/../../../../arm-none-eabi/lib/thumb/v8-m.main+fp/hard\libc_nano.a(lib_a-mprec.o)
                                 0x96 (size before relaxing)
 .rodata.__multadd.str1.1
                0x0000a017       0x11 c:/siliconlabs/simplicitystudio/v5/developer/toolchains/gnu_arm/10.3_2021.10/bin/../lib/gcc/arm-none-eabi/10.3.1/../../../../arm-none-eabi/lib/thumb/v8-m.main+fp/hard\libc_nano.a(lib_a-mprec.o)
 *fill*         0x0000a017        0x1 
 .rodata.__mprec_bigtens
                0x0000a018       0x28 c:/siliconlabs/simplicitystudio/v5/developer/toolchains/gnu_arm/10.3_2021.10/bin/../lib/gcc/arm-none-eabi/10.3.1/../../../../arm-none-eabi/lib/thumb/v8-m.main+fp/hard\libc_nano.a(lib_a-mprec.o)
                0x0000a018                __mprec_bigtens
 .rodata.__mprec_tens
                0x0000a040       0xc8 c:/siliconlabs/simplicitystudio/v5/developer/toolchains/gnu_arm/10.3_2021.10/bin/../lib/gcc/arm-none-eabi/10.3.1/../../../../arm-none-eabi/lib/thumb/v8-m.main+fp/hard\libc_nano.a(lib_a-mprec.o)
                0x0000a040                __mprec_tens
 .rodata.p05.0  0x0000a108        0xc c:/siliconlabs/simplicitystudio/v5/developer/toolchains/gnu_arm/10.3_2021.10/bin/../lib/gcc/arm-none-eabi/10.3.1/../../../../arm-none-eabi/lib/thumb/v8-m.main+fp/hard\libc_nano.a(lib_a-mprec.o)
 .rodata._svfprintf_r.str1.1
                0x0000a114       0x11 c:/siliconlabs/simplicitystudio/v5/developer/toolchains/gnu_arm/10.3_2021.10/bin/../lib/gcc/arm-none-eabi/10.3.1/../../../../arm-none-eabi/lib/thumb/v8-m.main+fp/hard\libc_nano.a(lib_a-nano-svfprintf.o)
 .rodata._vfprintf_r.str1.1
                0x0000a125       0x11 c:/siliconlabs/simplicitystudio/v5/developer/toolchains/gnu_arm/10.3_2021.10/bin/../lib/gcc/arm-none-eabi/10.3.1/../../../../arm-none-eabi/lib/thumb/v8-m.main+fp/hard\libc_nano.a(lib_a-nano-vfprintf.o)
 .rodata.__assert_func.str1.1
                0x0000a125       0x3c c:/siliconlabs/simplicitystudio/v5/developer/toolchains/gnu_arm/10.3_2021.10/bin/../lib/gcc/arm-none-eabi/10.3.1/../../../../arm-none-eabi/lib/thumb/v8-m.main+fp/hard\libc_nano.a(lib_a-assert.o)
                                 0x3d (size before relaxing)
 *(.eh_frame*)
 *fill*         0x0000a161        0x3 
 .eh_frame      0x0000a164        0x0 c:/siliconlabs/simplicitystudio/v5/developer/toolchains/gnu_arm/10.3_2021.10/bin/../lib/gcc/arm-none-eabi/10.3.1/thumb/v8-m.main+fp/hard/crtbegin.o

.glue_7         0x0000a164        0x0
 .glue_7        0x0000a164        0x0 linker stubs

.glue_7t        0x0000a164        0x0
 .glue_7t       0x0000a164        0x0 linker stubs

.vfp11_veneer   0x0000a164        0x0
 .vfp11_veneer  0x0000a164        0x0 linker stubs

.v4_bx          0x0000a164        0x0
 .v4_bx         0x0000a164        0x0 linker stubs

.iplt           0x0000a164        0x0
 .iplt          0x0000a164        0x0 c:/siliconlabs/simplicitystudio/v5/developer/toolchains/gnu_arm/10.3_2021.10/bin/../lib/gcc/arm-none-eabi/10.3.1/thumb/v8-m.main+fp/hard/crtbegin.o

.ARM.extab
 *(.ARM.extab* .gnu.linkonce.armextab.*)
                0x0000a164                __exidx_start = .

.ARM.exidx      0x0000a164        0x8
 *(.ARM.exidx* .gnu.linkonce.armexidx.*)
 .ARM.exidx     0x0000a164        0x8 c:/siliconlabs/simplicitystudio/v5/developer/toolchains/gnu_arm/10.3_2021.10/bin/../lib/gcc/arm-none-eabi/10.3.1/../../../../arm-none-eabi/lib/thumb/v8-m.main+fp/hard/crt0.o
                                 0x10 (size before relaxing)
 .ARM.exidx     0x0000a16c        0x0 c:/siliconlabs/simplicitystudio/v5/developer/toolchains/gnu_arm/10.3_2021.10/bin/../lib/gcc/arm-none-eabi/10.3.1/thumb/v8-m.main+fp/hard\libgcc.a(_udivmoddi4.o)
                                  0x8 (size before relaxing)
                0x0000a16c                __exidx_end = .

.rel.dyn        0x0000a16c        0x0