Archive member included to satisfy reference by file (symbol)

c:/siliconlabs/simplicitystudio/v5/developer/toolchains/gnu_arm/10.3_2021.10/bin/../lib/gcc/arm-none-eabi/10.3.1/thumb/v7e-m+fp/softfp\libgcc.a(_arm_addsubdf3.o)
                              ./cli.o (__aeabi_i2d)
c:/siliconlabs/simplicitystudio/v5/developer/toolchains/gnu_arm/10.3_2021.10/bin/../lib/gcc/arm-none-eabi/10.3.1/thumb/v7e-m+fp/softfp\libgcc.a(_arm_muldivdf3.o)
                              ./cli.o (__aeabi_ddiv)
c:/siliconlabs/simplicitystudio/v5/developer/toolchains/gnu_arm/10.3_2021.10/bin/../lib/gcc/arm-none-eabi/10.3.1/thumb/v7e-m+fp/softfp\libgcc.a(_arm_truncdfsf2.o)
                              ./cli.o (__aeabi_d2f)
c:/siliconlabs/simplicitystudio/v5/developer/toolchains/gnu_arm/10.3_2021.10/bin/../lib/gcc/arm-none-eabi/10.3.1/thumb/v7e-m+fp/softfp\libgcc.a(_aeabi_ldivmod.o)
                              ./gecko_sdk_4.2.3/platform/emlib/src/em_usart.o (__aeabi_ldivmod)
c:/siliconlabs/simplicitystudio/v5/developer/toolchains/gnu_arm/10.3_2021.10/bin/../lib/gcc/arm-none-eabi/10.3.1/thumb/v7e-m+fp/softfp\libgcc.a(_aeabi_uldivmod.o)
                              ./gecko_sdk_4.2.3/platform/emlib/src/em_usart.o (__aeabi_uldivmod)
c:/siliconlabs/simplicitystudio/v5/developer/toolchains/gnu_arm/10.3_2021.10/bin/../lib/gcc/arm-none-eabi/10.3.1/thumb/v7e-m+fp/softfp\libgcc.a(_udivmoddi4.o)
                              c:/siliconlabs/simplicitystudio/v5/developer/toolchains/gnu_arm/10.3_2021.10/bin/../lib/gcc/arm-none-eabi/10.3.1/thumb/v7e-m+fp/softfp\libgcc.a(_aeabi_ldivmod.o) (__udivmoddi4)
c:/siliconlabs/simplicitystudio/v5/developer/toolchains/gnu_arm/10.3_2021.10/bin/../lib/gcc/arm-none-eabi/10.3.1/thumb/v7e-m+fp/softfp\libgcc.a(_dvmd_tls.o)
                              c:/siliconlabs/simplicitystudio/v5/developer/toolchains/gnu_arm/10.3_2021.10/bin/../lib/gcc/arm-none-eabi/10.3.1/thumb/v7e-m+fp/softfp\libgcc.a(_aeabi_ldivmod.o) (__aeabi_ldiv0)
c:/siliconlabs/simplicitystudio/v5/developer/toolchains/gnu_arm/10.3_2021.10/bin/../lib/gcc/arm-none-eabi/10.3.1/../../../../arm-none-eabi/lib/thumb/v7e-m+fp/softfp\libc_nano.a(lib_a-ctype_.o)
                              ./gecko_sdk_4.2.3/platform/common/src/sl_string.o (_ctype_)
c:/siliconlabs/simplicitystudio/v5/developer/toolchains/gnu_arm/10.3_2021.10/bin/../lib/gcc/arm-none-eabi/10.3.1/../../../../arm-none-eabi/lib/thumb/v7e-m+fp/softfp\libc_nano.a(lib_a-exit.o)
                              c:/siliconlabs/simplicitystudio/v5/developer/toolchains/gnu_arm/10.3_2021.10/bin/../lib/gcc/arm-none-eabi/10.3.1/../../../../arm-none-eabi/lib/thumb/v7e-m+fp/softfp/crt0.o (exit)
c:/siliconlabs/simplicitystudio/v5/developer/toolchains/gnu_arm/10.3_2021.10/bin/../lib/gcc/arm-none-eabi/10.3.1/../../../../arm-none-eabi/lib/thumb/v7e-m+fp/softfp\libc_nano.a(lib_a-impure.o)
                              c:/siliconlabs/simplicitystudio/v5/developer/toolchains/gnu_arm/10.3_2021.10/bin/../lib/gcc/arm-none-eabi/10.3.1/../../../../arm-none-eabi/lib/thumb/v7e-m+fp/softfp\libc_nano.a(lib_a-exit.o) (_global_impure_ptr)
c:/siliconlabs/simplicitystudio/v5/developer/toolchains/gnu_arm/10.3_2021.10/bin/../lib/gcc/arm-none-eabi/10.3.1/../../../../arm-none-eabi/lib/thumb/v7e-m+fp/softfp\libc_nano.a(lib_a-init.o)
                              c:/siliconlabs/simplicitystudio/v5/developer/toolchains/gnu_arm/10.3_2021.10/bin/../lib/gcc/arm-none-eabi/10.3.1/../../../../arm-none-eabi/lib/thumb/v7e-m+fp/softfp/crt0.o (__libc_init_array)
c:/siliconlabs/simplicitystudio/v5/developer/toolchains/gnu_arm/10.3_2021.10/bin/../lib/gcc/arm-none-eabi/10.3.1/../../../../arm-none-eabi/lib/thumb/v7e-m+fp/softfp\libc_nano.a(lib_a-memcpy-stub.o)
                              ./gecko_sdk_4.2.3/platform/service/cli/src/sl_cli_input.o (memcpy)
c:/siliconlabs/simplicitystudio/v5/developer/toolchains/gnu_arm/10.3_2021.10/bin/../lib/gcc/arm-none-eabi/10.3.1/../../../../arm-none-eabi/lib/thumb/v7e-m+fp/softfp\libc_nano.a(lib_a-memmove.o)
                              ./gecko_sdk_4.2.3/platform/service/cli/src/sl_cli_input.o (memmove)
c:/siliconlabs/simplicitystudio/v5/developer/toolchains/gnu_arm/10.3_2021.10/bin/../lib/gcc/arm-none-eabi/10.3.1/../../../../arm-none-eabi/lib/thumb/v7e-m+fp/softfp\libc_nano.a(lib_a-memset.o)
                              c:/siliconlabs/simplicitystudio/v5/developer/toolchains/gnu_arm/10.3_2021.10/bin/../lib/gcc/arm-none-eabi/10.3.1/../../../../arm-none-eabi/lib/thumb/v7e-m+fp/softfp/crt0.o (memset)
c:/siliconlabs/simplicitystudio/v5/developer/toolchains/gnu_arm/10.3_2021.10/bin/../lib/gcc/arm-none-eabi/10.3.1/../../../../arm-none-eabi/lib/thumb/v7e-m+fp/softfp\libc_nano.a(lib_a-nano-vfprintf_float.o)
                              (_printf_float)
c:/siliconlabs/simplicitystudio/v5/developer/toolchains/gnu_arm/10.3_2021.10/bin/../lib/gcc/arm-none-eabi/10.3.1/../../../../arm-none-eabi/lib/thumb/v7e-m+fp/softfp\libc_nano.a(lib_a-nano-vfprintf_i.o)
[...]
Memory Configuration

Name             Origin             Length             Attributes
FLASH            0x00000000         0x00100000         xr
RAM              0x20000000         0x00030000         xrw
*default*        0x00000000         0xffffffff

Linker script and memory map

LOAD c:/siliconlabs/simplicitystudio/v5/developer/toolchains/gnu_arm/10.3_2021.10/bin/../lib/gcc/arm-none-eabi/10.3.1/thumb/v7e-m+fp/softfp/crti.o
LOAD c:/siliconlabs/simplicitystudio/v5/developer/toolchains/gnu_arm/10.3_2021.10/bin/../lib/gcc/arm-none-eabi/10.3.1/thumb/v7e-m+fp/softfp/crtbegin.o
LOAD c:/siliconlabs/simplicitystudio/v5/developer/toolchains/gnu_arm/10.3_2021.10/bin/../lib/gcc/arm-none-eabi/10.3.1/../../../../arm-none-eabi/lib/thumb/v7e-m+fp/softfp/crt0.o
START GROUP
LOAD ./app.o
LOAD ./cli.o
LOAD ./main.o
LOAD ./autogen/sl_board_default_init.o
LOAD ./autogen/sl_cli_command_table.o
LOAD ./autogen/sl_cli_instances.o
LOAD ./autogen/sl_device_init_clocks.o
LOAD ./autogen/sl_event_handler.o
LOAD ./autogen/sl_iostream_handles.o
LOAD ./autogen/sl_iostream_init_usart_instances.o
LOAD ./autogen/sli_cli_hooks.o
LOAD ./gecko_sdk_4.2.3/hardware/board/src/sl_board_control_gpio.o
LOAD ./gecko_sdk_4.2.3/hardware/board/src/sl_board_init.o
LOAD ./gecko_sdk_4.2.3/platform/Device/SiliconLabs/EFM32GG12B/Source/startup_efm32gg12b.o
LOAD ./gecko_sdk_4.2.3/platform/Device/SiliconLabs/EFM32GG12B/Source/system_efm32gg12b.o
LOAD ./gecko_sdk_4.2.3/platform/common/src/sl_assert.o
LOAD ./gecko_sdk_4.2.3/platform/common/src/sl_slist.o
LOAD ./gecko_sdk_4.2.3/platform/common/src/sl_string.o
LOAD ./gecko_sdk_4.2.3/platform/common/toolchain/src/sl_memory.o
LOAD ./gecko_sdk_4.2.3/platform/emdrv/dmadrv/src/dmadrv.o
LOAD ./gecko_sdk_4.2.3/platform/emlib/src/em_cmu.o
LOAD ./gecko_sdk_4.2.3/platform/emlib/src/em_core.o
LOAD ./gecko_sdk_4.2.3/platform/emlib/src/em_emu.o
LOAD ./gecko_sdk_4.2.3/platform/emlib/src/em_gpio.o
LOAD ./gecko_sdk_4.2.3/platform/emlib/src/em_ldma.o
LOAD ./gecko_sdk_4.2.3/platform/emlib/src/em_msc.o
LOAD ./gecko_sdk_4.2.3/platform/emlib/src/em_system.o
LOAD ./gecko_sdk_4.2.3/platform/emlib/src/em_usart.o
LOAD ./gecko_sdk_4.2.3/platform/service/cli/src/sl_cli.o
LOAD ./gecko_sdk_4.2.3/platform/service/cli/src/sl_cli_arguments.o
LOAD ./gecko_sdk_4.2.3/platform/service/cli/src/sl_cli_command.o
LOAD ./gecko_sdk_4.2.3/platform/service/cli/src/sl_cli_input.o
LOAD ./gecko_sdk_4.2.3/platform/service/cli/src/sl_cli_io.o
LOAD ./gecko_sdk_4.2.3/platform/service/cli/src/sl_cli_tokenize.o
LOAD ./gecko_sdk_4.2.3/platform/service/device_init/src/sl_device_init_dcdc_s1.o
LOAD ./gecko_sdk_4.2.3/platform/service/device_init/src/sl_device_init_emu_s1.o
LOAD ./gecko_sdk_4.2.3/platform/service/device_init/src/sl_device_init_hfxo_s1.o
LOAD ./gecko_sdk_4.2.3/platform/service/device_init/src/sl_device_init_lfxo_s1.o
LOAD ./gecko_sdk_4.2.3/platform/service/device_init/src/sl_device_init_nvic.o
LOAD ./gecko_sdk_4.2.3/platform/service/iostream/src/sl_iostream.o
LOAD ./gecko_sdk_4.2.3/platform/service/iostream/src/sl_iostream_retarget_stdio.o
LOAD ./gecko_sdk_4.2.3/platform/service/iostream/src/sl_iostream_stdlib_config.o
LOAD ./gecko_sdk_4.2.3/platform/service/iostream/src/sl_iostream_uart.o
LOAD ./gecko_sdk_4.2.3/platform/service/iostream/src/sl_iostream_usart.o
LOAD ./gecko_sdk_4.2.3/platform/service/system/src/sl_system_init.o
LOAD ./gecko_sdk_4.2.3/platform/service/system/src/sl_system_process_action.o
LOAD ./gecko_sdk_4.2.3/platform/service/udelay/src/sl_udelay.o
LOAD ./gecko_sdk_4.2.3/platform/service/udelay/src/sl_udelay_armv6m_gcc.o
LOAD c:/siliconlabs/simplicitystudio/v5/developer/toolchains/gnu_arm/10.3_2021.10/bin/../lib/gcc/arm-none-eabi/10.3.1/thumb/v7e-m+fp/softfp\libgcc.a
LOAD c:/siliconlabs/simplicitystudio/v5/developer/toolchains/gnu_arm/10.3_2021.10/bin/../lib/gcc/arm-none-eabi/10.3.1/../../../../arm-none-eabi/lib/thumb/v7e-m+fp/softfp\libc_nano.a
LOAD c:/siliconlabs/simplicitystudio/v5/developer/toolchains/gnu_arm/10.3_2021.10/bin/../lib/gcc/arm-none-eabi/10.3.1/../../../../arm-none-eabi/lib/thumb/v7e-m+fp/softfp\libm.a
LOAD c:/siliconlabs/simplicitystudio/v5/developer/toolchains/gnu_arm/10.3_2021.10/bin/../lib/gcc/arm-none-eabi/10.3.1/../../../../arm-none-eabi/lib/thumb/v7e-m+fp/softfp\libnosys.a
END GROUP
START GROUP
LOAD c:/siliconlabs/simplicitystudio/v5/developer/toolchains/gnu_arm/10.3_2021.10/bin/../lib/gcc/arm-none-eabi/10.3.1/thumb/v7e-m+fp/softfp\libgcc.a
LOAD c:/siliconlabs/simplicitystudio/v5/developer/toolchains/gnu_arm/10.3_2021.10/bin/../lib/gcc/arm-none-eabi/10.3.1/../../../../arm-none-eabi/lib/thumb/v7e-m+fp/softfp\libc_nano.a
LOAD c:/siliconlabs/simplicitystudio/v5/developer/toolchains/gnu_arm/10.3_2021.10/bin/../lib/gcc/arm-none-eabi/10.3.1/../../../../arm-none-eabi/lib/thumb/v7e-m+fp/softfp\libnosys.a
END GROUP
START GROUP
LOAD c:/siliconlabs/simplicitystudio/v5/developer/toolchains/gnu_arm/10.3_2021.10/bin/../lib/gcc/arm-none-eabi/10.3.1/thumb/v7e-m+fp/softfp\libgcc.a
LOAD c:/siliconlabs/simplicitystudio/v5/developer/toolchains/gnu_arm/10.3_2021.10/bin/../lib/gcc/arm-none-eabi/10.3.1/../../../../arm-none-eabi/lib/thumb/v7e-m+fp/softfp\libg_nano.a
LOAD c:/siliconlabs/simplicitystudio/v5/developer/toolchains/gnu_arm/10.3_2021.10/bin/../lib/gcc/arm-none-eabi/10.3.1/../../../../arm-none-eabi/lib/thumb/v7e-m+fp/softfp\libc_nano.a
END GROUP
START GROUP
LOAD c:/siliconlabs/simplicitystudio/v5/developer/toolchains/gnu_arm/10.3_2021.10/bin/../lib/gcc/arm-none-eabi/10.3.1/thumb/v7e-m+fp/softfp\libgcc.a
LOAD c:/siliconlabs/simplicitystudio/v5/developer/toolchains/gnu_arm/10.3_2021.10/bin/../lib/gcc/arm-none-eabi/10.3.1/../../../../arm-none-eabi/lib/thumb/v7e-m+fp/softfp\libc_nano.a
END GROUP
LOAD c:/siliconlabs/simplicitystudio/v5/developer/toolchains/gnu_arm/10.3_2021.10/bin/../lib/gcc/arm-none-eabi/10.3.1/thumb/v7e-m+fp/softfp/crtend.o
LOAD c:/siliconlabs/simplicitystudio/v5/developer/toolchains/gnu_arm/10.3_2021.10/bin/../lib/gcc/arm-none-eabi/10.3.1/thumb/v7e-m+fp/softfp/crtn.o

.text           0x00000000     0xb80c
                0x00000000                linker_vectors_begin = .
 *(.vectors)
 .vectors       0x00000000      0x130 ./gecko_sdk_4.2.3/platform/Device/SiliconLabs/EFM32GG12B/Source/startup_efm32gg12b.o
                0x00000000                __Vectors
                0x00000130                linker_vectors_end = .
                0x00000130                __Vectors_End = .
                0x00000130                __Vectors_Size = (__Vectors_End - __Vectors)
                0x00000130                linker_code_begin = .
 *(SORT_BY_ALIGNMENT(.text*))
 .text          0x00000130        0x8 ./gecko_sdk_4.2.3/platform/service/udelay/src/sl_udelay_armv6m_gcc.o
                0x00000130                sli_delay_loop
 *fill*         0x00000138        0x8 
 .text          0x00000140       0xa0 c:/siliconlabs/simplicitystudio/v5/developer/toolchains/gnu_arm/10.3_2021.10/bin/../lib/gcc/arm-none-eabi/10.3.1/../../../../arm-none-eabi/lib/thumb/v7e-m+fp/softfp\libc_nano.a(lib_a-memchr.o)
                0x00000140                memchr
 .text._strtod_l
                0x000001e0      0xbf4 c:/siliconlabs/simplicitystudio/v5/developer/toolchains/gnu_arm/10.3_2021.10/bin/../lib/gcc/arm-none-eabi/10.3.1/../../../../arm-none-eabi/lib/thumb/v7e-m+fp/softfp\libc_nano.a(lib_a-strtod.o)
                0x000001e0                _strtod_l
 *fill*         0x00000dd4        0x4 
 .text._dtoa_r  0x00000dd8      0xbdc c:/siliconlabs/simplicitystudio/v5/developer/toolchains/gnu_arm/10.3_2021.10/bin/../lib/gcc/arm-none-eabi/10.3.1/../../../../arm-none-eabi/lib/thumb/v7e-m+fp/softfp\libc_nano.a(lib_a-dtoa.o)
                0x00000dd8                _dtoa_r
 .text          0x000019b4       0x40 c:/siliconlabs/simplicitystudio/v5/developer/toolchains/gnu_arm/10.3_2021.10/bin/../lib/gcc/arm-none-eabi/10.3.1/thumb/v7e-m+fp/softfp/crtbegin.o
 .text          0x000019f4       0x7c c:/siliconlabs/simplicitystudio/v5/developer/toolchains/gnu_arm/10.3_2021.10/bin/../lib/gcc/arm-none-eabi/10.3.1/../../../../arm-none-eabi/lib/thumb/v7e-m+fp/softfp/crt0.o
                0x000019f4                _stack_init
                0x000019fc                _start
                0x000019fc                _mainCRTStartup
 .text.app_init
                0x00001a70       0x14 ./app.o
                0x00001a70                app_init
 .text.stateOPER
                0x00001a84        0xc ./cli.o
                0x00001a84                stateOPER
 .text.stateSTAN
                0x00001a90        0xc ./cli.o
                0x00001a90                stateSTAN
 .text.stateGET
                0x00001a9c        0xc ./cli.o
                0x00001a9c                stateGET
 .text.stateCW  0x00001aa8        0xc ./cli.o
                0x00001aa8                stateCW
 .text.stateCWA
                0x00001ab4        0xc ./cli.o
                0x00001ab4                stateCWA
 .text.RFON     0x00001ac0        0xc ./cli.o
                0x00001ac0                RFON
 .text.RFOFF    0x00001acc        0xc ./cli.o
                0x00001acc                RFOFF
 .text.RFGET    0x00001ad8       0x28 ./cli.o
                0x00001ad8                RFGET
 .text.faultGET
                0x00001b00        0xc ./cli.o
                0x00001b00                faultGET
 .text.attnGET  0x00001b0c        0xc ./cli.o
                0x00001b0c                attnGET
 .text.systemTEMP
                0x00001b18       0x28 ./cli.o
                0x00001b18                systemTEMP
 .text.systemVOLT
                0x00001b40       0x20 ./cli.o
                0x00001b40                systemVOLT
 .text.systemFIRM
                0x00001b60       0x24 ./cli.o
                0x00001b60                systemFIRM
 .text.systemIP
                0x00001b84       0x14 ./cli.o
                0x00001b84                systemIP
 .text.faultRES
                0x00001b98       0x2c ./cli.o
                0x00001b98                faultRES
 .text.attnSET  0x00001bc4       0x60 ./cli.o
                0x00001bc4                attnSET
 .text.admin    0x00001c24       0x40 ./cli.o
                0x00001c24                admin
 .text.initCLI  0x00001c64       0x28 ./cli.o
                0x00001c64                initCLI
 .text.sl_cli_instances_init
                0x00001c8c       0x40 ./autogen/sl_cli_instances.o
                0x00001c8c                sl_cli_instances_init
 .text.sl_cli_instances_tick
                0x00001ccc       0x28 ./autogen/sl_cli_instances.o
                0x00001ccc                sl_cli_instances_tick
 .text.sl_device_init_clocks
                0x00001cf4       0x58 ./autogen/sl_device_init_clocks.o
                0x00001cf4                sl_device_init_clocks
 .text.sl_platform_init
                0x00001d4c       0x84 ./autogen/sl_event_handler.o
                0x00001d4c                sl_platform_init
 .text.sl_iostream_usart_init_vcom
                0x00001dd0       0xb0 ./autogen/sl_iostream_init_usart_instances.o
                0x00001dd0                sl_iostream_usart_init_vcom
 .text.sl_iostream_usart_init_instances
                0x00001e80       0x1c ./autogen/sl_iostream_init_usart_instances.o
                0x00001e80                sl_iostream_usart_init_instances
 .text.USART0_RX_IRQHandler
                0x00001e9c        0xc ./autogen/sl_iostream_init_usart_instances.o
                0x00001e9c                USART0_RX_IRQHandler
 .text.sl_board_init
                0x00001ea8       0x18 ./gecko_sdk_4.2.3/hardware/board/src/sl_board_init.o
                0x00001ea8                sl_board_init
 .text.sl_board_preinit
                0x00001ec0        0xc ./gecko_sdk_4.2.3/hardware/board/src/sl_board_init.o
                0x00001ec0                sl_board_preinit
 .text.Reset_Handler
                0x00001ecc       0x60 ./gecko_sdk_4.2.3/platform/Device/SiliconLabs/EFM32GG12B/Source/startup_efm32gg12b.o
                0x00001ecc                Reset_Handler
 .text.SystemMaxCoreClockGet
                0x00001f2c        0x8 ./gecko_sdk_4.2.3/platform/Device/SiliconLabs/EFM32GG12B/Source/system_efm32gg12b.o
                0x00001f2c                SystemMaxCoreClockGet
 .text.SystemHFClockGet
                0x00001f34       0x74 ./gecko_sdk_4.2.3/platform/Device/SiliconLabs/EFM32GG12B/Source/system_efm32gg12b.o
                0x00001f34                SystemHFClockGet
 .text.SystemCoreClockGet
                0x00001fa8       0x24 ./gecko_sdk_4.2.3/platform/Device/SiliconLabs/EFM32GG12B/Source/system_efm32gg12b.o
                0x00001fa8                SystemCoreClockGet
 .text.SystemHFXOClockGet
                0x00001fcc        0xc ./gecko_sdk_4.2.3/platform/Device/SiliconLabs/EFM32GG12B/Source/system_efm32gg12b.o
                0x00001fcc                SystemHFXOClockGet
 .text.SystemHFXOClockSet
                0x00001fd8       0x20 ./gecko_sdk_4.2.3/platform/Device/SiliconLabs/EFM32GG12B/Source/system_efm32gg12b.o
                0x00001fd8                SystemHFXOClockSet
 .text.SystemInit
                0x00001ff8       0x1c ./gecko_sdk_4.2.3/platform/Device/SiliconLabs/EFM32GG12B/Source/system_efm32gg12b.o
                0x00001ff8                SystemInit
 .text.SystemLFXOClockGet
                0x00002014        0xc ./gecko_sdk_4.2.3/platform/Device/SiliconLabs/EFM32GG12B/Source/system_efm32gg12b.o
                0x00002014                SystemLFXOClockGet
 .text.sl_slist_push
                0x00002020       0x20 ./gecko_sdk_4.2.3/platform/common/src/sl_slist.o
                0x00002020                sl_slist_push
 .text.sl_strcasecmp
                0x00002040       0x44 ./gecko_sdk_4.2.3/platform/common/src/sl_string.o
                0x00002040                sl_strcasecmp
 .text._sbrk    0x00002084       0x20 ./gecko_sdk_4.2.3/platform/common/toolchain/src/sl_memory.o
                0x00002084                _sbrk
 .text.StartTransfer
                0x000020a4      0x178 ./gecko_sdk_4.2.3/platform/emdrv/dmadrv/src/dmadrv.o
 .text.DMADRV_AllocateChannel
                0x0000221c       0x60 ./gecko_sdk_4.2.3/platform/emdrv/dmadrv/src/dmadrv.o
                0x0000221c                DMADRV_AllocateChannel
 .text.DMADRV_DeInit
                0x0000227c       0x44 ./gecko_sdk_4.2.3/platform/emdrv/dmadrv/src/dmadrv.o
                0x0000227c                DMADRV_DeInit
 .text.DMADRV_FreeChannel
                0x000022c0       0x4c ./gecko_sdk_4.2.3/platform/emdrv/dmadrv/src/dmadrv.o
                0x000022c0                DMADRV_FreeChannel
 .text.DMADRV_Init
                0x0000230c       0x60 ./gecko_sdk_4.2.3/platform/emdrv/dmadrv/src/dmadrv.o
                0x0000230c                DMADRV_Init
 .text.DMADRV_PauseTransfer
                0x0000236c       0x40 ./gecko_sdk_4.2.3/platform/emdrv/dmadrv/src/dmadrv.o
                0x0000236c                DMADRV_PauseTransfer
 .text.DMADRV_ResumeTransfer
                0x000023ac       0x40 ./gecko_sdk_4.2.3/platform/emdrv/dmadrv/src/dmadrv.o
                0x000023ac                DMADRV_ResumeTransfer
 .text.DMADRV_StopTransfer
                0x000023ec       0x40 ./gecko_sdk_4.2.3/platform/emdrv/dmadrv/src/dmadrv.o
                0x000023ec                DMADRV_StopTransfer
 .text.DMADRV_TransferCompletePending
                0x0000242c       0x50 ./gecko_sdk_4.2.3/platform/emdrv/dmadrv/src/dmadrv.o
                0x0000242c                DMADRV_TransferCompletePending
 .text.DMADRV_TransferDone
                0x0000247c       0x44 ./gecko_sdk_4.2.3/platform/emdrv/dmadrv/src/dmadrv.o
                0x0000247c                DMADRV_TransferDone
 .text.LDMA_IRQHandler
                0x000024c0       0x74 ./gecko_sdk_4.2.3/platform/emdrv/dmadrv/src/dmadrv.o
                0x000024c0                LDMA_IRQHandler
 .text.setHfLeConfig
                0x00002534       0x44 ./gecko_sdk_4.2.3/platform/emlib/src/em_cmu.o
 .text.flashWaitStateControl
                0x00002578       0x54 ./gecko_sdk_4.2.3/platform/emlib/src/em_cmu.o
 .text.SL_Log2ToDiv
                0x000025cc       0x1c ./gecko_sdk_4.2.3/platform/emlib/src/em_cmu.o
 .text.EMU_VScaleWait
                0x000025e8       0x1c ./gecko_sdk_4.2.3/platform/emlib/src/em_cmu.o
 .text.EMU_VScaleGet
                0x00002604       0x14 ./gecko_sdk_4.2.3/platform/emlib/src/em_cmu.o
 .text.syncReg  0x00002618       0x18 ./gecko_sdk_4.2.3/platform/emlib/src/em_cmu.o
 .text.CMU_PrescToLog2
                0x00002630       0x40 ./gecko_sdk_4.2.3/platform/emlib/src/em_cmu.o
 .text.CMU_UpdateWaitStates
                0x00002670       0x74 ./gecko_sdk_4.2.3/platform/emlib/src/em_cmu.o
                0x00002670                CMU_UpdateWaitStates
 .text.CMU_ClockEnable
                0x000026e4       0xdc ./gecko_sdk_4.2.3/platform/emlib/src/em_cmu.o
                0x000026e4                CMU_ClockEnable
 .text.CMU_ClockPrescGet
                0x000027c0      0x198 ./gecko_sdk_4.2.3/platform/emlib/src/em_cmu.o
                0x000027c0                CMU_ClockPrescGet
 .text.CMU_ClockPrescSet
                0x00002958      0x45c ./gecko_sdk_4.2.3/platform/emlib/src/em_cmu.o
                0x00002958                CMU_ClockPrescSet
 .text.hfperClkSafePrescaler
                0x00002db4       0x2c ./gecko_sdk_4.2.3/platform/emlib/src/em_cmu.o
 .text.hfperClkOptimizedPrescaler
                0x00002de0       0x9c ./gecko_sdk_4.2.3/platform/emlib/src/em_cmu.o
 .text.CMU_ClockSelectGet
                0x00002e7c      0x15c ./gecko_sdk_4.2.3/platform/emlib/src/em_cmu.o
                0x00002e7c                CMU_ClockSelectGet
 .text.lfClkGet
                0x00002fd8       0xe0 ./gecko_sdk_4.2.3/platform/emlib/src/em_cmu.o
 .text.adcAsyncClkGet
                0x000030b8       0x64 ./gecko_sdk_4.2.3/platform/emlib/src/em_cmu.o
 .text.CMU_ClockFreqGet
                0x0000311c      0x37c ./gecko_sdk_4.2.3/platform/emlib/src/em_cmu.o
                0x0000311c                CMU_ClockFreqGet
 .text.CMU_LFXOPrecisionSet
                0x00003498        0xc ./gecko_sdk_4.2.3/platform/emlib/src/em_cmu.o
                0x00003498                CMU_LFXOPrecisionSet
 .text.CMU_OscillatorTuningWait
                0x000034a4       0x4c ./gecko_sdk_4.2.3/platform/emlib/src/em_cmu.o
                0x000034a4                CMU_OscillatorTuningWait
 .text.CMU_OscillatorEnable
                0x000034f0      0x128 ./gecko_sdk_4.2.3/platform/emlib/src/em_cmu.o
                0x000034f0                CMU_OscillatorEnable
 .text.sli_em_cmu_HFClockSelectHFXO
                0x00003618       0x68 ./gecko_sdk_4.2.3/platform/emlib/src/em_cmu.o
                0x00003618                sli_em_cmu_HFClockSelectHFXO
 .text.CMU_HFXOInit
                0x00003680       0x9c ./gecko_sdk_4.2.3/platform/emlib/src/em_cmu.o
                0x00003680                CMU_HFXOInit
 .text.CMU_LFXOInit
                0x0000371c       0x58 ./gecko_sdk_4.2.3/platform/emlib/src/em_cmu.o
                0x0000371c                CMU_LFXOInit
 .text.EMU_LDOStatusGet
                0x00003774       0x14 ./gecko_sdk_4.2.3/platform/emlib/src/em_emu.o
 .text.lpGetDevinfoVrefLowHigh
                0x00003788       0xa8 ./gecko_sdk_4.2.3/platform/emlib/src/em_emu.o
 .text.EMU_VScaleWait
                0x00003830       0x18 ./gecko_sdk_4.2.3/platform/emlib/src/em_emu.o
 .text.lpCmpHystCalibrationLoad.constprop.0
                0x00003848       0x78 ./gecko_sdk_4.2.3/platform/emlib/src/em_emu.o
 .text.EMU_EM4Init
                0x000038c0       0x54 ./gecko_sdk_4.2.3/platform/emlib/src/em_emu.o
                0x000038c0                EMU_EM4Init
 .text.EMU_VScaleEM01
                0x00003914       0x80 ./gecko_sdk_4.2.3/platform/emlib/src/em_emu.o
                0x00003914                EMU_VScaleEM01
 .text.EMU_VScaleEM01ByClock
                0x00003994       0x50 ./gecko_sdk_4.2.3/platform/emlib/src/em_emu.o
                0x00003994                EMU_VScaleEM01ByClock
 .text.EMU_DCDCModeSet
                0x000039e4       0x68 ./gecko_sdk_4.2.3/platform/emlib/src/em_emu.o
                0x000039e4                EMU_DCDCModeSet
 .text.EMU_DCDCOutputVoltageSet
                0x00003a4c      0x18c ./gecko_sdk_4.2.3/platform/emlib/src/em_emu.o
                0x00003a4c                EMU_DCDCOutputVoltageSet
 .text.EMU_DCDCOptimizeSlice
                0x00003bd8       0xe0 ./gecko_sdk_4.2.3/platform/emlib/src/em_emu.o
                0x00003bd8                EMU_DCDCOptimizeSlice
 .text.EMU_DCDCLnRcoBandSet
                0x00003cb8       0x44 ./gecko_sdk_4.2.3/platform/emlib/src/em_emu.o
                0x00003cb8                EMU_DCDCLnRcoBandSet
 .text.EMU_DCDCInit
                0x00003cfc      0x170 ./gecko_sdk_4.2.3/platform/emlib/src/em_emu.o
                0x00003cfc                EMU_DCDCInit
 .text.GPIO_PinOutSet
                0x00003e6c       0x48 ./gecko_sdk_4.2.3/platform/emlib/src/em_gpio.o
 .text.GPIO_PinOutClear
                0x00003eb4       0x48 ./gecko_sdk_4.2.3/platform/emlib/src/em_gpio.o
 .text.GPIO_PinModeSet
                0x00003efc       0x94 ./gecko_sdk_4.2.3/platform/emlib/src/em_gpio.o
                0x00003efc                GPIO_PinModeSet
 .text.LDMA_DeInit
                0x00003f90       0x28 ./gecko_sdk_4.2.3/platform/emlib/src/em_ldma.o
                0x00003f90                LDMA_DeInit
 .text.LDMA_EnableChannelRequest
                0x00003fb8       0x38 ./gecko_sdk_4.2.3/platform/emlib/src/em_ldma.o
                0x00003fb8                LDMA_EnableChannelRequest
 .text.LDMA_Init
                0x00003ff0       0x80 ./gecko_sdk_4.2.3/platform/emlib/src/em_ldma.o
                0x00003ff0                LDMA_Init
 .text.LDMA_StartTransfer
                0x00004070      0x10c ./gecko_sdk_4.2.3/platform/emlib/src/em_ldma.o
                0x00004070                LDMA_StartTransfer
 .text.LDMA_StopTransfer
                0x0000417c       0x40 ./gecko_sdk_4.2.3/platform/emlib/src/em_ldma.o
                0x0000417c                LDMA_StopTransfer
 .text.LDMA_TransferDone
                0x000041bc       0x44 ./gecko_sdk_4.2.3/platform/emlib/src/em_ldma.o
                0x000041bc                LDMA_TransferDone
 .text.USART_BaudrateAsyncSet
                0x00004200       0xf4 ./gecko_sdk_4.2.3/platform/emlib/src/em_usart.o
                0x00004200                USART_BaudrateAsyncSet
 .text.USART_Enable
                0x000042f4       0x5c ./gecko_sdk_4.2.3/platform/emlib/src/em_usart.o
                0x000042f4                USART_Enable
 .text.USART_Reset
                0x00004350       0xb0 ./gecko_sdk_4.2.3/platform/emlib/src/em_usart.o
                0x00004350                USART_Reset
 .text.USART_InitAsync
                0x00004400       0xc8 ./gecko_sdk_4.2.3/platform/emlib/src/em_usart.o
                0x00004400                USART_InitAsync
 .text.sl_cli_clear
                0x000044c8       0x40 ./gecko_sdk_4.2.3/platform/service/cli/src/sl_cli.o
                0x000044c8                sl_cli_clear
 .text.sl_cli_handle_input
                0x00004508       0x40 ./gecko_sdk_4.2.3/platform/service/cli/src/sl_cli.o
                0x00004508                sl_cli_handle_input
 .text.sli_cli_tick
                0x00004548       0x88 ./gecko_sdk_4.2.3/platform/service/cli/src/sl_cli.o
                0x00004548                sli_cli_tick
 .text.sli_cli_arguments_validate_uint
                0x000045d0       0xe0 ./gecko_sdk_4.2.3/platform/service/cli/src/sl_cli_arguments.o
                0x000045d0                sli_cli_arguments_validate_uint
 .text.sli_cli_arguments_validate_hex_string
                0x000046b0       0x40 ./gecko_sdk_4.2.3/platform/service/cli/src/sl_cli_arguments.o
                0x000046b0                sli_cli_arguments_validate_hex_string
 .text.print_and_pad
                0x000046f0       0x28 ./gecko_sdk_4.2.3/platform/service/cli/src/sl_cli_command.o
 .text.cmd_help_command
                0x00004718      0x1bc ./gecko_sdk_4.2.3/platform/service/cli/src/sl_cli_command.o
 .text.sl_cli_command_find_matches
                0x000048d4      0x1b4 ./gecko_sdk_4.2.3/platform/service/cli/src/sl_cli_command.o
                0x000048d4                sl_cli_command_find_matches
 .text.sl_cli_command_find
                0x00004a88       0x74 ./gecko_sdk_4.2.3/platform/service/cli/src/sl_cli_command.o
                0x00004a88                sl_cli_command_find
 .text.sl_cli_input_autocomplete
                0x00004afc      0x1c8 ./gecko_sdk_4.2.3/platform/service/cli/src/sl_cli_input.o
                0x00004afc                sl_cli_input_autocomplete
 .text.sl_cli_input_char
                0x00004cc4      0x1d0 ./gecko_sdk_4.2.3/platform/service/cli/src/sl_cli_input.o
                0x00004cc4                sl_cli_input_char
 .text.sl_device_init_dcdc
                0x00004e94       0x2c ./gecko_sdk_4.2.3/platform/service/device_init/src/sl_device_init_dcdc_s1.o
                0x00004e94                sl_device_init_dcdc
 .text.sl_device_init_hfxo
                0x00004ec0       0x5c ./gecko_sdk_4.2.3/platform/service/device_init/src/sl_device_init_hfxo_s1.o
                0x00004ec0                sl_device_init_hfxo
 .text.sl_device_init_lfxo
                0x00004f1c       0x28 ./gecko_sdk_4.2.3/platform/service/device_init/src/sl_device_init_lfxo_s1.o
                0x00004f1c                sl_device_init_lfxo
 .text.sl_device_init_nvic
                0x00004f44       0x3c ./gecko_sdk_4.2.3/platform/service/device_init/src/sl_device_init_nvic.o
                0x00004f44                sl_device_init_nvic
 .text.sl_iostream_set_default
                0x00004f80       0x18 ./gecko_sdk_4.2.3/platform/service/iostream/src/sl_iostream.o
                0x00004f80                sl_iostream_set_default
 .text.sl_iostream_get_default
                0x00004f98       0x18 ./gecko_sdk_4.2.3/platform/service/iostream/src/sl_iostream.o
                0x00004f98                sl_iostream_get_default
 .text._write   0x00004fb0       0x1c ./gecko_sdk_4.2.3/platform/service/iostream/src/sl_iostream_retarget_stdio.o
                0x00004fb0                _write
 .text.sl_iostream_stdlib_disable_buffering
                0x00004fcc       0x14 ./gecko_sdk_4.2.3/platform/service/iostream/src/sl_iostream_stdlib_config.o
                0x00004fcc                sl_iostream_stdlib_disable_buffering
 .text.get_write_ptr
                0x00004fe0       0x40 ./gecko_sdk_4.2.3/platform/service/iostream/src/sl_iostream_uart.o
 .text.dma_irq_handler
                0x00005020       0x74 ./gecko_sdk_4.2.3/platform/service/iostream/src/sl_iostream_uart.o
 .text.uart_read
                0x00005094      0x1f0 ./gecko_sdk_4.2.3/platform/service/iostream/src/sl_iostream_uart.o
 .text.uart_deinit
                0x00005284       0x98 ./gecko_sdk_4.2.3/platform/service/iostream/src/sl_iostream_uart.o
 .text.uart_write
                0x0000531c       0xbc ./gecko_sdk_4.2.3/platform/service/iostream/src/sl_iostream_uart.o
 .text.sli_iostream_uart_context_init
                0x000053d8       0xf8 ./gecko_sdk_4.2.3/platform/service/iostream/src/sl_iostream_uart.o
                0x000053d8                sli_iostream_uart_context_init
 .text.sl_iostream_usart_init
                0x000054d0      0x168 ./gecko_sdk_4.2.3/platform/service/iostream/src/sl_iostream_usart.o
                0x000054d0                sl_iostream_usart_init
 .text.sl_udelay_wait
                0x00005638       0x54 ./gecko_sdk_4.2.3/platform/service/udelay/src/sl_udelay.o
                0x00005638                sl_udelay_wait
 .text          0x0000568c      0x378 c:/siliconlabs/simplicitystudio/v5/developer/toolchains/gnu_arm/10.3_2021.10/bin/../lib/gcc/arm-none-eabi/10.3.1/thumb/v7e-m+fp/softfp\libgcc.a(_arm_addsubdf3.o)
                0x0000568c                __aeabi_drsub
                0x00005694                __aeabi_dsub
                0x00005694                __subdf3
                0x00005698                __aeabi_dadd
                0x00005698                __adddf3
                0x00005910                __floatunsidf
                0x00005910                __aeabi_ui2d
                0x00005930                __floatsidf
                0x00005930                __aeabi_i2d
                0x00005954                __aeabi_f2d
                0x00005954                __extendsfdf2
                0x00005998                __floatundidf
                0x00005998                __aeabi_ul2d
                0x000059a8                __floatdidf
                0x000059a8                __aeabi_l2d
 .text          0x00005a04      0x424 c:/siliconlabs/simplicitystudio/v5/developer/toolchains/gnu_arm/10.3_2021.10/bin/../lib/gcc/arm-none-eabi/10.3.1/thumb/v7e-m+fp/softfp\libgcc.a(_arm_muldivdf3.o)
                0x00005a04                __aeabi_dmul
                0x00005a04                __muldf3
                0x00005c58                __divdf3
                0x00005c58                __aeabi_ddiv
 .text          0x00005e28       0xa0 c:/siliconlabs/simplicitystudio/v5/developer/toolchains/gnu_arm/10.3_2021.10/bin/../lib/gcc/arm-none-eabi/10.3.1/thumb/v7e-m+fp/softfp\libgcc.a(_arm_truncdfsf2.o)
                0x00005e28                __truncdfsf2
                0x00005e28                __aeabi_d2f
 .text          0x00005ec8       0x30 c:/siliconlabs/simplicitystudio/v5/developer/toolchains/gnu_arm/10.3_2021.10/bin/../lib/gcc/arm-none-eabi/10.3.1/thumb/v7e-m+fp/softfp\libgcc.a(_aeabi_uldivmod.o)
                0x00005ec8                __aeabi_uldivmod
 .text          0x00005ef8      0x2d0 c:/siliconlabs/simplicitystudio/v5/developer/toolchains/gnu_arm/10.3_2021.10/bin/../lib/gcc/arm-none-eabi/10.3.1/thumb/v7e-m+fp/softfp\libgcc.a(_udivmoddi4.o)
                0x00005ef8                __udivmoddi4
 .text          0x000061c8        0x4 c:/siliconlabs/simplicitystudio/v5/developer/toolchains/gnu_arm/10.3_2021.10/bin/../lib/gcc/arm-none-eabi/10.3.1/thumb/v7e-m+fp/softfp\libgcc.a(_dvmd_tls.o)
                0x000061c8                __aeabi_idiv0
                0x000061c8                __aeabi_ldiv0
 .text.exit     0x000061cc       0x28 c:/siliconlabs/simplicitystudio/v5/developer/toolchains/gnu_arm/10.3_2021.10/bin/../lib/gcc/arm-none-eabi/10.3.1/../../../../arm-none-eabi/lib/thumb/v7e-m+fp/softfp\libc_nano.a(lib_a-exit.o)
                0x000061cc                exit
 .text.__libc_init_array
                0x000061f4       0x48 c:/siliconlabs/simplicitystudio/v5/developer/toolchains/gnu_arm/10.3_2021.10/bin/../lib/gcc/arm-none-eabi/10.3.1/../../../../arm-none-eabi/lib/thumb/v7e-m+fp/softfp\libc_nano.a(lib_a-init.o)
                0x000061f4                __libc_init_array
 .text._printf_float
                0x0000623c      0x470 c:/siliconlabs/simplicitystudio/v5/developer/toolchains/gnu_arm/10.3_2021.10/bin/../lib/gcc/arm-none-eabi/10.3.1/../../../../arm-none-eabi/lib/thumb/v7e-m+fp/softfp\libc_nano.a(lib_a-nano-vfprintf_float.o)
                0x0000623c                _printf_float
 .text._printf_i
                0x000066ac      0x24c c:/siliconlabs/simplicitystudio/v5/developer/toolchains/gnu_arm/10.3_2021.10/bin/../lib/gcc/arm-none-eabi/10.3.1/../../../../arm-none-eabi/lib/thumb/v7e-m+fp/softfp\libc_nano.a(lib_a-nano-vfprintf_i.o)
                0x000066ac                _printf_i
 .text._scanf_float
                0x000068f8      0x418 c:/siliconlabs/simplicitystudio/v5/developer/toolchains/gnu_arm/10.3_2021.10/bin/../lib/gcc/arm-none-eabi/10.3.1/../../../../arm-none-eabi/lib/thumb/v7e-m+fp/softfp\libc_nano.a(lib_a-nano-vfscanf_float.o)
                0x000068f8                _scanf_float
 .text.printf   0x00006d10       0x30 c:/siliconlabs/simplicitystudio/v5/developer/toolchains/gnu_arm/10.3_2021.10/bin/../lib/gcc/arm-none-eabi/10.3.1/../../../../arm-none-eabi/lib/thumb/v7e-m+fp/softfp\libc_nano.a(lib_a-printf.o)
                0x00006d10                iprintf
                0x00006d10                printf
 .text.setvbuf  0x00006d40      0x18c c:/siliconlabs/simplicitystudio/v5/developer/toolchains/gnu_arm/10.3_2021.10/bin/../lib/gcc/arm-none-eabi/10.3.1/../../../../arm-none-eabi/lib/thumb/v7e-m+fp/softfp\libc_nano.a(lib_a-setvbuf.o)
                0x00006d40                setvbuf
 .text.nanf     0x00006ecc        0x8 c:/siliconlabs/simplicitystudio/v5/developer/toolchains/gnu_arm/10.3_2021.10/bin/../lib/gcc/arm-none-eabi/10.3.1/../../../../arm-none-eabi/lib/thumb/v7e-m+fp/softfp\libc_nano.a(lib_a-sf_nan.o)
                0x00006ecc                nanf
 .text.sprintf  0x00006ed4       0x40 c:/siliconlabs/simplicitystudio/v5/developer/toolchains/gnu_arm/10.3_2021.10/bin/../lib/gcc/arm-none-eabi/10.3.1/../../../../arm-none-eabi/lib/thumb/v7e-m+fp/softfp\libc_nano.a(lib_a-sprintf.o)
                0x00006ed4                siprintf
                0x00006ed4                sprintf
 .text._strtod_r
                0x00006f14        0xc c:/siliconlabs/simplicitystudio/v5/developer/toolchains/gnu_arm/10.3_2021.10/bin/../lib/gcc/arm-none-eabi/10.3.1/../../../../arm-none-eabi/lib/thumb/v7e-m+fp/softfp\libc_nano.a(lib_a-strtod.o)
                0x00006f14                _strtod_r
 .text._strtol_l.constprop.0
                0x00006f20      0x104 c:/siliconlabs/simplicitystudio/v5/developer/toolchains/gnu_arm/10.3_2021.10/bin/../lib/gcc/arm-none-eabi/10.3.1/../../../../arm-none-eabi/lib/thumb/v7e-m+fp/softfp\libc_nano.a(lib_a-strtol.o)
 .text.strtol   0x00007024       0x14 c:/siliconlabs/simplicitystudio/v5/developer/toolchains/gnu_arm/10.3_2021.10/bin/../lib/gcc/arm-none-eabi/10.3.1/../../../../arm-none-eabi/lib/thumb/v7e-m+fp/softfp\libc_nano.a(lib_a-strtol.o)
                0x00007024                strtol
 .text._strtoll_l.constprop.0
                0x00007038      0x12c c:/siliconlabs/simplicitystudio/v5/developer/toolchains/gnu_arm/10.3_2021.10/bin/../lib/gcc/arm-none-eabi/10.3.1/../../../../arm-none-eabi/lib/thumb/v7e-m+fp/softfp\libc_nano.a(lib_a-strtoll.o)
 .text.strtoll  0x00007164       0x14 c:/siliconlabs/simplicitystudio/v5/developer/toolchains/gnu_arm/10.3_2021.10/bin/../lib/gcc/arm-none-eabi/10.3.1/../../../../arm-none-eabi/lib/thumb/v7e-m+fp/softfp\libc_nano.a(lib_a-strtoll.o)
                0x00007164                strtoll
 .text._strtoul_l.constprop.0
                0x00007178       0xe4 c:/siliconlabs/simplicitystudio/v5/developer/toolchains/gnu_arm/10.3_2021.10/bin/../lib/gcc/arm-none-eabi/10.3.1/../../../../arm-none-eabi/lib/thumb/v7e-m+fp/softfp\libc_nano.a(lib_a-strtoul.o)
 .text.strtoul  0x0000725c       0x14 c:/siliconlabs/simplicitystudio/v5/developer/toolchains/gnu_arm/10.3_2021.10/bin/../lib/gcc/arm-none-eabi/10.3.1/../../../../arm-none-eabi/lib/thumb/v7e-m+fp/softfp\libc_nano.a(lib_a-strtoul.o)
                0x0000725c                strtoul
 .text.vprintf  0x00007270       0x30 c:/siliconlabs/simplicitystudio/v5/developer/toolchains/gnu_arm/10.3_2021.10/bin/../lib/gcc/arm-none-eabi/10.3.1/../../../../arm-none-eabi/lib/thumb/v7e-m+fp/softfp\libc_nano.a(lib_a-vprintf.o)
                0x00007270                viprintf
                0x00007270                vprintf
 .text.__errno  0x000072a0        0xc c:/siliconlabs/simplicitystudio/v5/developer/toolchains/gnu_arm/10.3_2021.10/bin/../lib/gcc/arm-none-eabi/10.3.1/../../../../arm-none-eabi/lib/thumb/v7e-m+fp/softfp\libc_nano.a(lib_a-errno.o)
                0x000072a0                __errno
 .text.__sflush_r
                0x000072ac      0x10c c:/siliconlabs/simplicitystudio/v5/developer/toolchains/gnu_arm/10.3_2021.10/bin/../lib/gcc/arm-none-eabi/10.3.1/../../../../arm-none-eabi/lib/thumb/v7e-m+fp/softfp\libc_nano.a(lib_a-fflush.o)
                0x000072ac                __sflush_r
 .text._fflush_r
                0x000073b8       0x78 c:/siliconlabs/simplicitystudio/v5/developer/toolchains/gnu_arm/10.3_2021.10/bin/../lib/gcc/arm-none-eabi/10.3.1/../../../../arm-none-eabi/lib/thumb/v7e-m+fp/softfp\libc_nano.a(lib_a-fflush.o)
                0x000073b8                _fflush_r
 .text.std      0x00007430       0x48 c:/siliconlabs/simplicitystudio/v5/developer/toolchains/gnu_arm/10.3_2021.10/bin/../lib/gcc/arm-none-eabi/10.3.1/../../../../arm-none-eabi/lib/thumb/v7e-m+fp/softfp\libc_nano.a(lib_a-findfp.o)
 .text._cleanup_r
                0x00007478        0xc c:/siliconlabs/simplicitystudio/v5/developer/toolchains/gnu_arm/10.3_2021.10/bin/../lib/gcc/arm-none-eabi/10.3.1/../../../../arm-none-eabi/lib/thumb/v7e-m+fp/softfp\libc_nano.a(lib_a-findfp.o)
                0x00007478                _cleanup_r
 .text.__sfp_lock_acquire
                0x00007484        0xc c:/siliconlabs/simplicitystudio/v5/developer/toolchains/gnu_arm/10.3_2021.10/bin/../lib/gcc/arm-none-eabi/10.3.1/../../../../arm-none-eabi/lib/thumb/v7e-m+fp/softfp\libc_nano.a(lib_a-findfp.o)
                0x00007484                __sfp_lock_acquire
 .text.__sfp_lock_release
                0x00007490        0xc c:/siliconlabs/simplicitystudio/v5/developer/toolchains/gnu_arm/10.3_2021.10/bin/../lib/gcc/arm-none-eabi/10.3.1/../../../../arm-none-eabi/lib/thumb/v7e-m+fp/softfp\libc_nano.a(lib_a-findfp.o)
                0x00007490                __sfp_lock_release
 .text.__sinit_lock_acquire
                0x0000749c        0xc c:/siliconlabs/simplicitystudio/v5/developer/toolchains/gnu_arm/10.3_2021.10/bin/../lib/gcc/arm-none-eabi/10.3.1/../../../../arm-none-eabi/lib/thumb/v7e-m+fp/softfp\libc_nano.a(lib_a-findfp.o)
                0x0000749c                __sinit_lock_acquire
 .text.__sinit_lock_release
                0x000074a8        0xc c:/siliconlabs/simplicitystudio/v5/developer/toolchains/gnu_arm/10.3_2021.10/bin/../lib/gcc/arm-none-eabi/10.3.1/../../../../arm-none-eabi/lib/thumb/v7e-m+fp/softfp\libc_nano.a(lib_a-findfp.o)
                0x000074a8                __sinit_lock_release
 .text.__sinit  0x000074b4       0x70 c:/siliconlabs/simplicitystudio/v5/developer/toolchains/gnu_arm/10.3_2021.10/bin/../lib/gcc/arm-none-eabi/10.3.1/../../../../arm-none-eabi/lib/thumb/v7e-m+fp/softfp\libc_nano.a(lib_a-findfp.o)
                0x000074b4                __sinit
 .text.__sfp    0x00007524       0x8c c:/siliconlabs/simplicitystudio/v5/developer/toolchains/gnu_arm/10.3_2021.10/bin/../lib/gcc/arm-none-eabi/10.3.1/../../../../arm-none-eabi/lib/thumb/v7e-m+fp/softfp\libc_nano.a(lib_a-findfp.o)
                0x00007524                __sfp
 .text.__gethex
                0x000075b0      0x48c c:/siliconlabs/simplicitystudio/v5/developer/toolchains/gnu_arm/10.3_2021.10/bin/../lib/gcc/arm-none-eabi/10.3.1/../../../../arm-none-eabi/lib/thumb/v7e-m+fp/softfp\libc_nano.a(lib_a-gdtoa-gethex.o)
                0x000075b0                __gethex
 .text._localeconv_r
                0x00007a3c        0x8 c:/siliconlabs/simplicitystudio/v5/developer/toolchains/gnu_arm/10.3_2021.10/bin/../lib/gcc/arm-none-eabi/10.3.1/../../../../arm-none-eabi/lib/thumb/v7e-m+fp/softfp\libc_nano.a(lib_a-localeconv.o)
                0x00007a3c                _localeconv_r
 .text.__smakebuf_r
                0x00007a44       0x80 c:/siliconlabs/simplicitystudio/v5/developer/toolchains/gnu_arm/10.3_2021.10/bin/../lib/gcc/arm-none-eabi/10.3.1/../../../../arm-none-eabi/lib/thumb/v7e-m+fp/softfp\libc_nano.a(lib_a-makebuf.o)
                0x00007a44                __smakebuf_r
 .text.malloc   0x00007ac4       0x10 c:/siliconlabs/simplicitystudio/v5/developer/toolchains/gnu_arm/10.3_2021.10/bin/../lib/gcc/arm-none-eabi/10.3.1/../../../../arm-none-eabi/lib/thumb/v7e-m+fp/softfp\libc_nano.a(lib_a-malloc.o)
                0x00007ac4                malloc
 .text._Balloc  0x00007ad4       0x80 c:/siliconlabs/simplicitystudio/v5/developer/toolchains/gnu_arm/10.3_2021.10/bin/../lib/gcc/arm-none-eabi/10.3.1/../../../../arm-none-eabi/lib/thumb/v7e-m+fp/softfp\libc_nano.a(lib_a-mprec.o)
                0x00007ad4                _Balloc
 .text._Bfree   0x00007b54       0x44 c:/siliconlabs/simplicitystudio/v5/developer/toolchains/gnu_arm/10.3_2021.10/bin/../lib/gcc/arm-none-eabi/10.3.1/../../../../arm-none-eabi/lib/thumb/v7e-m+fp/softfp\libc_nano.a(lib_a-mprec.o)
                0x00007b54                _Bfree
 .text.__multadd
                0x00007b98       0x8c c:/siliconlabs/simplicitystudio/v5/developer/toolchains/gnu_arm/10.3_2021.10/bin/../lib/gcc/arm-none-eabi/10.3.1/../../../../arm-none-eabi/lib/thumb/v7e-m+fp/softfp\libc_nano.a(lib_a-mprec.o)
                0x00007b98                __multadd
 .text.__s2b    0x00007c24       0x94 c:/siliconlabs/simplicitystudio/v5/developer/toolchains/gnu_arm/10.3_2021.10/bin/../lib/gcc/arm-none-eabi/10.3.1/../../../../arm-none-eabi/lib/thumb/v7e-m+fp/softfp\libc_nano.a(lib_a-mprec.o)
                0x00007c24                __s2b
 .text.__i2b    0x00007cb8       0x2c c:/siliconlabs/simplicitystudio/v5/developer/toolchains/gnu_arm/10.3_2021.10/bin/../lib/gcc/arm-none-eabi/10.3.1/../../../../arm-none-eabi/lib/thumb/v7e-m+fp/softfp\libc_nano.a(lib_a-mprec.o)
                0x00007cb8                __i2b
 .text.__multiply
                0x00007ce4      0x154 c:/siliconlabs/simplicitystudio/v5/developer/toolchains/gnu_arm/10.3_2021.10/bin/../lib/gcc/arm-none-eabi/10.3.1/../../../../arm-none-eabi/lib/thumb/v7e-m+fp/softfp\libc_nano.a(lib_a-mprec.o)
                0x00007ce4                __multiply
 .text.__pow5mult
                0x00007e38       0xb4 c:/siliconlabs/simplicitystudio/v5/developer/toolchains/gnu_arm/10.3_2021.10/bin/../lib/gcc/arm-none-eabi/10.3.1/../../../../arm-none-eabi/lib/thumb/v7e-m+fp/softfp\libc_nano.a(lib_a-mprec.o)
                0x00007e38                __pow5mult
 .text.__lshift
                0x00007eec       0xe0 c:/siliconlabs/simplicitystudio/v5/developer/toolchains/gnu_arm/10.3_2021.10/bin/../lib/gcc/arm-none-eabi/10.3.1/../../../../arm-none-eabi/lib/thumb/v7e-m+fp/softfp\libc_nano.a(lib_a-mprec.o)
                0x00007eec                __lshift
 .text.__mdiff  0x00007fcc      0x114 c:/siliconlabs/simplicitystudio/v5/developer/toolchains/gnu_arm/10.3_2021.10/bin/../lib/gcc/arm-none-eabi/10.3.1/../../../../arm-none-eabi/lib/thumb/v7e-m+fp/softfp\libc_nano.a(lib_a-mprec.o)
                0x00007fcc                __mdiff
 .text.__ulp    0x000080e0       0x4c c:/siliconlabs/simplicitystudio/v5/developer/toolchains/gnu_arm/10.3_2021.10/bin/../lib/gcc/arm-none-eabi/10.3.1/../../../../arm-none-eabi/lib/thumb/v7e-m+fp/softfp\libc_nano.a(lib_a-mprec.o)
                0x000080e0                __ulp
 .text.__b2d    0x0000812c       0xa8 c:/siliconlabs/simplicitystudio/v5/developer/toolchains/gnu_arm/10.3_2021.10/bin/../lib/gcc/arm-none-eabi/10.3.1/../../../../arm-none-eabi/lib/thumb/v7e-m+fp/softfp\libc_nano.a(lib_a-mprec.o)
                0x0000812c                __b2d
 .text.__d2b    0x000081d4       0xb4 c:/siliconlabs/simplicitystudio/v5/developer/toolchains/gnu_arm/10.3_2021.10/bin/../lib/gcc/arm-none-eabi/10.3.1/../../../../arm-none-eabi/lib/thumb/v7e-m+fp/softfp\libc_nano.a(lib_a-mprec.o)
                0x000081d4                __d2b
 .text._free_r  0x00008288       0x98 c:/siliconlabs/simplicitystudio/v5/developer/toolchains/gnu_arm/10.3_2021.10/bin/../lib/gcc/arm-none-eabi/10.3.1/../../../../arm-none-eabi/lib/thumb/v7e-m+fp/softfp\libc_nano.a(lib_a-nano-freer.o)
                0x00008288                _free_r
 .text.sbrk_aligned
                0x00008320       0x40 c:/siliconlabs/simplicitystudio/v5/developer/toolchains/gnu_arm/10.3_2021.10/bin/../lib/gcc/arm-none-eabi/10.3.1/../../../../arm-none-eabi/lib/thumb/v7e-m+fp/softfp\libc_nano.a(lib_a-nano-mallocr.o)
 .text._malloc_r
                0x00008360       0xe8 c:/siliconlabs/simplicitystudio/v5/developer/toolchains/gnu_arm/10.3_2021.10/bin/../lib/gcc/arm-none-eabi/10.3.1/../../../../arm-none-eabi/lib/thumb/v7e-m+fp/softfp\libc_nano.a(lib_a-nano-mallocr.o)
                0x00008360                _malloc_r
 .text._svfprintf_r
                0x00008448      0x200 c:/siliconlabs/simplicitystudio/v5/developer/toolchains/gnu_arm/10.3_2021.10/bin/../lib/gcc/arm-none-eabi/10.3.1/../../../../arm-none-eabi/lib/thumb/v7e-m+fp/softfp\libc_nano.a(lib_a-nano-svfprintf.o)
                0x00008448                _svfiprintf_r
                0x00008448                _svfprintf_r
 .text._vfprintf_r
                0x00008648      0x260 c:/siliconlabs/simplicitystudio/v5/developer/toolchains/gnu_arm/10.3_2021.10/bin/../lib/gcc/arm-none-eabi/10.3.1/../../../../arm-none-eabi/lib/thumb/v7e-m+fp/softfp\libc_nano.a(lib_a-nano-vfprintf.o)
                0x00008648                _vfprintf_r
                0x00008648                _vfiprintf_r
 .text.nan      0x000088a8        0xc c:/siliconlabs/simplicitystudio/v5/developer/toolchains/gnu_arm/10.3_2021.10/bin/../lib/gcc/arm-none-eabi/10.3.1/../../../../arm-none-eabi/lib/thumb/v7e-m+fp/softfp\libc_nano.a(lib_a-s_nan.o)
                0x000088a8                nan
 .text._sbrk_r  0x000088b4       0x20 c:/siliconlabs/simplicitystudio/v5/developer/toolchains/gnu_arm/10.3_2021.10/bin/../lib/gcc/arm-none-eabi/10.3.1/../../../../arm-none-eabi/lib/thumb/v7e-m+fp/softfp\libc_nano.a(lib_a-sbrkr.o)
                0x000088b4                _sbrk_r
 .text.__swbuf_r
                0x000088d4       0xa4 c:/siliconlabs/simplicitystudio/v5/developer/toolchains/gnu_arm/10.3_2021.10/bin/../lib/gcc/arm-none-eabi/10.3.1/../../../../arm-none-eabi/lib/thumb/v7e-m+fp/softfp\libc_nano.a(lib_a-wbuf.o)
                0x000088d4                __swbuf_r
 .text._write_r
                0x00008978       0x24 c:/siliconlabs/simplicitystudio/v5/developer/toolchains/gnu_arm/10.3_2021.10/bin/../lib/gcc/arm-none-eabi/10.3.1/../../../../arm-none-eabi/lib/thumb/v7e-m+fp/softfp\libc_nano.a(lib_a-writer.o)
                0x00008978                _write_r
 .text.__swsetup_r
                0x0000899c       0xdc c:/siliconlabs/simplicitystudio/v5/developer/toolchains/gnu_arm/10.3_2021.10/bin/../lib/gcc/arm-none-eabi/10.3.1/../../../../arm-none-eabi/lib/thumb/v7e-m+fp/softfp\libc_nano.a(lib_a-wsetup.o)
                0x0000899c                __swsetup_r
 .text.__assert_func
                0x00008a78       0x3c c:/siliconlabs/simplicitystudio/v5/developer/toolchains/gnu_arm/10.3_2021.10/bin/../lib/gcc/arm-none-eabi/10.3.1/../../../../arm-none-eabi/lib/thumb/v7e-m+fp/softfp\libc_nano.a(lib_a-assert.o)
                0x00008a78                __assert_func
 .text._close_r
                0x00008ab4       0x20 c:/siliconlabs/simplicitystudio/v5/developer/toolchains/gnu_arm/10.3_2021.10/bin/../lib/gcc/arm-none-eabi/10.3.1/../../../../arm-none-eabi/lib/thumb/v7e-m+fp/softfp\libc_nano.a(lib_a-closer.o)
                0x00008ab4                _close_r
 .text.fprintf  0x00008ad4       0x24 c:/siliconlabs/simplicitystudio/v5/developer/toolchains/gnu_arm/10.3_2021.10/bin/../lib/gcc/arm-none-eabi/10.3.1/../../../../arm-none-eabi/lib/thumb/v7e-m+fp/softfp\libc_nano.a(lib_a-fprintf.o)
                0x00008ad4                fiprintf
                0x00008ad4                fprintf
 .text._fstat_r
                0x00008af8       0x24 c:/siliconlabs/simplicitystudio/v5/developer/toolchains/gnu_arm/10.3_2021.10/bin/../lib/gcc/arm-none-eabi/10.3.1/../../../../arm-none-eabi/lib/thumb/v7e-m+fp/softfp\libc_nano.a(lib_a-fstatr.o)
                0x00008af8                _fstat_r
 .text._isatty_r
                0x00008b1c       0x20 c:/siliconlabs/simplicitystudio/v5/developer/toolchains/gnu_arm/10.3_2021.10/bin/../lib/gcc/arm-none-eabi/10.3.1/../../../../arm-none-eabi/lib/thumb/v7e-m+fp/softfp\libc_nano.a(lib_a-isattyr.o)
                0x00008b1c                _isatty_r
 .text._lseek_r
                0x00008b3c       0x24 c:/siliconlabs/simplicitystudio/v5/developer/toolchains/gnu_arm/10.3_2021.10/bin/../lib/gcc/arm-none-eabi/10.3.1/../../../../arm-none-eabi/lib/thumb/v7e-m+fp/softfp\libc_nano.a(lib_a-lseekr.o)
                0x00008b3c                _lseek_r
 .text.__malloc_lock
                0x00008b60        0xc c:/siliconlabs/simplicitystudio/v5/developer/toolchains/gnu_arm/10.3_2021.10/bin/../lib/gcc/arm-none-eabi/10.3.1/../../../../arm-none-eabi/lib/thumb/v7e-m+fp/softfp\libc_nano.a(lib_a-mlock.o)
                0x00008b60                __malloc_lock
 .text.__malloc_unlock
                0x00008b6c        0xc c:/siliconlabs/simplicitystudio/v5/developer/toolchains/gnu_arm/10.3_2021.10/bin/../lib/gcc/arm-none-eabi/10.3.1/../../../../arm-none-eabi/lib/thumb/v7e-m+fp/softfp\libc_nano.a(lib_a-mlock.o)
                0x00008b6c                __malloc_unlock
 .text._read_r  0x00008b78       0x24 c:/siliconlabs/simplicitystudio/v5/developer/toolchains/gnu_arm/10.3_2021.10/bin/../lib/gcc/arm-none-eabi/10.3.1/../../../../arm-none-eabi/lib/thumb/v7e-m+fp/softfp\libc_nano.a(lib_a-readr.o)
                0x00008b78                _read_r
 .text.raise    0x00008b9c       0x10 c:/siliconlabs/simplicitystudio/v5/developer/toolchains/gnu_arm/10.3_2021.10/bin/../lib/gcc/arm-none-eabi/10.3.1/../../../../arm-none-eabi/lib/thumb/v7e-m+fp/softfp\libc_nano.a(lib_a-signal.o)
                0x00008b9c                raise
 .text._kill_r  0x00008bac       0x24 c:/siliconlabs/simplicitystudio/v5/developer/toolchains/gnu_arm/10.3_2021.10/bin/../lib/gcc/arm-none-eabi/10.3.1/../../../../arm-none-eabi/lib/thumb/v7e-m+fp/softfp\libc_nano.a(lib_a-signalr.o)
                0x00008bac                _kill_r
 .text          0x00008bd0      0x110 c:/siliconlabs/simplicitystudio/v5/developer/toolchains/gnu_arm/10.3_2021.10/bin/../lib/gcc/arm-none-eabi/10.3.1/thumb/v7e-m+fp/softfp\libgcc.a(_arm_cmpdf2.o)
                0x00008bd0                __gtdf2
                0x00008bd0                __gedf2
                0x00008bd8                __ltdf2
                0x00008bd8                __ledf2
                0x00008be0                __nedf2
                0x00008be0                __eqdf2
                0x00008be0                __cmpdf2
                0x00008c5c                __aeabi_cdrcmple
                0x00008c6c                __aeabi_cdcmpeq
                0x00008c6c                __aeabi_cdcmple
                0x00008c7c                __aeabi_dcmpeq
                0x00008c90                __aeabi_dcmplt
                0x00008ca4                __aeabi_dcmple
                0x00008cb8                __aeabi_dcmpge
                0x00008ccc                __aeabi_dcmpgt
 .text          0x00008ce0       0x2c c:/siliconlabs/simplicitystudio/v5/developer/toolchains/gnu_arm/10.3_2021.10/bin/../lib/gcc/arm-none-eabi/10.3.1/thumb/v7e-m+fp/softfp\libgcc.a(_arm_unorddf2.o)
                0x00008ce0                __unorddf2
                0x00008ce0                __aeabi_dcmpun
 .text          0x00008d0c       0x50 c:/siliconlabs/simplicitystudio/v5/developer/toolchains/gnu_arm/10.3_2021.10/bin/../lib/gcc/arm-none-eabi/10.3.1/thumb/v7e-m+fp/softfp\libgcc.a(_arm_fixdfsi.o)
                0x00008d0c                __aeabi_d2iz
                0x00008d0c                __fixdfsi
 .text          0x00008d5c       0x40 c:/siliconlabs/simplicitystudio/v5/developer/toolchains/gnu_arm/10.3_2021.10/bin/../lib/gcc/arm-none-eabi/10.3.1/thumb/v7e-m+fp/softfp\libgcc.a(_arm_fixunsdfsi.o)
                0x00008d5c                __aeabi_d2uiz
                0x00008d5c                __fixunsdfsi
 .text          0x00008d9c       0x30 c:/siliconlabs/simplicitystudio/v5/developer/toolchains/gnu_arm/10.3_2021.10/bin/../lib/gcc/arm-none-eabi/10.3.1/thumb/v7e-m+fp/softfp\libgcc.a(_fixdfdi.o)
                0x00008d9c                __fixdfdi
                0x00008d9c                __aeabi_d2lz
 .text          0x00008dcc       0x3c c:/siliconlabs/simplicitystudio/v5/developer/toolchains/gnu_arm/10.3_2021.10/bin/../lib/gcc/arm-none-eabi/10.3.1/thumb/v7e-m+fp/softfp\libgcc.a(_fixunsdfdi.o)
                0x00008dcc                __fixunsdfdi
                0x00008dcc                __aeabi_d2ulz
 .text.app_process_action
                0x00008e08        0x2 ./app.o
                0x00008e08                app_process_action
 .text.startup.main
                0x00008e0a       0x14 ./main.o
                0x00008e0a                main
 .text.sl_board_default_init
                0x00008e1e        0x2 ./autogen/sl_board_default_init.o
                0x00008e1e                sl_board_default_init
 .text.sl_driver_init
                0x00008e20        0x2 ./autogen/sl_event_handler.o
                0x00008e20                sl_driver_init
 .text.sl_service_init
                0x00008e22       0x16 ./autogen/sl_event_handler.o
                0x00008e22                sl_service_init
 .text.sl_stack_init
                0x00008e38        0x2 ./autogen/sl_event_handler.o
                0x00008e38                sl_stack_init
 .text.sl_internal_app_init
                0x00008e3a        0x2 ./autogen/sl_event_handler.o
                0x00008e3a                sl_internal_app_init
 .text.sl_platform_process_action
                0x00008e3c        0x2 ./autogen/sl_event_handler.o
                0x00008e3c                sl_platform_process_action
 .text.sl_service_process_action
                0x00008e3e        0x4 ./autogen/sl_event_handler.o
                0x00008e3e                sl_service_process_action
 .text.sl_stack_process_action
                0x00008e42        0x2 ./autogen/sl_event_handler.o
                0x00008e42                sl_stack_process_action
 .text.sl_internal_app_process_action
                0x00008e44        0x2 ./autogen/sl_event_handler.o
                0x00008e44                sl_internal_app_process_action
 .text.USART0_TX_IRQHandler
                0x00008e46        0x4 ./autogen/sl_iostream_init_usart_instances.o
                0x00008e46                USART0_TX_IRQHandler
 .text.sl_board_configure_vcom
                0x00008e4a        0x4 ./gecko_sdk_4.2.3/hardware/board/src/sl_board_control_gpio.o
                0x00008e4a                sl_board_configure_vcom
 .text.Default_Handler
                0x00008e4e        0x2 ./gecko_sdk_4.2.3/platform/Device/SiliconLabs/EFM32GG12B/Source/startup_efm32gg12b.o
                0x00008e4e                TIMER2_IRQHandler
                0x00008e4e                DebugMon_Handler
                0x00008e4e                I2C0_IRQHandler
                0x00008e4e                HardFault_Handler
                0x00008e4e                LEUART1_IRQHandler
                0x00008e4e                SysTick_Handler
                0x00008e4e                SDIO_IRQHandler
                0x00008e4e                USART1_RX_IRQHandler
                0x00008e4e                PendSV_Handler
                0x00008e4e                NMI_Handler
                0x00008e4e                I2C1_IRQHandler
                0x00008e4e                CAN1_IRQHandler
                0x00008e4e                WTIMER0_IRQHandler
                0x00008e4e                PDM_IRQHandler
                0x00008e4e                CRYPTO0_IRQHandler
                0x00008e4e                WDOG0_IRQHandler
                0x00008e4e                TIMER3_IRQHandler
                0x00008e4e                USART1_TX_IRQHandler
                0x00008e4e                USART4_RX_IRQHandler
                0x00008e4e                SMU_IRQHandler
                0x00008e4e                MSC_IRQHandler
                0x00008e4e                ADC0_IRQHandler
                0x00008e4e                UsageFault_Handler
                0x00008e4e                WDOG1_IRQHandler
                0x00008e4e                LEUART0_IRQHandler
                0x00008e4e                FPUEH_IRQHandler
                0x00008e4e                WTIMER1_IRQHandler
                0x00008e4e                GPIO_EVEN_IRQHandler
                0x00008e4e                UART0_TX_IRQHandler
                0x00008e4e                UART1_TX_IRQHandler
                0x00008e4e                VDAC0_IRQHandler
                0x00008e4e                QSPI0_IRQHandler
                0x00008e4e                CSEN_IRQHandler
                0x00008e4e                ADC1_IRQHandler
                0x00008e4e                RTC_IRQHandler
                0x00008e4e                TIMER0_IRQHandler
                0x00008e4e                LCD_IRQHandler
                0x00008e4e                PCNT2_IRQHandler
                0x00008e4e                UART0_RX_IRQHandler
                0x00008e4e                LETIMER0_IRQHandler
                0x00008e4e                TIMER1_IRQHandler
                0x00008e4e                TRNG0_IRQHandler
                0x00008e4e                USART2_RX_IRQHandler
                0x00008e4e                Default_Handler
                0x00008e4e                EMU_IRQHandler
                0x00008e4e                CRYOTIMER_IRQHandler
                0x00008e4e                PCNT0_IRQHandler
                0x00008e4e                sl_app_properties
                0x00008e4e                USB_IRQHandler
                0x00008e4e                USART4_TX_IRQHandler
                0x00008e4e                PCNT1_IRQHandler
                0x00008e4e                ACMP0_IRQHandler
                0x00008e4e                MemManage_Handler
                0x00008e4e                SVC_Handler
                0x00008e4e                USART3_RX_IRQHandler
                0x00008e4e                RTCC_IRQHandler
                0x00008e4e                UART1_RX_IRQHandler
                0x00008e4e                CMU_IRQHandler
                0x00008e4e                EBI_IRQHandler
                0x00008e4e                CAN0_IRQHandler
                0x00008e4e                GPIO_ODD_IRQHandler
                0x00008e4e                LESENSE_IRQHandler
                0x00008e4e                USART3_TX_IRQHandler
                0x00008e4e                LETIMER1_IRQHandler
                0x00008e4e                ACMP2_IRQHandler
                0x00008e4e                BusFault_Handler
                0x00008e4e                USART2_TX_IRQHandler
                0x00008e4e                IDAC0_IRQHandler
 .text.SystemLFRCOClockGet
                0x00008e50        0x6 ./gecko_sdk_4.2.3/platform/Device/SiliconLabs/EFM32GG12B/Source/system_efm32gg12b.o
                0x00008e50                SystemLFRCOClockGet
 .text.SystemULFRCOClockGet
                0x00008e56        0x6 ./gecko_sdk_4.2.3/platform/Device/SiliconLabs/EFM32GG12B/Source/system_efm32gg12b.o
                0x00008e56                SystemULFRCOClockGet
 .text.assertEFM
                0x00008e5c        0x2 ./gecko_sdk_4.2.3/platform/common/src/sl_assert.o
                0x00008e5c                assertEFM
 .text.sl_slist_init
                0x00008e5e        0x6 ./gecko_sdk_4.2.3/platform/common/src/sl_slist.o
                0x00008e5e                sl_slist_init
 .text.sl_strcpy_s
                0x00008e64       0x22 ./gecko_sdk_4.2.3/platform/common/src/sl_string.o
                0x00008e64                sl_strcpy_s
 .text.sl_strnlen
                0x00008e86       0x16 ./gecko_sdk_4.2.3/platform/common/src/sl_string.o
                0x00008e86                sl_strnlen
 .text.sl_strlen
                0x00008e9c        0x8 ./gecko_sdk_4.2.3/platform/common/src/sl_string.o
                0x00008e9c                sl_strlen
 .text.sl_strcat_s
                0x00008ea4       0x26 ./gecko_sdk_4.2.3/platform/common/src/sl_string.o
                0x00008ea4                sl_strcat_s
 .text.DMADRV_PeripheralMemory
                0x00008eca       0x34 ./gecko_sdk_4.2.3/platform/emdrv/dmadrv/src/dmadrv.o
                0x00008eca                DMADRV_PeripheralMemory
 .text.flashWaitStateMax
                0x00008efe       0x24 ./gecko_sdk_4.2.3/platform/emlib/src/em_cmu.o
 .text.CMU_ClockDivGet
                0x00008f22        0xa ./gecko_sdk_4.2.3/platform/emlib/src/em_cmu.o
                0x00008f22                CMU_ClockDivGet
 .text.CORE_EnterCritical
                0x00008f2c        0x8 ./gecko_sdk_4.2.3/platform/emlib/src/em_core.o
                0x00008f2c                CORE_EnterCritical
 .text.CORE_ExitCritical
                0x00008f34        0x6 ./gecko_sdk_4.2.3/platform/emlib/src/em_core.o
                0x00008f34                CORE_ExitCritical
 .text.CORE_EnterAtomic
                0x00008f3a        0xc ./gecko_sdk_4.2.3/platform/emlib/src/em_core.o
                0x00008f3a                CORE_EnterAtomic
 .text.CORE_ExitAtomic
                0x00008f46        0x6 ./gecko_sdk_4.2.3/platform/emlib/src/em_core.o
                0x00008f46                CORE_ExitAtomic
 .text.BUS_RegMaskedWrite
                0x00008f4c       0x22 ./gecko_sdk_4.2.3/platform/emlib/src/em_gpio.o
 .text.USART_Tx
                0x00008f6e        0xa ./gecko_sdk_4.2.3/platform/emlib/src/em_usart.o
                0x00008f6e                USART_Tx
 .text.sli_cli_session_activity_notification
                0x00008f78        0x2 ./gecko_sdk_4.2.3/platform/service/cli/src/sl_cli.o
                0x00008f78                sli_cli_session_activity_notification
 .text.sli_cli_session_init
                0x00008f7a        0x4 ./gecko_sdk_4.2.3/platform/service/cli/src/sl_cli.o
                0x00008f7a                sli_cli_session_init
 .text.sli_cli_session_handler
                0x00008f7e        0x4 ./gecko_sdk_4.2.3/platform/service/cli/src/sl_cli.o
                0x00008f7e                sli_cli_session_handler
 .text.sli_cli_handle_input_and_history
                0x00008f82       0x2a ./gecko_sdk_4.2.3/platform/service/cli/src/sl_cli.o
                0x00008f82                sli_cli_handle_input_and_history
 .text.sl_cli_instance_init
                0x00008fac       0x28 ./gecko_sdk_4.2.3/platform/service/cli/src/sl_cli.o
                0x00008fac                sl_cli_instance_init
 .text.sl_cli_tick_instance
                0x00008fd4        0x8 ./gecko_sdk_4.2.3/platform/service/cli/src/sl_cli.o
                0x00008fd4                sl_cli_tick_instance
 .text.sli_cli_arguments_validate_int
                0x00008fdc       0x16 ./gecko_sdk_4.2.3/platform/service/cli/src/sl_cli_arguments.o
                0x00008fdc                sli_cli_arguments_validate_int
 .text.sli_cli_validate_argument
                0x00008ff2       0x40 ./gecko_sdk_4.2.3/platform/service/cli/src/sl_cli_arguments.o
                0x00008ff2                sli_cli_validate_argument
 .text.sli_cli_arguments_convert_single
                0x00009032       0xfc ./gecko_sdk_4.2.3/platform/service/cli/src/sl_cli_arguments.o
                0x00009032                sli_cli_arguments_convert_single
 .text.sli_cli_arguments_convert_multiple
                0x0000912e       0xfa ./gecko_sdk_4.2.3/platform/service/cli/src/sl_cli_arguments.o
                0x0000912e                sli_cli_arguments_convert_multiple
 .text.scan_entry
                0x00009228       0x90 ./gecko_sdk_4.2.3/platform/service/cli/src/sl_cli_command.o
 .text.cmd_help_group
                0x000092b8       0x18 ./gecko_sdk_4.2.3/platform/service/cli/src/sl_cli_command.o
 .text.sli_cli_pre_cmd_hook
                0x000092d0        0x2 ./gecko_sdk_4.2.3/platform/service/cli/src/sl_cli_command.o
                0x000092d0                sli_cli_pre_cmd_hook
 .text.sli_cli_post_cmd_hook
                0x000092d2        0x2 ./gecko_sdk_4.2.3/platform/service/cli/src/sl_cli_command.o
                0x000092d2                sli_cli_post_cmd_hook
 .text.sl_cli_command_add_command_group
                0x000092d4       0x1a ./gecko_sdk_4.2.3/platform/service/cli/src/sl_cli_command.o
                0x000092d4                sl_cli_command_add_command_group
 .text.sl_cli_command_execute
                0x000092ee       0xae ./gecko_sdk_4.2.3/platform/service/cli/src/sl_cli_command.o
                0x000092ee                sl_cli_command_execute
 .text.history_get_count
                0x0000939c       0x30 ./gecko_sdk_4.2.3/platform/service/cli/src/sl_cli_input.o
 .text.history_get_ofs
                0x000093cc       0x7a ./gecko_sdk_4.2.3/platform/service/cli/src/sl_cli_input.o
 .text.sl_cli_input_clear
                0x00009446       0x16 ./gecko_sdk_4.2.3/platform/service/cli/src/sl_cli_input.o
                0x00009446                sl_cli_input_clear
 .text.sli_cli_input_update_history
                0x0000945c       0x86 ./gecko_sdk_4.2.3/platform/service/cli/src/sl_cli_input.o
                0x0000945c                sli_cli_input_update_history
 .text.sl_cli_input_get_history
                0x000094e2       0x92 ./gecko_sdk_4.2.3/platform/service/cli/src/sl_cli_input.o
                0x000094e2                sl_cli_input_get_history
 .text.sli_cli_io_getchar
                0x00009574       0x1e ./gecko_sdk_4.2.3/platform/service/cli/src/sl_cli_io.o
                0x00009574                sli_cli_io_getchar
 .text.sli_cli_io_putchar
                0x00009592       0x18 ./gecko_sdk_4.2.3/platform/service/cli/src/sl_cli_io.o
                0x00009592                sli_cli_io_putchar
 .text.sli_cli_io_printf
                0x000095aa       0x1c ./gecko_sdk_4.2.3/platform/service/cli/src/sl_cli_io.o
                0x000095aa                sli_cli_io_printf
 .text.escape   0x000095c6       0x26 ./gecko_sdk_4.2.3/platform/service/cli/src/sl_cli_tokenize.o
 .text.sl_cli_tokenize
                0x000095ec       0xec ./gecko_sdk_4.2.3/platform/service/cli/src/sl_cli_tokenize.o
                0x000095ec                sl_cli_tokenize
 .text.sl_device_init_emu
                0x000096d8       0x1c ./gecko_sdk_4.2.3/platform/service/device_init/src/sl_device_init_emu_s1.o
                0x000096d8                sl_device_init_emu
 .text.sl_iostream_write
                0x000096f4       0x28 ./gecko_sdk_4.2.3/platform/service/iostream/src/sl_iostream.o
                0x000096f4                sl_iostream_write
 .text.sl_iostream_read
                0x0000971c       0x32 ./gecko_sdk_4.2.3/platform/service/iostream/src/sl_iostream.o
                0x0000971c                sl_iostream_read
 .text.sl_iostream_putchar
                0x0000974e       0x16 ./gecko_sdk_4.2.3/platform/service/iostream/src/sl_iostream.o
                0x0000974e                sl_iostream_putchar
 .text.sl_iostream_getchar
                0x00009764        0x8 ./gecko_sdk_4.2.3/platform/service/iostream/src/sl_iostream.o
                0x00009764                sl_iostream_getchar
 .text._close   0x0000976c        0x4 ./gecko_sdk_4.2.3/platform/service/iostream/src/sl_iostream_retarget_stdio.o
                0x0000976c                _close
 .text._exit    0x00009770        0x2 ./gecko_sdk_4.2.3/platform/service/iostream/src/sl_iostream_retarget_stdio.o
                0x00009770                _exit
 .text._fstat   0x00009772        0xa ./gecko_sdk_4.2.3/platform/service/iostream/src/sl_iostream_retarget_stdio.o
                0x00009772                _fstat
 .text._getpid  0x0000977c        0x4 ./gecko_sdk_4.2.3/platform/service/iostream/src/sl_iostream_retarget_stdio.o
                0x0000977c                _getpid
 .text._isatty  0x00009780        0x4 ./gecko_sdk_4.2.3/platform/service/iostream/src/sl_iostream_retarget_stdio.o
                0x00009780                _isatty
 .text._kill    0x00009784        0x6 ./gecko_sdk_4.2.3/platform/service/iostream/src/sl_iostream_retarget_stdio.o
                0x00009784                _kill
 .text._lseek   0x0000978a        0x4 ./gecko_sdk_4.2.3/platform/service/iostream/src/sl_iostream_retarget_stdio.o
                0x0000978a                _lseek
 .text._read    0x0000978e       0x1c ./gecko_sdk_4.2.3/platform/service/iostream/src/sl_iostream_retarget_stdio.o
                0x0000978e                _read
 .text.set_auto_cr_lf
                0x000097aa        0x6 ./gecko_sdk_4.2.3/platform/service/iostream/src/sl_iostream_uart.o
 .text.get_auto_cr_lf
                0x000097b0        0x6 ./gecko_sdk_4.2.3/platform/service/iostream/src/sl_iostream_uart.o
 .text.usart_set_next_byte_detect
                0x000097b6        0xc ./gecko_sdk_4.2.3/platform/service/iostream/src/sl_iostream_usart.o
 .text.usart_deinit
                0x000097c2       0x78 ./gecko_sdk_4.2.3/platform/service/iostream/src/sl_iostream_usart.o
 .text.usart_tx
                0x0000983a        0xc ./gecko_sdk_4.2.3/platform/service/iostream/src/sl_iostream_usart.o
 .text.sl_iostream_usart_irq_handler
                0x00009846       0x72 ./gecko_sdk_4.2.3/platform/service/iostream/src/sl_iostream_usart.o
                0x00009846                sl_iostream_usart_irq_handler
 .text.sl_system_init
                0x000098b8       0x1a ./gecko_sdk_4.2.3/platform/service/system/src/sl_system_init.o
                0x000098b8                sl_system_init
 .text.sl_system_process_action
                0x000098d2       0x16 ./gecko_sdk_4.2.3/platform/service/system/src/sl_system_process_action.o
                0x000098d2                sl_system_process_action
 .text.memcpy   0x000098e8       0x1c c:/siliconlabs/simplicitystudio/v5/developer/toolchains/gnu_arm/10.3_2021.10/bin/../lib/gcc/arm-none-eabi/10.3.1/../../../../arm-none-eabi/lib/thumb/v7e-m+fp/softfp\libc_nano.a(lib_a-memcpy-stub.o)
                0x000098e8                memcpy
 .text.memmove  0x00009904       0x34 c:/siliconlabs/simplicitystudio/v5/developer/toolchains/gnu_arm/10.3_2021.10/bin/../lib/gcc/arm-none-eabi/10.3.1/../../../../arm-none-eabi/lib/thumb/v7e-m+fp/softfp\libc_nano.a(lib_a-memmove.o)
                0x00009904                memmove
 .text.memset   0x00009938       0x10 c:/siliconlabs/simplicitystudio/v5/developer/toolchains/gnu_arm/10.3_2021.10/bin/../lib/gcc/arm-none-eabi/10.3.1/../../../../arm-none-eabi/lib/thumb/v7e-m+fp/softfp\libc_nano.a(lib_a-memset.o)
                0x00009938                memset
 .text.__cvt    0x00009948       0xc2 c:/siliconlabs/simplicitystudio/v5/developer/toolchains/gnu_arm/10.3_2021.10/bin/../lib/gcc/arm-none-eabi/10.3.1/../../../../arm-none-eabi/lib/thumb/v7e-m+fp/softfp\libc_nano.a(lib_a-nano-vfprintf_float.o)
                0x00009948                __cvt
 .text.__exponent
                0x00009a0a       0x7c c:/siliconlabs/simplicitystudio/v5/developer/toolchains/gnu_arm/10.3_2021.10/bin/../lib/gcc/arm-none-eabi/10.3.1/../../../../arm-none-eabi/lib/thumb/v7e-m+fp/softfp\libc_nano.a(lib_a-nano-vfprintf_float.o)
                0x00009a0a                __exponent
 .text._printf_common
                0x00009a86       0xda c:/siliconlabs/simplicitystudio/v5/developer/toolchains/gnu_arm/10.3_2021.10/bin/../lib/gcc/arm-none-eabi/10.3.1/../../../../arm-none-eabi/lib/thumb/v7e-m+fp/softfp\libc_nano.a(lib_a-nano-vfprintf_i.o)
                0x00009a86                _printf_common
 .text          0x00009b60       0x14 c:/siliconlabs/simplicitystudio/v5/developer/toolchains/gnu_arm/10.3_2021.10/bin/../lib/gcc/arm-none-eabi/10.3.1/../../../../arm-none-eabi/lib/thumb/v7e-m+fp/softfp\libc_nano.a(lib_a-strcmp.o)
                0x00009b60                strcmp
 .text          0x00009b74       0x10 c:/siliconlabs/simplicitystudio/v5/developer/toolchains/gnu_arm/10.3_2021.10/bin/../lib/gcc/arm-none-eabi/10.3.1/../../../../arm-none-eabi/lib/thumb/v7e-m+fp/softfp\libc_nano.a(lib_a-strlen.o)
                0x00009b74                strlen
 .text.strncmp  0x00009b84       0x28 c:/siliconlabs/simplicitystudio/v5/developer/toolchains/gnu_arm/10.3_2021.10/bin/../lib/gcc/arm-none-eabi/10.3.1/../../../../arm-none-eabi/lib/thumb/v7e-m+fp/softfp\libc_nano.a(lib_a-strncmp.o)
                0x00009b84                strncmp
 .text.sulp     0x00009bac       0x42 c:/siliconlabs/simplicitystudio/v5/developer/toolchains/gnu_arm/10.3_2021.10/bin/../lib/gcc/arm-none-eabi/10.3.1/../../../../arm-none-eabi/lib/thumb/v7e-m+fp/softfp\libc_nano.a(lib_a-strtod.o)
 .text._strtol_r
                0x00009bee        0x4 c:/siliconlabs/simplicitystudio/v5/developer/toolchains/gnu_arm/10.3_2021.10/bin/../lib/gcc/arm-none-eabi/10.3.1/../../../../arm-none-eabi/lib/thumb/v7e-m+fp/softfp\libc_nano.a(lib_a-strtol.o)
                0x00009bee                _strtol_r
 .text.quorem   0x00009bf2      0x116 c:/siliconlabs/simplicitystudio/v5/developer/toolchains/gnu_arm/10.3_2021.10/bin/../lib/gcc/arm-none-eabi/10.3.1/../../../../arm-none-eabi/lib/thumb/v7e-m+fp/softfp\libc_nano.a(lib_a-dtoa.o)
 .text.__sfmoreglue
                0x00009d08       0x2c c:/siliconlabs/simplicitystudio/v5/developer/toolchains/gnu_arm/10.3_2021.10/bin/../lib/gcc/arm-none-eabi/10.3.1/../../../../arm-none-eabi/lib/thumb/v7e-m+fp/softfp\libc_nano.a(lib_a-findfp.o)
                0x00009d08                __sfmoreglue
 .text._fwalk_reent
                0x00009d34       0x3e c:/siliconlabs/simplicitystudio/v5/developer/toolchains/gnu_arm/10.3_2021.10/bin/../lib/gcc/arm-none-eabi/10.3.1/../../../../arm-none-eabi/lib/thumb/v7e-m+fp/softfp\libc_nano.a(lib_a-fwalk.o)
                0x00009d34                _fwalk_reent
 .text.rshift   0x00009d72       0xa4 c:/siliconlabs/simplicitystudio/v5/developer/toolchains/gnu_arm/10.3_2021.10/bin/../lib/gcc/arm-none-eabi/10.3.1/../../../../arm-none-eabi/lib/thumb/v7e-m+fp/softfp\libc_nano.a(lib_a-gdtoa-gethex.o)
 .text.__hexdig_fun
                0x00009e16       0x2a c:/siliconlabs/simplicitystudio/v5/developer/toolchains/gnu_arm/10.3_2021.10/bin/../lib/gcc/arm-none-eabi/10.3.1/../../../../arm-none-eabi/lib/thumb/v7e-m+fp/softfp\libc_nano.a(lib_a-gdtoa-gethex.o)
                0x00009e16                __hexdig_fun
 .text.L_shift  0x00009e40       0x24 c:/siliconlabs/simplicitystudio/v5/developer/toolchains/gnu_arm/10.3_2021.10/bin/../lib/gcc/arm-none-eabi/10.3.1/../../../../arm-none-eabi/lib/thumb/v7e-m+fp/softfp\libc_nano.a(lib_a-gdtoa-hexnan.o)
 .text.__match  0x00009e64       0x28 c:/siliconlabs/simplicitystudio/v5/developer/toolchains/gnu_arm/10.3_2021.10/bin/../lib/gcc/arm-none-eabi/10.3.1/../../../../arm-none-eabi/lib/thumb/v7e-m+fp/softfp\libc_nano.a(lib_a-gdtoa-hexnan.o)
                0x00009e64                __match
 .text.__hexnan
                0x00009e8c      0x138 c:/siliconlabs/simplicitystudio/v5/developer/toolchains/gnu_arm/10.3_2021.10/bin/../lib/gcc/arm-none-eabi/10.3.1/../../../../arm-none-eabi/lib/thumb/v7e-m+fp/softfp\libc_nano.a(lib_a-gdtoa-hexnan.o)
                0x00009e8c                __hexnan
 .text.__retarget_lock_init_recursive
                0x00009fc4        0x2 c:/siliconlabs/simplicitystudio/v5/developer/toolchains/gnu_arm/10.3_2021.10/bin/../lib/gcc/arm-none-eabi/10.3.1/../../../../arm-none-eabi/lib/thumb/v7e-m+fp/softfp\libc_nano.a(lib_a-lock.o)
                0x00009fc4                __retarget_lock_init_recursive
 .text.__retarget_lock_acquire_recursive
                0x00009fc6        0x2 c:/siliconlabs/simplicitystudio/v5/developer/toolchains/gnu_arm/10.3_2021.10/bin/../lib/gcc/arm-none-eabi/10.3.1/../../../../arm-none-eabi/lib/thumb/v7e-m+fp/softfp\libc_nano.a(lib_a-lock.o)
                0x00009fc6                __retarget_lock_acquire_recursive
 .text.__retarget_lock_release_recursive
                0x00009fc8        0x2 c:/siliconlabs/simplicitystudio/v5/developer/toolchains/gnu_arm/10.3_2021.10/bin/../lib/gcc/arm-none-eabi/10.3.1/../../../../arm-none-eabi/lib/thumb/v7e-m+fp/softfp\libc_nano.a(lib_a-lock.o)
                0x00009fc8                __retarget_lock_release_recursive
 .text.__swhatbuf_r
                0x00009fca       0x4a c:/siliconlabs/simplicitystudio/v5/developer/toolchains/gnu_arm/10.3_2021.10/bin/../lib/gcc/arm-none-eabi/10.3.1/../../../../arm-none-eabi/lib/thumb/v7e-m+fp/softfp\libc_nano.a(lib_a-makebuf.o)
                0x00009fca                __swhatbuf_r
 .text.__ascii_mbtowc
                0x0000a014       0x24 c:/siliconlabs/simplicitystudio/v5/developer/toolchains/gnu_arm/10.3_2021.10/bin/../lib/gcc/arm-none-eabi/10.3.1/../../../../arm-none-eabi/lib/thumb/v7e-m+fp/softfp\libc_nano.a(lib_a-mbtowc_r.o)
                0x0000a014                __ascii_mbtowc
 .text.__hi0bits
                0x0000a038       0x40 c:/siliconlabs/simplicitystudio/v5/developer/toolchains/gnu_arm/10.3_2021.10/bin/../lib/gcc/arm-none-eabi/10.3.1/../../../../arm-none-eabi/lib/thumb/v7e-m+fp/softfp\libc_nano.a(lib_a-mprec.o)
                0x0000a038                __hi0bits
 .text.__lo0bits
                0x0000a078       0x5e c:/siliconlabs/simplicitystudio/v5/developer/toolchains/gnu_arm/10.3_2021.10/bin/../lib/gcc/arm-none-eabi/10.3.1/../../../../arm-none-eabi/lib/thumb/v7e-m+fp/softfp\libc_nano.a(lib_a-mprec.o)
                0x0000a078                __lo0bits
 .text.__mcmp   0x0000a0d6       0x38 c:/siliconlabs/simplicitystudio/v5/developer/toolchains/gnu_arm/10.3_2021.10/bin/../lib/gcc/arm-none-eabi/10.3.1/../../../../arm-none-eabi/lib/thumb/v7e-m+fp/softfp\libc_nano.a(lib_a-mprec.o)
                0x0000a0d6                __mcmp
 .text.__ratio  0x0000a10e       0x5c c:/siliconlabs/simplicitystudio/v5/developer/toolchains/gnu_arm/10.3_2021.10/bin/../lib/gcc/arm-none-eabi/10.3.1/../../../../arm-none-eabi/lib/thumb/v7e-m+fp/softfp\libc_nano.a(lib_a-mprec.o)
                0x0000a10e                __ratio
 .text.__copybits
                0x0000a16a       0x46 c:/siliconlabs/simplicitystudio/v5/developer/toolchains/gnu_arm/10.3_2021.10/bin/../lib/gcc/arm-none-eabi/10.3.1/../../../../arm-none-eabi/lib/thumb/v7e-m+fp/softfp\libc_nano.a(lib_a-mprec.o)
                0x0000a16a                __copybits
 .text.__any_on
                0x0000a1b0       0x42 c:/siliconlabs/simplicitystudio/v5/developer/toolchains/gnu_arm/10.3_2021.10/bin/../lib/gcc/arm-none-eabi/10.3.1/../../../../arm-none-eabi/lib/thumb/v7e-m+fp/softfp\libc_nano.a(lib_a-mprec.o)
                0x0000a1b0                __any_on
 .text._calloc_r
                0x0000a1f2       0x2c c:/siliconlabs/simplicitystudio/v5/developer/toolchains/gnu_arm/10.3_2021.10/bin/../lib/gcc/arm-none-eabi/10.3.1/../../../../arm-none-eabi/lib/thumb/v7e-m+fp/softfp\libc_nano.a(lib_a-nano-callocr.o)
                0x0000a1f2                _calloc_r
 .text.__ssputs_r
                0x0000a21e       0xb6 c:/siliconlabs/simplicitystudio/v5/developer/toolchains/gnu_arm/10.3_2021.10/bin/../lib/gcc/arm-none-eabi/10.3.1/../../../../arm-none-eabi/lib/thumb/v7e-m+fp/softfp\libc_nano.a(lib_a-nano-svfprintf.o)
                0x0000a21e                __ssputs_r
 .text.__sfputc_r
                0x0000a2d4       0x2e c:/siliconlabs/simplicitystudio/v5/developer/toolchains/gnu_arm/10.3_2021.10/bin/../lib/gcc/arm-none-eabi/10.3.1/../../../../arm-none-eabi/lib/thumb/v7e-m+fp/softfp\libc_nano.a(lib_a-nano-vfprintf.o)
 .text.__sfputs_r
                0x0000a302       0x24 c:/siliconlabs/simplicitystudio/v5/developer/toolchains/gnu_arm/10.3_2021.10/bin/../lib/gcc/arm-none-eabi/10.3.1/../../../../arm-none-eabi/lib/thumb/v7e-m+fp/softfp\libc_nano.a(lib_a-nano-vfprintf.o)
                0x0000a302                __sfputs_r
 .text.__sread  0x0000a326       0x22 c:/siliconlabs/simplicitystudio/v5/developer/toolchains/gnu_arm/10.3_2021.10/bin/../lib/gcc/arm-none-eabi/10.3.1/../../../../arm-none-eabi/lib/thumb/v7e-m+fp/softfp\libc_nano.a(lib_a-stdio.o)
                0x0000a326                __sread
 .text.__swrite
                0x0000a348       0x38 c:/siliconlabs/simplicitystudio/v5/developer/toolchains/gnu_arm/10.3_2021.10/bin/../lib/gcc/arm-none-eabi/10.3.1/../../../../arm-none-eabi/lib/thumb/v7e-m+fp/softfp\libc_nano.a(lib_a-stdio.o)
                0x0000a348                __swrite
 .text.__sseek  0x0000a380       0x24 c:/siliconlabs/simplicitystudio/v5/developer/toolchains/gnu_arm/10.3_2021.10/bin/../lib/gcc/arm-none-eabi/10.3.1/../../../../arm-none-eabi/lib/thumb/v7e-m+fp/softfp\libc_nano.a(lib_a-stdio.o)
                0x0000a380                __sseek
 .text.__sclose
                0x0000a3a4        0x8 c:/siliconlabs/simplicitystudio/v5/developer/toolchains/gnu_arm/10.3_2021.10/bin/../lib/gcc/arm-none-eabi/10.3.1/../../../../arm-none-eabi/lib/thumb/v7e-m+fp/softfp\libc_nano.a(lib_a-stdio.o)
                0x0000a3a4                __sclose
 .text.__ascii_wctomb
                0x0000a3ac       0x1a c:/siliconlabs/simplicitystudio/v5/developer/toolchains/gnu_arm/10.3_2021.10/bin/../lib/gcc/arm-none-eabi/10.3.1/../../../../arm-none-eabi/lib/thumb/v7e-m+fp/softfp\libc_nano.a(lib_a-wctomb_r.o)
                0x0000a3ac                __ascii_wctomb
 .text._realloc_r
                0x0000a3c6       0x5e c:/siliconlabs/simplicitystudio/v5/developer/toolchains/gnu_arm/10.3_2021.10/bin/../lib/gcc/arm-none-eabi/10.3.1/../../../../arm-none-eabi/lib/thumb/v7e-m+fp/softfp\libc_nano.a(lib_a-nano-reallocr.o)
                0x0000a3c6                _realloc_r
 .text.abort    0x0000a424        0xe c:/siliconlabs/simplicitystudio/v5/developer/toolchains/gnu_arm/10.3_2021.10/bin/../lib/gcc/arm-none-eabi/10.3.1/../../../../arm-none-eabi/lib/thumb/v7e-m+fp/softfp\libc_nano.a(lib_a-abort.o)
                0x0000a424                abort
 .text._malloc_usable_size_r
                0x0000a432       0x10 c:/siliconlabs/simplicitystudio/v5/developer/toolchains/gnu_arm/10.3_2021.10/bin/../lib/gcc/arm-none-eabi/10.3.1/../../../../arm-none-eabi/lib/thumb/v7e-m+fp/softfp\libc_nano.a(lib_a-nano-msizer.o)
                0x0000a432                _malloc_usable_size_r
 .text._raise_r
                0x0000a442       0x50 c:/siliconlabs/simplicitystudio/v5/developer/toolchains/gnu_arm/10.3_2021.10/bin/../lib/gcc/arm-none-eabi/10.3.1/../../../../arm-none-eabi/lib/thumb/v7e-m+fp/softfp\libc_nano.a(lib_a-signal.o)
                0x0000a442                _raise_r
 .text._getpid_r
                0x0000a492        0x4 c:/siliconlabs/simplicitystudio/v5/developer/toolchains/gnu_arm/10.3_2021.10/bin/../lib/gcc/arm-none-eabi/10.3.1/../../../../arm-none-eabi/lib/thumb/v7e-m+fp/softfp\libc_nano.a(lib_a-signalr.o)
                0x0000a492                _getpid_r
                0x0000a496                linker_code_end = .
 *(.init)
 *fill*         0x0000a496        0x2 
 .init          0x0000a498        0x4 c:/siliconlabs/simplicitystudio/v5/developer/toolchains/gnu_arm/10.3_2021.10/bin/../lib/gcc/arm-none-eabi/10.3.1/thumb/v7e-m+fp/softfp/crti.o
                0x0000a498                _init
 .init          0x0000a49c        0x8 c:/siliconlabs/simplicitystudio/v5/developer/toolchains/gnu_arm/10.3_2021.10/bin/../lib/gcc/arm-none-eabi/10.3.1/thumb/v7e-m+fp/softfp/crtn.o
 *(.fini)
 .fini          0x0000a4a4        0x4 c:/siliconlabs/simplicitystudio/v5/developer/toolchains/gnu_arm/10.3_2021.10/bin/../lib/gcc/arm-none-eabi/10.3.1/thumb/v7e-m+fp/softfp/crti.o
                0x0000a4a4                _fini
 .fini          0x0000a4a8        0x8 c:/siliconlabs/simplicitystudio/v5/developer/toolchains/gnu_arm/10.3_2021.10/bin/../lib/gcc/arm-none-eabi/10.3.1/thumb/v7e-m+fp/softfp/crtn.o
 *crtbegin.o(.ctors)
 *crtbegin?.o(.ctors)
 *(EXCLUDE_FILE(*crtend.o *crtend?.o) .ctors)
 *(SORT_BY_NAME(.ctors.*))
 *(.ctors)
 *crtbegin.o(.dtors)
 *crtbegin?.o(.dtors)
 *(EXCLUDE_FILE(*crtend.o *crtend?.o) .dtors)
 *(SORT_BY_NAME(.dtors.*))
 *(.dtors)
 *(.rodata*)
 .rodata.app_init.str1.1
                0x0000a4b0       0x75 ./app.o
 .rodata.stateOPER.str1.1
                0x0000a525       0x1c ./cli.o
 .rodata.stateSTAN.str1.1
                0x0000a541       0x1c ./cli.o
 .rodata.stateGET.str1.1
                0x0000a55d       0x22 ./cli.o
 .rodata.stateCW.str1.1
                0x0000a57f        0xd ./cli.o
 .rodata.stateCWA.str1.1
                0x0000a58c       0x11 ./cli.o
 .rodata.RFON.str1.1
                0x0000a59d        0xf ./cli.o
 .rodata.RFOFF.str1.1
                0x0000a5ac       0x10 ./cli.o
 .rodata.RFGET.str1.1
                0x0000a5bc        0xf ./cli.o
 .rodata.faultGET.str1.1
                0x0000a5cb       0x1d ./cli.o
 .rodata.attnGET.str1.1
                0x0000a5e8       0x25 ./cli.o
 .rodata.systemTEMP.str1.1
                0x0000a60d       0x5c ./cli.o
 .rodata.systemVOLT.str1.1
                0x0000a669       0x23 ./cli.o
 .rodata.systemFIRM.str1.1
                0x0000a68c       0x1c ./cli.o
 .rodata.systemIP.str1.1
                0x0000a6a8       0x15 ./cli.o
 .rodata.faultRES.str1.1
                0x0000a6bd       0x2b ./cli.o
 .rodata.attnSET.str1.1
                0x0000a6e8       0x30 ./cli.o
 .rodata.admin.str1.1
                0x0000a718       0x35 ./cli.o
 .rodata.initCLI.str1.1
                0x0000a74d        0x9 ./cli.o
 .rodata.str1.1
                0x0000a756      0x390 ./cli.o
                                0x393 (size before relaxing)
 *fill*         0x0000aae6        0x2 
 .rodata.cmd_RFGET
                0x0000aae8        0xd ./cli.o
 *fill*         0x0000aaf5        0x3 
 .rodata.cmd_RFOFF
                0x0000aaf8        0xd ./cli.o
 *fill*         0x0000ab05        0x3 
 .rodata.cmd_RFON
                0x0000ab08        0xd ./cli.o
 *fill*         0x0000ab15        0x3 
 .rodata.cmd_admin
                0x0000ab18        0xe ./cli.o
 *fill*         0x0000ab26        0x2 
 .rodata.cmd_attnGET
                0x0000ab28        0xd ./cli.o
 *fill*         0x0000ab35        0x3 
 .rodata.cmd_attnSET
                0x0000ab38        0xe ./cli.o
 *fill*         0x0000ab46        0x2 
 .rodata.cmd_faultGET
                0x0000ab48        0xd ./cli.o
 *fill*         0x0000ab55        0x3 
 .rodata.cmd_faultRES
                0x0000ab58        0xd ./cli.o
 *fill*         0x0000ab65        0x3 
 .rodata.cmd_stateCW
                0x0000ab68        0xd ./cli.o
 *fill*         0x0000ab75        0x3 
 .rodata.cmd_stateCWA
                0x0000ab78        0xd ./cli.o
 *fill*         0x0000ab85        0x3 
 .rodata.cmd_stateGET
                0x0000ab88        0xd ./cli.o
 *fill*         0x0000ab95        0x3 
 .rodata.cmd_stateOPER
                0x0000ab98        0xd ./cli.o
 *fill*         0x0000aba5        0x3 
 .rodata.cmd_stateSTAN
                0x0000aba8        0xd ./cli.o
 *fill*         0x0000abb5        0x3 
 .rodata.cmd_systemFIRM
                0x0000abb8        0xd ./cli.o
 *fill*         0x0000abc5        0x3 
 .rodata.cmd_systemIP
                0x0000abc8        0xe ./cli.o
 *fill*         0x0000abd6        0x2 
 .rodata.cmd_systemTEMP
                0x0000abd8        0xe ./cli.o
 *fill*         0x0000abe6        0x2 
 .rodata.cmd_systemVOLT
                0x0000abe8        0xe ./cli.o
 .rodata.sl_cli_instances_init.str1.1
                0x0000abf6       0x11 ./autogen/sl_cli_instances.o
 .rodata.sl_iostream_usart_init_vcom.str1.1
                0x0000ac07       0x2e ./autogen/sl_iostream_init_usart_instances.o
 *fill*         0x0000ac35        0x3 
 .rodata        0x0000ac38       0x1c ./autogen/sl_iostream_init_usart_instances.o
 .rodata.CSWTCH.3
                0x0000ac54       0x20 ./gecko_sdk_4.2.3/platform/Device/SiliconLabs/EFM32GG12B/Source/system_efm32gg12b.o
 .rodata.sl_slist_push.str1.1
                0x0000ac74       0x51 ./gecko_sdk_4.2.3/platform/common/src/sl_slist.o
 .rodata        0x0000acc5        0x4 ./gecko_sdk_4.2.3/platform/emdrv/dmadrv/src/dmadrv.o
 .rodata.flashWaitStateControl.str1.1
                0x0000acc9       0x4e ./gecko_sdk_4.2.3/platform/emlib/src/em_cmu.o
 .rodata.SL_Log2ToDiv.str1.1
                0x0000ad17       0x52 ./gecko_sdk_4.2.3/platform/emlib/src/em_cmu.o
 .rodata.CMU_PrescToLog2.str1.1
                0x0000ad69       0x4e ./gecko_sdk_4.2.3/platform/emlib/src/em_cmu.o
 .rodata.CSWTCH.107
                0x0000adb7        0x3 ./gecko_sdk_4.2.3/platform/emlib/src/em_cmu.o
 .rodata.CSWTCH.61
                0x0000adba        0x6 ./gecko_sdk_4.2.3/platform/emlib/src/em_cmu.o
 .rodata.CSWTCH.62
                0x0000adc0        0x4 ./gecko_sdk_4.2.3/platform/emlib/src/em_cmu.o
 .rodata.CSWTCH.63
                0x0000adc4        0x4 ./gecko_sdk_4.2.3/platform/emlib/src/em_cmu.o
 .rodata.CSWTCH.66
                0x0000adc8        0x6 ./gecko_sdk_4.2.3/platform/emlib/src/em_cmu.o
 .rodata.CSWTCH.67
                0x0000adce        0x3 ./gecko_sdk_4.2.3/platform/emlib/src/em_cmu.o
 .rodata.CSWTCH.95
                0x0000add1        0x6 ./gecko_sdk_4.2.3/platform/emlib/src/em_cmu.o
 .rodata.CSWTCH.96
                0x0000add7        0x6 ./gecko_sdk_4.2.3/platform/emlib/src/em_cmu.o
 *fill*         0x0000addd        0x1 
 .rodata.CSWTCH.97
                0x0000adde        0xc ./gecko_sdk_4.2.3/platform/emlib/src/em_cmu.o
 .rodata.CSWTCH.98
                0x0000adea        0xc ./gecko_sdk_4.2.3/platform/emlib/src/em_cmu.o
 *fill*         0x0000adf6        0x2 
 .rodata.flashWsTable
                0x0000adf8       0x38 ./gecko_sdk_4.2.3/platform/emlib/src/em_cmu.o
 .rodata.lpGetDevinfoVrefLowHigh.str1.1
                0x0000ae30       0x4e ./gecko_sdk_4.2.3/platform/emlib/src/em_emu.o
 .rodata.GPIO_PinOutSet.str1.1
                0x0000ae7e       0x4f ./gecko_sdk_4.2.3/platform/emlib/src/em_gpio.o
 .rodata.GPIO_DbgLocationSet.str1.1
                0x0000aecd       0x4f ./gecko_sdk_4.2.3/platform/emlib/src/em_gpio.o
 .rodata.LDMA_EnableChannelRequest.str1.1
                0x0000af1c       0x9d ./gecko_sdk_4.2.3/platform/emlib/src/em_ldma.o
 .rodata.USART_BaudrateAsyncSet.str1.1
                0x0000afb9       0x50 ./gecko_sdk_4.2.3/platform/emlib/src/em_usart.o
 .rodata.sl_cli_clear.str1.1
                0x0000b009        0x1 ./gecko_sdk_4.2.3/platform/service/cli/src/sl_cli.o
 .rodata.sl_cli_handle_input.str1.1
                0x0000b009        0xe ./gecko_sdk_4.2.3/platform/service/cli/src/sl_cli.o
                                 0x12 (size before relaxing)
 .rodata.sli_cli_tick.str1.1
                0x0000b017        0xe ./gecko_sdk_4.2.3/platform/service/cli/src/sl_cli.o
                                  0x3 (size before relaxing)
 .rodata.str1.1
                0x0000b017       0x50 ./gecko_sdk_4.2.3/platform/service/cli/src/sl_cli.o
                                 0x52 (size before relaxing)
 *fill*         0x0000b067        0x1 
 .rodata.CSWTCH.4
                0x0000b068       0xb8 ./gecko_sdk_4.2.3/platform/service/cli/src/sl_cli.o
 .rodata.print_and_pad.str1.1
                0x0000b120        0x2 ./gecko_sdk_4.2.3/platform/service/cli/src/sl_cli_command.o
 .rodata.cmd_help_command.str1.1
                0x0000b120       0x76 ./gecko_sdk_4.2.3/platform/service/cli/src/sl_cli_command.o
                                 0xa7 (size before relaxing)
 .rodata.sl_cli_command_find_matches.str1.1
                0x0000b196        0x5 ./gecko_sdk_4.2.3/platform/service/cli/src/sl_cli_command.o
 .rodata.sl_cli_command_find.str1.1
                0x0000b19b        0x5 ./gecko_sdk_4.2.3/platform/service/cli/src/sl_cli_command.o
 .rodata.sl_cli_input_autocomplete.str1.1
                0x0000b1a0        0x9 ./gecko_sdk_4.2.3/platform/service/cli/src/sl_cli_input.o
                                  0xa (size before relaxing)
 .rodata.sl_cli_input_char.str1.1
                0x0000b1a9        0x9 ./gecko_sdk_4.2.3/platform/service/cli/src/sl_cli_input.o
 .rodata        0x0000b1b2       0x10 ./gecko_sdk_4.2.3/platform/service/device_init/src/sl_device_init_dcdc_s1.o
 .rodata        0x0000b1c2        0xc ./gecko_sdk_4.2.3/platform/service/device_init/src/sl_device_init_hfxo_s1.o
 .rodata        0x0000b1ce        0x4 ./gecko_sdk_4.2.3/platform/service/device_init/src/sl_device_init_lfxo_s1.o
 .rodata._write.str1.1
                0x0000b1d2       0x6d ./gecko_sdk_4.2.3/platform/service/iostream/src/sl_iostream_retarget_stdio.o
 .rodata.get_write_ptr.str1.1
                0x0000b23f       0x63 ./gecko_sdk_4.2.3/platform/service/iostream/src/sl_iostream_uart.o
 .rodata.sl_udelay_wait.str1.1
                0x0000b2a2       0x5a ./gecko_sdk_4.2.3/platform/service/udelay/src/sl_udelay.o
 .rodata._ctype_
                0x0000b2fc      0x101 c:/siliconlabs/simplicitystudio/v5/developer/toolchains/gnu_arm/10.3_2021.10/bin/../lib/gcc/arm-none-eabi/10.3.1/../../../../arm-none-eabi/lib/thumb/v7e-m+fp/softfp\libc_nano.a(lib_a-ctype_.o)
                0x0000b2fc                _ctype_
 *fill*         0x0000b3fd        0x3 
 .rodata._global_impure_ptr
                0x0000b400        0x4 c:/siliconlabs/simplicitystudio/v5/developer/toolchains/gnu_arm/10.3_2021.10/bin/../lib/gcc/arm-none-eabi/10.3.1/../../../../arm-none-eabi/lib/thumb/v7e-m+fp/softfp\libc_nano.a(lib_a-impure.o)
                0x0000b400                _global_impure_ptr
 .rodata._printf_float.str1.1
                0x0000b404       0x10 c:/siliconlabs/simplicitystudio/v5/developer/toolchains/gnu_arm/10.3_2021.10/bin/../lib/gcc/arm-none-eabi/10.3.1/../../../../arm-none-eabi/lib/thumb/v7e-m+fp/softfp\libc_nano.a(lib_a-nano-vfprintf_float.o)
                                 0x12 (size before relaxing)
 .rodata._printf_i.str1.1
                0x0000b414       0x22 c:/siliconlabs/simplicitystudio/v5/developer/toolchains/gnu_arm/10.3_2021.10/bin/../lib/gcc/arm-none-eabi/10.3.1/../../../../arm-none-eabi/lib/thumb/v7e-m+fp/softfp\libc_nano.a(lib_a-nano-vfprintf_i.o)
 .rodata._scanf_float.str1.1
                0x0000b436        0x5 c:/siliconlabs/simplicitystudio/v5/developer/toolchains/gnu_arm/10.3_2021.10/bin/../lib/gcc/arm-none-eabi/10.3.1/../../../../arm-none-eabi/lib/thumb/v7e-m+fp/softfp\libc_nano.a(lib_a-nano-vfscanf_float.o)
                                  0x6 (size before relaxing)
 .rodata._strtod_l.str1.1
                0x0000b43b        0x5 c:/siliconlabs/simplicitystudio/v5/developer/toolchains/gnu_arm/10.3_2021.10/bin/../lib/gcc/arm-none-eabi/10.3.1/../../../../arm-none-eabi/lib/thumb/v7e-m+fp/softfp\libc_nano.a(lib_a-strtod.o)
                                  0xd (size before relaxing)
 *fill*         0x0000b43b        0x1 
 .rodata.fpi.1  0x0000b43c       0x14 c:/siliconlabs/simplicitystudio/v5/developer/toolchains/gnu_arm/10.3_2021.10/bin/../lib/gcc/arm-none-eabi/10.3.1/../../../../arm-none-eabi/lib/thumb/v7e-m+fp/softfp\libc_nano.a(lib_a-strtod.o)
 .rodata.fpinan.0
                0x0000b450       0x14 c:/siliconlabs/simplicitystudio/v5/developer/toolchains/gnu_arm/10.3_2021.10/bin/../lib/gcc/arm-none-eabi/10.3.1/../../../../arm-none-eabi/lib/thumb/v7e-m+fp/softfp\libc_nano.a(lib_a-strtod.o)
 *fill*         0x0000b464        0x4 
 .rodata.tinytens
                0x0000b468       0x28 c:/siliconlabs/simplicitystudio/v5/developer/toolchains/gnu_arm/10.3_2021.10/bin/../lib/gcc/arm-none-eabi/10.3.1/../../../../arm-none-eabi/lib/thumb/v7e-m+fp/softfp\libc_nano.a(lib_a-strtod.o)
 .rodata._dtoa_r.str1.1
                0x0000b490       0xb3 c:/siliconlabs/simplicitystudio/v5/developer/toolchains/gnu_arm/10.3_2021.10/bin/../lib/gcc/arm-none-eabi/10.3.1/../../../../arm-none-eabi/lib/thumb/v7e-m+fp/softfp\libc_nano.a(lib_a-dtoa.o)