Archive member included to satisfy reference by file (symbol)

c:/siliconlabs/simplicitystudio/v5/developer/toolchains/gnu_arm/10.3_2021.10/bin/../lib/gcc/arm-none-eabi/10.3.1/thumb/v7e-m+fp/softfp\libgcc.a(_aeabi_ldivmod.o)
                              ./gecko_sdk_4.3.0/platform/emlib/src/em_usart.o (__aeabi_ldivmod)
c:/siliconlabs/simplicitystudio/v5/developer/toolchains/gnu_arm/10.3_2021.10/bin/../lib/gcc/arm-none-eabi/10.3.1/thumb/v7e-m+fp/softfp\libgcc.a(_aeabi_uldivmod.o)
                              ./gecko_sdk_4.3.0/platform/emlib/src/em_usart.o (__aeabi_uldivmod)
c:/siliconlabs/simplicitystudio/v5/developer/toolchains/gnu_arm/10.3_2021.10/bin/../lib/gcc/arm-none-eabi/10.3.1/thumb/v7e-m+fp/softfp\libgcc.a(_udivmoddi4.o)
                              c:/siliconlabs/simplicitystudio/v5/developer/toolchains/gnu_arm/10.3_2021.10/bin/../lib/gcc/arm-none-eabi/10.3.1/thumb/v7e-m+fp/softfp\libgcc.a(_aeabi_ldivmod.o) (__udivmoddi4)
c:/siliconlabs/simplicitystudio/v5/developer/toolchains/gnu_arm/10.3_2021.10/bin/../lib/gcc/arm-none-eabi/10.3.1/thumb/v7e-m+fp/softfp\libgcc.a(_dvmd_tls.o)
                              c:/siliconlabs/simplicitystudio/v5/developer/toolchains/gnu_arm/10.3_2021.10/bin/../lib/gcc/arm-none-eabi/10.3.1/thumb/v7e-m+fp/softfp\libgcc.a(_aeabi_ldivmod.o) (__aeabi_ldiv0)
c:/siliconlabs/simplicitystudio/v5/developer/toolchains/gnu_arm/10.3_2021.10/bin/../lib/gcc/arm-none-eabi/10.3.1/../../../../arm-none-eabi/lib/thumb/v7e-m+fp/softfp\libc_nano.a(lib_a-exit.o)
                              c:/siliconlabs/simplicitystudio/v5/developer/toolchains/gnu_arm/10.3_2021.10/bin/../lib/gcc/arm-none-eabi/10.3.1/../../../../arm-none-eabi/lib/thumb/v7e-m+fp/softfp/crt0.o (exit)
c:/siliconlabs/simplicitystudio/v5/developer/toolchains/gnu_arm/10.3_2021.10/bin/../lib/gcc/arm-none-eabi/10.3.1/../../../../arm-none-eabi/lib/thumb/v7e-m+fp/softfp\libc_nano.a(lib_a-impure.o)
                              c:/siliconlabs/simplicitystudio/v5/developer/toolchains/gnu_arm/10.3_2021.10/bin/../lib/gcc/arm-none-eabi/10.3.1/../../../../arm-none-eabi/lib/thumb/v7e-m+fp/softfp\libc_nano.a(lib_a-exit.o) (_global_impure_ptr)
c:/siliconlabs/simplicitystudio/v5/developer/toolchains/gnu_arm/10.3_2021.10/bin/../lib/gcc/arm-none-eabi/10.3.1/../../../../arm-none-eabi/lib/thumb/v7e-m+fp/softfp\libc_nano.a(lib_a-init.o)
                              c:/siliconlabs/simplicitystudio/v5/developer/toolchains/gnu_arm/10.3_2021.10/bin/../lib/gcc/arm-none-eabi/10.3.1/../../../../arm-none-eabi/lib/thumb/v7e-m+fp/softfp/crt0.o (__libc_init_array)
c:/siliconlabs/simplicitystudio/v5/developer/toolchains/gnu_arm/10.3_2021.10/bin/../lib/gcc/arm-none-eabi/10.3.1/../../../../arm-none-eabi/lib/thumb/v7e-m+fp/softfp\libc_nano.a(lib_a-memset.o)
                              c:/siliconlabs/simplicitystudio/v5/developer/toolchains/gnu_arm/10.3_2021.10/bin/../lib/gcc/arm-none-eabi/10.3.1/../../../../arm-none-eabi/lib/thumb/v7e-m+fp/softfp/crt0.o (memset)
c:/siliconlabs/simplicitystudio/v5/developer/toolchains/gnu_arm/10.3_2021.10/bin/../lib/gcc/arm-none-eabi/10.3.1/../../../../arm-none-eabi/lib/thumb/v7e-m+fp/softfp\libnosys.a(_exit.o)
                              c:/siliconlabs/simplicitystudio/v5/developer/toolchains/gnu_arm/10.3_2021.10/bin/../lib/gcc/arm-none-eabi/10.3.1/../../../../arm-none-eabi/lib/thumb/v7e-m+fp/softfp\libc_nano.a(lib_a-exit.o) (_exit)

Discarded input sections

 .text          0x00000000        0x0 c:/siliconlabs/simplicitystudio/v5/developer/toolchains/gnu_arm/10.3_2021.10/bin/../lib/gcc/arm-none-eabi/10.3.1/thumb/v7e-m+fp/softfp/crti.o
 .data          0x00000000        0x0 c:/siliconlabs/simplicitystudio/v5/developer/toolchains/gnu_arm/10.3_2021.10/bin/../lib/gcc/arm-none-eabi/10.3.1/thumb/v7e-m+fp/softfp/crti.o
 .bss           0x00000000        0x0 c:/siliconlabs/simplicitystudio/v5/developer/toolchains/gnu_arm/10.3_2021.10/bin/../lib/gcc/arm-none-eabi/10.3.1/thumb/v7e-m+fp/softfp/crti.o
 .data          0x00000000        0x4 c:/siliconlabs/simplicitystudio/v5/developer/toolchains/gnu_arm/10.3_2021.10/bin/../lib/gcc/arm-none-eabi/10.3.1/thumb/v7e-m+fp/softfp/crtbegin.o
 .rodata        0x00000000       0x24 c:/siliconlabs/simplicitystudio/v5/developer/toolchains/gnu_arm/10.3_2021.10/bin/../lib/gcc/arm-none-eabi/10.3.1/thumb/v7e-m+fp/softfp/crtbegin.o
 .data          0x00000000        0x0 c:/siliconlabs/simplicitystudio/v5/developer/toolchains/gnu_arm/10.3_2021.10/bin/../lib/gcc/arm-none-eabi/10.3.1/../../../../arm-none-eabi/lib/thumb/v7e-m+fp/softfp/crt0.o
 .bss           0x00000000        0x0 c:/siliconlabs/simplicitystudio/v5/developer/toolchains/gnu_arm/10.3_2021.10/bin/../lib/gcc/arm-none-eabi/10.3.1/../../../../arm-none-eabi/lib/thumb/v7e-m+fp/softfp/crt0.o
 .ARM.extab     0x00000000        0x0 c:/siliconlabs/simplicitystudio/v5/developer/toolchains/gnu_arm/10.3_2021.10/bin/../lib/gcc/arm-none-eabi/10.3.1/../../../../arm-none-eabi/lib/thumb/v7e-m+fp/softfp/crt0.o
[...]
Memory Configuration

Name             Origin             Length             Attributes
FLASH            0x00000000         0x00200000         xr
RAM              0x20000000         0x00080000         xrw
*default*        0x00000000         0xffffffff

Linker script and memory map

LOAD c:/siliconlabs/simplicitystudio/v5/developer/toolchains/gnu_arm/10.3_2021.10/bin/../lib/gcc/arm-none-eabi/10.3.1/thumb/v7e-m+fp/softfp/crti.o
LOAD c:/siliconlabs/simplicitystudio/v5/developer/toolchains/gnu_arm/10.3_2021.10/bin/../lib/gcc/arm-none-eabi/10.3.1/thumb/v7e-m+fp/softfp/crtbegin.o
LOAD c:/siliconlabs/simplicitystudio/v5/developer/toolchains/gnu_arm/10.3_2021.10/bin/../lib/gcc/arm-none-eabi/10.3.1/../../../../arm-none-eabi/lib/thumb/v7e-m+fp/softfp/crt0.o
START GROUP
LOAD ./autogen/sl_board_default_init.o
LOAD ./autogen/sl_device_init_clocks.o
LOAD ./autogen/sl_event_handler.o
LOAD ./autogen/sl_spidrv_init.o
LOAD ./gecko_sdk_4.3.0/hardware/board/src/sl_board_control_gpio.o
LOAD ./gecko_sdk_4.3.0/hardware/board/src/sl_board_init.o
LOAD ./gecko_sdk_4.3.0/platform/Device/SiliconLabs/EFM32GG11B/Source/startup_efm32gg11b.o
LOAD ./gecko_sdk_4.3.0/platform/Device/SiliconLabs/EFM32GG11B/Source/system_efm32gg11b.o
LOAD ./gecko_sdk_4.3.0/platform/common/src/sl_assert.o
LOAD ./gecko_sdk_4.3.0/platform/common/src/sl_slist.o
LOAD ./gecko_sdk_4.3.0/platform/common/toolchain/src/sl_memory.o
LOAD ./gecko_sdk_4.3.0/platform/emdrv/dmadrv/src/dmadrv.o
LOAD ./gecko_sdk_4.3.0/platform/emdrv/spidrv/src/spidrv.o
LOAD ./gecko_sdk_4.3.0/platform/emlib/src/em_cmu.o
LOAD ./gecko_sdk_4.3.0/platform/emlib/src/em_core.o
LOAD ./gecko_sdk_4.3.0/platform/emlib/src/em_emu.o
LOAD ./gecko_sdk_4.3.0/platform/emlib/src/em_gpio.o
LOAD ./gecko_sdk_4.3.0/platform/emlib/src/em_ldma.o
LOAD ./gecko_sdk_4.3.0/platform/emlib/src/em_msc.o
LOAD ./gecko_sdk_4.3.0/platform/emlib/src/em_rtc.o
LOAD ./gecko_sdk_4.3.0/platform/emlib/src/em_rtcc.o
LOAD ./gecko_sdk_4.3.0/platform/emlib/src/em_system.o
LOAD ./gecko_sdk_4.3.0/platform/emlib/src/em_timer.o
LOAD ./gecko_sdk_4.3.0/platform/emlib/src/em_usart.o
LOAD ./gecko_sdk_4.3.0/platform/service/device_init/src/sl_device_init_dcdc_s1.o
LOAD ./gecko_sdk_4.3.0/platform/service/device_init/src/sl_device_init_emu_s1.o
LOAD ./gecko_sdk_4.3.0/platform/service/device_init/src/sl_device_init_hfxo_s1.o
LOAD ./gecko_sdk_4.3.0/platform/service/device_init/src/sl_device_init_lfxo_s1.o
LOAD ./gecko_sdk_4.3.0/platform/service/device_init/src/sl_device_init_nvic.o
LOAD ./gecko_sdk_4.3.0/platform/service/sleeptimer/src/sl_sleeptimer.o
LOAD ./gecko_sdk_4.3.0/platform/service/sleeptimer/src/sl_sleeptimer_hal_rtc.o
LOAD ./gecko_sdk_4.3.0/platform/service/sleeptimer/src/sl_sleeptimer_hal_rtcc.o
LOAD ./gecko_sdk_4.3.0/platform/service/sleeptimer/src/sl_sleeptimer_hal_timer.o
LOAD ./gecko_sdk_4.3.0/platform/service/system/src/sl_system_init.o
LOAD ./gecko_sdk_4.3.0/platform/service/system/src/sl_system_process_action.o
LOAD ./gecko_sdk_4.3.0/platform/service/udelay/src/sl_udelay.o
LOAD ./gecko_sdk_4.3.0/platform/service/udelay/src/sl_udelay_armv6m_gcc.o
LOAD ./main.o
LOAD ./sources/app.o
LOAD ./sources/delay.o
LOAD ./sources/fault.o
LOAD ./sources/gpio.o
LOAD ./sources/spi.o
LOAD c:/siliconlabs/simplicitystudio/v5/developer/toolchains/gnu_arm/10.3_2021.10/bin/../lib/gcc/arm-none-eabi/10.3.1/thumb/v7e-m+fp/softfp\libgcc.a
LOAD c:/siliconlabs/simplicitystudio/v5/developer/toolchains/gnu_arm/10.3_2021.10/bin/../lib/gcc/arm-none-eabi/10.3.1/../../../../arm-none-eabi/lib/thumb/v7e-m+fp/softfp\libc_nano.a
LOAD c:/siliconlabs/simplicitystudio/v5/developer/toolchains/gnu_arm/10.3_2021.10/bin/../lib/gcc/arm-none-eabi/10.3.1/../../../../arm-none-eabi/lib/thumb/v7e-m+fp/softfp\libm.a
LOAD c:/siliconlabs/simplicitystudio/v5/developer/toolchains/gnu_arm/10.3_2021.10/bin/../lib/gcc/arm-none-eabi/10.3.1/../../../../arm-none-eabi/lib/thumb/v7e-m+fp/softfp\libnosys.a
END GROUP
START GROUP
LOAD c:/siliconlabs/simplicitystudio/v5/developer/toolchains/gnu_arm/10.3_2021.10/bin/../lib/gcc/arm-none-eabi/10.3.1/thumb/v7e-m+fp/softfp\libgcc.a
LOAD c:/siliconlabs/simplicitystudio/v5/developer/toolchains/gnu_arm/10.3_2021.10/bin/../lib/gcc/arm-none-eabi/10.3.1/../../../../arm-none-eabi/lib/thumb/v7e-m+fp/softfp\libc_nano.a
LOAD c:/siliconlabs/simplicitystudio/v5/developer/toolchains/gnu_arm/10.3_2021.10/bin/../lib/gcc/arm-none-eabi/10.3.1/../../../../arm-none-eabi/lib/thumb/v7e-m+fp/softfp\libnosys.a
END GROUP
START GROUP
LOAD c:/siliconlabs/simplicitystudio/v5/developer/toolchains/gnu_arm/10.3_2021.10/bin/../lib/gcc/arm-none-eabi/10.3.1/thumb/v7e-m+fp/softfp\libgcc.a
LOAD c:/siliconlabs/simplicitystudio/v5/developer/toolchains/gnu_arm/10.3_2021.10/bin/../lib/gcc/arm-none-eabi/10.3.1/../../../../arm-none-eabi/lib/thumb/v7e-m+fp/softfp\libg_nano.a
LOAD c:/siliconlabs/simplicitystudio/v5/developer/toolchains/gnu_arm/10.3_2021.10/bin/../lib/gcc/arm-none-eabi/10.3.1/../../../../arm-none-eabi/lib/thumb/v7e-m+fp/softfp\libc_nano.a
END GROUP
START GROUP
LOAD c:/siliconlabs/simplicitystudio/v5/developer/toolchains/gnu_arm/10.3_2021.10/bin/../lib/gcc/arm-none-eabi/10.3.1/thumb/v7e-m+fp/softfp\libgcc.a
LOAD c:/siliconlabs/simplicitystudio/v5/developer/toolchains/gnu_arm/10.3_2021.10/bin/../lib/gcc/arm-none-eabi/10.3.1/../../../../arm-none-eabi/lib/thumb/v7e-m+fp/softfp\libc_nano.a
END GROUP
LOAD c:/siliconlabs/simplicitystudio/v5/developer/toolchains/gnu_arm/10.3_2021.10/bin/../lib/gcc/arm-none-eabi/10.3.1/thumb/v7e-m+fp/softfp/crtend.o
LOAD c:/siliconlabs/simplicitystudio/v5/developer/toolchains/gnu_arm/10.3_2021.10/bin/../lib/gcc/arm-none-eabi/10.3.1/thumb/v7e-m+fp/softfp/crtn.o

.text           0x00000000     0x4914
                0x00000000                linker_vectors_begin = .
 *(.vectors)
 .vectors       0x00000000      0x158 ./gecko_sdk_4.3.0/platform/Device/SiliconLabs/EFM32GG11B/Source/startup_efm32gg11b.o
                0x00000000                __Vectors
                0x00000158                linker_vectors_end = .
                0x00000158                __Vectors_End = .
                0x00000158                __Vectors_Size = (__Vectors_End - __Vectors)
                0x00000158                linker_code_begin = .
 *(SORT_BY_ALIGNMENT(.text*))
 .text          0x00000158       0x40 c:/siliconlabs/simplicitystudio/v5/developer/toolchains/gnu_arm/10.3_2021.10/bin/../lib/gcc/arm-none-eabi/10.3.1/thumb/v7e-m+fp/softfp/crtbegin.o
 .text          0x00000198       0x7c c:/siliconlabs/simplicitystudio/v5/developer/toolchains/gnu_arm/10.3_2021.10/bin/../lib/gcc/arm-none-eabi/10.3.1/../../../../arm-none-eabi/lib/thumb/v7e-m+fp/softfp/crt0.o
                0x00000198                _stack_init
                0x000001a0                _start
                0x000001a0                _mainCRTStartup
 .text.sl_device_init_clocks
                0x00000214       0x58 ./autogen/sl_device_init_clocks.o
                0x00000214                sl_device_init_clocks
 .text.sl_platform_init
                0x0000026c       0x84 ./autogen/sl_event_handler.o
                0x0000026c                sl_platform_init
 .text.sl_spidrv_init_instances
                0x000002f0       0x14 ./autogen/sl_spidrv_init.o
                0x000002f0                sl_spidrv_init_instances
 .text.sl_board_init
                0x00000304       0x18 ./gecko_sdk_4.3.0/hardware/board/src/sl_board_init.o
                0x00000304                sl_board_init
 .text.sl_board_preinit
                0x0000031c        0xc ./gecko_sdk_4.3.0/hardware/board/src/sl_board_init.o
                0x0000031c                sl_board_preinit
 .text.Reset_Handler
                0x00000328       0x60 ./gecko_sdk_4.3.0/platform/Device/SiliconLabs/EFM32GG11B/Source/startup_efm32gg11b.o
                0x00000328                Reset_Handler
 .text.SystemMaxCoreClockGet
                0x00000388        0x8 ./gecko_sdk_4.3.0/platform/Device/SiliconLabs/EFM32GG11B/Source/system_efm32gg11b.o
                0x00000388                SystemMaxCoreClockGet
 .text.SystemHFClockGet
                0x00000390       0x74 ./gecko_sdk_4.3.0/platform/Device/SiliconLabs/EFM32GG11B/Source/system_efm32gg11b.o
                0x00000390                SystemHFClockGet
 .text.SystemCoreClockGet
                0x00000404       0x24 ./gecko_sdk_4.3.0/platform/Device/SiliconLabs/EFM32GG11B/Source/system_efm32gg11b.o
                0x00000404                SystemCoreClockGet
 .text.SystemHFXOClockGet
                0x00000428        0xc ./gecko_sdk_4.3.0/platform/Device/SiliconLabs/EFM32GG11B/Source/system_efm32gg11b.o
                0x00000428                SystemHFXOClockGet
 .text.SystemHFXOClockSet
                0x00000434       0x20 ./gecko_sdk_4.3.0/platform/Device/SiliconLabs/EFM32GG11B/Source/system_efm32gg11b.o
                0x00000434                SystemHFXOClockSet
 .text.SystemInit
                0x00000454       0x1c ./gecko_sdk_4.3.0/platform/Device/SiliconLabs/EFM32GG11B/Source/system_efm32gg11b.o
                0x00000454                SystemInit
 .text.SystemLFXOClockGet
                0x00000470        0xc ./gecko_sdk_4.3.0/platform/Device/SiliconLabs/EFM32GG11B/Source/system_efm32gg11b.o
                0x00000470                SystemLFXOClockGet
 .text.StartTransfer
                0x0000047c      0x178 ./gecko_sdk_4.3.0/platform/emdrv/dmadrv/src/dmadrv.o
 .text.DMADRV_AllocateChannel
                0x000005f4       0x60 ./gecko_sdk_4.3.0/platform/emdrv/dmadrv/src/dmadrv.o
                0x000005f4                DMADRV_AllocateChannel
 .text.DMADRV_Init
                0x00000654       0x60 ./gecko_sdk_4.3.0/platform/emdrv/dmadrv/src/dmadrv.o
                0x00000654                DMADRV_Init
 .text.DMADRV_StopTransfer
                0x000006b4       0x40 ./gecko_sdk_4.3.0/platform/emdrv/dmadrv/src/dmadrv.o
                0x000006b4                DMADRV_StopTransfer
 .text.DMADRV_TransferActive
                0x000006f4       0x50 ./gecko_sdk_4.3.0/platform/emdrv/dmadrv/src/dmadrv.o
                0x000006f4                DMADRV_TransferActive
 .text.DMADRV_TransferCompletePending
                0x00000744       0x50 ./gecko_sdk_4.3.0/platform/emdrv/dmadrv/src/dmadrv.o
                0x00000744                DMADRV_TransferCompletePending
 .text.DMADRV_TransferRemainingCount
                0x00000794       0x44 ./gecko_sdk_4.3.0/platform/emdrv/dmadrv/src/dmadrv.o
                0x00000794                DMADRV_TransferRemainingCount
 .text.LDMA_IRQHandler
                0x000007d8       0x74 ./gecko_sdk_4.3.0/platform/emdrv/dmadrv/src/dmadrv.o
                0x000007d8                LDMA_IRQHandler
 .text.GetSpiPins
                0x0000084c      0x89c ./gecko_sdk_4.3.0/platform/emdrv/spidrv/src/spidrv.o
 .text.RxDMAComplete
                0x000010e8       0x50 ./gecko_sdk_4.3.0/platform/emdrv/spidrv/src/spidrv.o
 .text.WaitForIdleLine
                0x00001138       0x64 ./gecko_sdk_4.3.0/platform/emdrv/spidrv/src/spidrv.o
 .text.SlaveTimeout
                0x0000119c       0x6c ./gecko_sdk_4.3.0/platform/emdrv/spidrv/src/spidrv.o
 .text.TransferApiPrologue
                0x00001208       0x48 ./gecko_sdk_4.3.0/platform/emdrv/spidrv/src/spidrv.o
 .text.StartReceiveDMA
                0x00001250       0x88 ./gecko_sdk_4.3.0/platform/emdrv/spidrv/src/spidrv.o
 .text.StartTransmitDMA
                0x000012d8       0x90 ./gecko_sdk_4.3.0/platform/emdrv/spidrv/src/spidrv.o
 .text.sl_sleeptimer_start_timer_ms.constprop.0.isra.0
                0x00001368       0x2c ./gecko_sdk_4.3.0/platform/emdrv/spidrv/src/spidrv.o
 .text.SPIDRV_Init
                0x00001394      0x2f8 ./gecko_sdk_4.3.0/platform/emdrv/spidrv/src/spidrv.o
                0x00001394                SPIDRV_Init
 .text.SPIDRV_SReceiveB
                0x0000168c       0x58 ./gecko_sdk_4.3.0/platform/emdrv/spidrv/src/spidrv.o
                0x0000168c                SPIDRV_SReceiveB
 .text.SPIDRV_STransmitB
                0x000016e4       0x58 ./gecko_sdk_4.3.0/platform/emdrv/spidrv/src/spidrv.o
                0x000016e4                SPIDRV_STransmitB
 .text.setHfLeConfig
                0x0000173c       0x44 ./gecko_sdk_4.3.0/platform/emlib/src/em_cmu.o
 .text.flashWaitStateControl
                0x00001780       0x54 ./gecko_sdk_4.3.0/platform/emlib/src/em_cmu.o
 .text.SL_Log2ToDiv
                0x000017d4       0x1c ./gecko_sdk_4.3.0/platform/emlib/src/em_cmu.o
 .text.EMU_VScaleWait
                0x000017f0       0x1c ./gecko_sdk_4.3.0/platform/emlib/src/em_cmu.o
 .text.EMU_VScaleGet
                0x0000180c       0x14 ./gecko_sdk_4.3.0/platform/emlib/src/em_cmu.o
 .text.syncReg  0x00001820       0x18 ./gecko_sdk_4.3.0/platform/emlib/src/em_cmu.o
 .text.CMU_PrescToLog2
                0x00001838       0x40 ./gecko_sdk_4.3.0/platform/emlib/src/em_cmu.o
 .text.CMU_UpdateWaitStates
                0x00001878       0x74 ./gecko_sdk_4.3.0/platform/emlib/src/em_cmu.o
                0x00001878                CMU_UpdateWaitStates
 .text.CMU_ClockEnable
                0x000018ec       0xd4 ./gecko_sdk_4.3.0/platform/emlib/src/em_cmu.o
                0x000018ec                CMU_ClockEnable
 .text.CMU_ClockPrescGet
                0x000019c0      0x198 ./gecko_sdk_4.3.0/platform/emlib/src/em_cmu.o
                0x000019c0                CMU_ClockPrescGet
 .text.CMU_ClockPrescSet
                0x00001b58      0x45c ./gecko_sdk_4.3.0/platform/emlib/src/em_cmu.o
                0x00001b58                CMU_ClockPrescSet
 .text.hfperClkSafePrescaler
                0x00001fb4       0x2c ./gecko_sdk_4.3.0/platform/emlib/src/em_cmu.o
 .text.hfperClkOptimizedPrescaler
                0x00001fe0       0x9c ./gecko_sdk_4.3.0/platform/emlib/src/em_cmu.o
 .text.CMU_ClockSelectGet
                0x0000207c      0x144 ./gecko_sdk_4.3.0/platform/emlib/src/em_cmu.o
                0x0000207c                CMU_ClockSelectGet
 .text.lfClkGet
                0x000021c0       0xe0 ./gecko_sdk_4.3.0/platform/emlib/src/em_cmu.o
 .text.adcAsyncClkGet
                0x000022a0       0x64 ./gecko_sdk_4.3.0/platform/emlib/src/em_cmu.o
 .text.CMU_ClockFreqGet
                0x00002304      0x358 ./gecko_sdk_4.3.0/platform/emlib/src/em_cmu.o
                0x00002304                CMU_ClockFreqGet
 .text.CMU_LFXOPrecisionSet
                0x0000265c        0xc ./gecko_sdk_4.3.0/platform/emlib/src/em_cmu.o
                0x0000265c                CMU_LFXOPrecisionSet
 .text.CMU_HFXOPrecisionSet
                0x00002668        0xc ./gecko_sdk_4.3.0/platform/emlib/src/em_cmu.o
                0x00002668                CMU_HFXOPrecisionSet
 .text.CMU_OscillatorTuningWait
                0x00002674       0x4c ./gecko_sdk_4.3.0/platform/emlib/src/em_cmu.o
                0x00002674                CMU_OscillatorTuningWait
 .text.CMU_OscillatorEnable
                0x000026c0      0x128 ./gecko_sdk_4.3.0/platform/emlib/src/em_cmu.o
                0x000026c0                CMU_OscillatorEnable
 .text.sli_em_cmu_HFClockSelectHFXO
                0x000027e8       0x68 ./gecko_sdk_4.3.0/platform/emlib/src/em_cmu.o
                0x000027e8                sli_em_cmu_HFClockSelectHFXO
 .text.CMU_HFXOInit
                0x00002850       0x9c ./gecko_sdk_4.3.0/platform/emlib/src/em_cmu.o
                0x00002850                CMU_HFXOInit
 .text.CMU_LFXOInit
                0x000028ec       0x58 ./gecko_sdk_4.3.0/platform/emlib/src/em_cmu.o
                0x000028ec                CMU_LFXOInit
 .text.__NVIC_GetPriority
                0x00002944       0x24 ./gecko_sdk_4.3.0/platform/emlib/src/em_core.o
 .text.CORE_NvicIRQDisabled
                0x00002968       0x34 ./gecko_sdk_4.3.0/platform/emlib/src/em_core.o
                0x00002968                CORE_NvicIRQDisabled
 .text.CORE_IrqIsBlocked
                0x0000299c       0x6c ./gecko_sdk_4.3.0/platform/emlib/src/em_core.o
                0x0000299c                CORE_IrqIsBlocked
 .text.EMU_LDOStatusGet
                0x00002a08       0x14 ./gecko_sdk_4.3.0/platform/emlib/src/em_emu.o
 .text.lpGetDevinfoVrefLowHigh
                0x00002a1c       0xa8 ./gecko_sdk_4.3.0/platform/emlib/src/em_emu.o
 .text.EMU_VScaleWait
                0x00002ac4       0x18 ./gecko_sdk_4.3.0/platform/emlib/src/em_emu.o
 .text.lpCmpHystCalibrationLoad.constprop.0
                0x00002adc       0x78 ./gecko_sdk_4.3.0/platform/emlib/src/em_emu.o
 .text.EMU_EM4Init
                0x00002b54       0x54 ./gecko_sdk_4.3.0/platform/emlib/src/em_emu.o
                0x00002b54                EMU_EM4Init
 .text.EMU_VScaleEM01
                0x00002ba8       0x80 ./gecko_sdk_4.3.0/platform/emlib/src/em_emu.o
                0x00002ba8                EMU_VScaleEM01
 .text.EMU_VScaleEM01ByClock
                0x00002c28       0x50 ./gecko_sdk_4.3.0/platform/emlib/src/em_emu.o
                0x00002c28                EMU_VScaleEM01ByClock
 .text.EMU_DCDCModeSet
                0x00002c78       0x68 ./gecko_sdk_4.3.0/platform/emlib/src/em_emu.o
                0x00002c78                EMU_DCDCModeSet
 .text.EMU_DCDCOutputVoltageSet
                0x00002ce0      0x18c ./gecko_sdk_4.3.0/platform/emlib/src/em_emu.o
                0x00002ce0                EMU_DCDCOutputVoltageSet
 .text.EMU_DCDCOptimizeSlice
                0x00002e6c       0xe0 ./gecko_sdk_4.3.0/platform/emlib/src/em_emu.o
                0x00002e6c                EMU_DCDCOptimizeSlice
 .text.EMU_DCDCLnRcoBandSet
                0x00002f4c       0x44 ./gecko_sdk_4.3.0/platform/emlib/src/em_emu.o
                0x00002f4c                EMU_DCDCLnRcoBandSet
 .text.EMU_DCDCInit
                0x00002f90      0x170 ./gecko_sdk_4.3.0/platform/emlib/src/em_emu.o
                0x00002f90                EMU_DCDCInit
 .text.GPIO_PinOutSet
                0x00003100       0x3c ./gecko_sdk_4.3.0/platform/emlib/src/em_gpio.o
 .text.GPIO_PinOutClear
                0x0000313c       0x3c ./gecko_sdk_4.3.0/platform/emlib/src/em_gpio.o
 .text.GPIO_PinModeSet
                0x00003178       0x8c ./gecko_sdk_4.3.0/platform/emlib/src/em_gpio.o
                0x00003178                GPIO_PinModeSet
 .text.GPIO_PinModeGet
                0x00003204       0x4c ./gecko_sdk_4.3.0/platform/emlib/src/em_gpio.o
                0x00003204                GPIO_PinModeGet
 .text.LDMA_Init
                0x00003250       0x80 ./gecko_sdk_4.3.0/platform/emlib/src/em_ldma.o
                0x00003250                LDMA_Init
 .text.LDMA_StartTransfer
                0x000032d0      0x10c ./gecko_sdk_4.3.0/platform/emlib/src/em_ldma.o
                0x000032d0                LDMA_StartTransfer
 .text.LDMA_StopTransfer
                0x000033dc       0x40 ./gecko_sdk_4.3.0/platform/emlib/src/em_ldma.o
                0x000033dc                LDMA_StopTransfer
 .text.LDMA_TransferRemainingCount
                0x0000341c       0x50 ./gecko_sdk_4.3.0/platform/emlib/src/em_ldma.o
                0x0000341c                LDMA_TransferRemainingCount
 .text.RTCC_ChannelInit
                0x0000346c       0x58 ./gecko_sdk_4.3.0/platform/emlib/src/em_rtcc.o
                0x0000346c                RTCC_ChannelInit
 .text.RTCC_Enable
                0x000034c4        0xc ./gecko_sdk_4.3.0/platform/emlib/src/em_rtcc.o
                0x000034c4                RTCC_Enable
 .text.RTCC_Init
                0x000034d0       0x70 ./gecko_sdk_4.3.0/platform/emlib/src/em_rtcc.o
                0x000034d0                RTCC_Init
 .text.USART_BaudrateSyncSet
                0x00003540       0x5c ./gecko_sdk_4.3.0/platform/emlib/src/em_usart.o
                0x00003540                USART_BaudrateSyncSet
 .text.USART_Reset
                0x0000359c       0xac ./gecko_sdk_4.3.0/platform/emlib/src/em_usart.o
                0x0000359c                USART_Reset
 .text.USART_InitSync
                0x00003648       0xd0 ./gecko_sdk_4.3.0/platform/emlib/src/em_usart.o
                0x00003648                USART_InitSync
 .text.sl_device_init_dcdc
                0x00003718       0x2c ./gecko_sdk_4.3.0/platform/service/device_init/src/sl_device_init_dcdc_s1.o
                0x00003718                sl_device_init_dcdc
 .text.sl_device_init_hfxo
                0x00003744       0x64 ./gecko_sdk_4.3.0/platform/service/device_init/src/sl_device_init_hfxo_s1.o
                0x00003744                sl_device_init_hfxo
 .text.sl_device_init_lfxo
                0x000037a8       0x28 ./gecko_sdk_4.3.0/platform/service/device_init/src/sl_device_init_lfxo_s1.o
                0x000037a8                sl_device_init_lfxo
 .text.sl_device_init_nvic
                0x000037d0       0x3c ./gecko_sdk_4.3.0/platform/service/device_init/src/sl_device_init_nvic.o
                0x000037d0                sl_device_init_nvic
 .text.delta_list_insert_timer
                0x0000380c       0x44 ./gecko_sdk_4.3.0/platform/service/sleeptimer/src/sl_sleeptimer.o
 .text.update_delta_list
                0x00003850       0x38 ./gecko_sdk_4.3.0/platform/service/sleeptimer/src/sl_sleeptimer.o
 .text.set_comparator_for_next_timer
                0x00003888       0x5c ./gecko_sdk_4.3.0/platform/service/sleeptimer/src/sl_sleeptimer.o
 .text.create_timer
                0x000038e4       0x70 ./gecko_sdk_4.3.0/platform/service/sleeptimer/src/sl_sleeptimer.o
 .text.delta_list_remove_timer
                0x00003954       0x38 ./gecko_sdk_4.3.0/platform/service/sleeptimer/src/sl_sleeptimer.o
 .text.sl_sleeptimer_init
                0x0000398c       0x74 ./gecko_sdk_4.3.0/platform/service/sleeptimer/src/sl_sleeptimer.o
                0x0000398c                sl_sleeptimer_init
 .text.sl_sleeptimer_stop_timer
                0x00003a00       0x50 ./gecko_sdk_4.3.0/platform/service/sleeptimer/src/sl_sleeptimer.o
                0x00003a00                sl_sleeptimer_stop_timer
 .text.sl_sleeptimer_is_timer_running
                0x00003a50       0x38 ./gecko_sdk_4.3.0/platform/service/sleeptimer/src/sl_sleeptimer.o
                0x00003a50                sl_sleeptimer_is_timer_running
 .text.sl_sleeptimer_ms32_to_tick
                0x00003a88       0x3c ./gecko_sdk_4.3.0/platform/service/sleeptimer/src/sl_sleeptimer.o
                0x00003a88                sl_sleeptimer_ms32_to_tick
 .text.process_timer_irq
                0x00003ac4      0x158 ./gecko_sdk_4.3.0/platform/service/sleeptimer/src/sl_sleeptimer.o
                0x00003ac4                process_timer_irq
 .text.sleeptimer_hal_init_timer
                0x00003c1c       0x88 ./gecko_sdk_4.3.0/platform/service/sleeptimer/src/sl_sleeptimer_hal_rtcc.o
                0x00003c1c                sleeptimer_hal_init_timer
 .text.sleeptimer_hal_get_counter
                0x00003ca4        0xc ./gecko_sdk_4.3.0/platform/service/sleeptimer/src/sl_sleeptimer_hal_rtcc.o
                0x00003ca4                sleeptimer_hal_get_counter
 .text.sleeptimer_hal_set_compare
                0x00003cb0       0x5c ./gecko_sdk_4.3.0/platform/service/sleeptimer/src/sl_sleeptimer_hal_rtcc.o
                0x00003cb0                sleeptimer_hal_set_compare
 .text.sleeptimer_hal_enable_int
                0x00003d0c       0x1c ./gecko_sdk_4.3.0/platform/service/sleeptimer/src/sl_sleeptimer_hal_rtcc.o
                0x00003d0c                sleeptimer_hal_enable_int
 .text.sleeptimer_hal_disable_int
                0x00003d28       0x30 ./gecko_sdk_4.3.0/platform/service/sleeptimer/src/sl_sleeptimer_hal_rtcc.o
                0x00003d28                sleeptimer_hal_disable_int
 .text.sleeptimer_hal_set_int
                0x00003d58       0x10 ./gecko_sdk_4.3.0/platform/service/sleeptimer/src/sl_sleeptimer_hal_rtcc.o
                0x00003d58                sleeptimer_hal_set_int
 .text.RTCC_IRQHandler
                0x00003d68       0x30 ./gecko_sdk_4.3.0/platform/service/sleeptimer/src/sl_sleeptimer_hal_rtcc.o
                0x00003d68                RTCC_IRQHandler
 .text.sleeptimer_hal_get_timer_frequency
                0x00003d98       0x18 ./gecko_sdk_4.3.0/platform/service/sleeptimer/src/sl_sleeptimer_hal_rtcc.o
                0x00003d98                sleeptimer_hal_get_timer_frequency
 .text.getInput
                0x00003db0       0x4c ./sources/gpio.o
                0x00003db0                getInput
 .text.sendData
                0x00003dfc       0x1c ./sources/spi.o
                0x00003dfc                sendData
 .text.recieveData
                0x00003e18       0x20 ./sources/spi.o
                0x00003e18                recieveData
 .text.SPILoop  0x00003e38       0x38 ./sources/spi.o
                0x00003e38                SPILoop
 .text          0x00003e70       0x30 c:/siliconlabs/simplicitystudio/v5/developer/toolchains/gnu_arm/10.3_2021.10/bin/../lib/gcc/arm-none-eabi/10.3.1/thumb/v7e-m+fp/softfp\libgcc.a(_aeabi_uldivmod.o)
                0x00003e70                __aeabi_uldivmod
 .text          0x00003ea0      0x2d0 c:/siliconlabs/simplicitystudio/v5/developer/toolchains/gnu_arm/10.3_2021.10/bin/../lib/gcc/arm-none-eabi/10.3.1/thumb/v7e-m+fp/softfp\libgcc.a(_udivmoddi4.o)
                0x00003ea0                __udivmoddi4
 .text          0x00004170        0x4 c:/siliconlabs/simplicitystudio/v5/developer/toolchains/gnu_arm/10.3_2021.10/bin/../lib/gcc/arm-none-eabi/10.3.1/thumb/v7e-m+fp/softfp\libgcc.a(_dvmd_tls.o)
                0x00004170                __aeabi_idiv0
                0x00004170                __aeabi_ldiv0
 .text.exit     0x00004174       0x28 c:/siliconlabs/simplicitystudio/v5/developer/toolchains/gnu_arm/10.3_2021.10/bin/../lib/gcc/arm-none-eabi/10.3.1/../../../../arm-none-eabi/lib/thumb/v7e-m+fp/softfp\libc_nano.a(lib_a-exit.o)
                0x00004174                exit
 .text.__libc_init_array
                0x0000419c       0x48 c:/siliconlabs/simplicitystudio/v5/developer/toolchains/gnu_arm/10.3_2021.10/bin/../lib/gcc/arm-none-eabi/10.3.1/../../../../arm-none-eabi/lib/thumb/v7e-m+fp/softfp\libc_nano.a(lib_a-init.o)
                0x0000419c                __libc_init_array
 .text._exit    0x000041e4        0x4 c:/siliconlabs/simplicitystudio/v5/developer/toolchains/gnu_arm/10.3_2021.10/bin/../lib/gcc/arm-none-eabi/10.3.1/../../../../arm-none-eabi/lib/thumb/v7e-m+fp/softfp\libnosys.a(_exit.o)
                0x000041e4                _exit
 .text.sl_board_default_init
                0x000041e8        0x2 ./autogen/sl_board_default_init.o
                0x000041e8                sl_board_default_init
 .text.sl_driver_init
                0x000041ea        0x4 ./autogen/sl_event_handler.o
                0x000041ea                sl_driver_init
 .text.sl_service_init
                0x000041ee        0xe ./autogen/sl_event_handler.o
                0x000041ee                sl_service_init
 .text.sl_stack_init
                0x000041fc        0x2 ./autogen/sl_event_handler.o
                0x000041fc                sl_stack_init
 .text.sl_internal_app_init
                0x000041fe        0x2 ./autogen/sl_event_handler.o
                0x000041fe                sl_internal_app_init
 .text.sl_platform_process_action
                0x00004200        0x2 ./autogen/sl_event_handler.o
                0x00004200                sl_platform_process_action
 .text.sl_service_process_action
                0x00004202        0x2 ./autogen/sl_event_handler.o
                0x00004202                sl_service_process_action
 .text.sl_stack_process_action
                0x00004204        0x2 ./autogen/sl_event_handler.o
                0x00004204                sl_stack_process_action
 .text.sl_internal_app_process_action
                0x00004206        0x2 ./autogen/sl_event_handler.o
                0x00004206                sl_internal_app_process_action
 .text.sl_board_enable_vcom
                0x00004208       0x12 ./gecko_sdk_4.3.0/hardware/board/src/sl_board_control_gpio.o
                0x00004208                sl_board_enable_vcom
 .text.sl_board_configure_vcom
                0x0000421a        0x4 ./gecko_sdk_4.3.0/hardware/board/src/sl_board_control_gpio.o
                0x0000421a                sl_board_configure_vcom
 .text.Default_Handler
                0x0000421e        0x2 ./gecko_sdk_4.3.0/platform/Device/SiliconLabs/EFM32GG11B/Source/startup_efm32gg11b.o
                0x0000421e                TIMER2_IRQHandler
                0x0000421e                DebugMon_Handler
                0x0000421e                TIMER5_IRQHandler
                0x0000421e                USART0_TX_IRQHandler
                0x0000421e                USART5_RX_IRQHandler
                0x0000421e                I2C0_IRQHandler
                0x0000421e                HardFault_Handler
                0x0000421e                LEUART1_IRQHandler
                0x0000421e                SysTick_Handler
                0x0000421e                SDIO_IRQHandler
                0x0000421e                USART1_RX_IRQHandler
                0x0000421e                PendSV_Handler
                0x0000421e                NMI_Handler
                0x0000421e                I2C1_IRQHandler
                0x0000421e                CAN1_IRQHandler
                0x0000421e                WTIMER0_IRQHandler
                0x0000421e                WTIMER3_IRQHandler
                0x0000421e                CRYPTO0_IRQHandler
                0x0000421e                WDOG0_IRQHandler
                0x0000421e                TIMER3_IRQHandler
                0x0000421e                USART1_TX_IRQHandler
                0x0000421e                USART4_RX_IRQHandler
                0x0000421e                SMU_IRQHandler
                0x0000421e                MSC_IRQHandler
                0x0000421e                ADC0_IRQHandler
                0x0000421e                UsageFault_Handler
                0x0000421e                WDOG1_IRQHandler
                0x0000421e                LEUART0_IRQHandler
                0x0000421e                TIMER4_IRQHandler
                0x0000421e                FPUEH_IRQHandler
                0x0000421e                WTIMER1_IRQHandler
                0x0000421e                GPIO_EVEN_IRQHandler
                0x0000421e                UART0_TX_IRQHandler
                0x0000421e                UART1_TX_IRQHandler
                0x0000421e                VDAC0_IRQHandler
                0x0000421e                QSPI0_IRQHandler
                0x0000421e                TIMER6_IRQHandler
                0x0000421e                CSEN_IRQHandler
                0x0000421e                ADC1_IRQHandler
                0x0000421e                I2C2_IRQHandler
                0x0000421e                RTC_IRQHandler
                0x0000421e                TIMER0_IRQHandler
                0x0000421e                LCD_IRQHandler
                0x0000421e                PCNT2_IRQHandler
                0x0000421e                UART0_RX_IRQHandler
                0x0000421e                LETIMER0_IRQHandler
                0x0000421e                WTIMER2_IRQHandler
                0x0000421e                TIMER1_IRQHandler
                0x0000421e                TRNG0_IRQHandler
                0x0000421e                USART2_RX_IRQHandler
                0x0000421e                Default_Handler
                0x0000421e                EMU_IRQHandler
                0x0000421e                CRYOTIMER_IRQHandler
                0x0000421e                PCNT0_IRQHandler
                0x0000421e                sl_app_properties
                0x0000421e                USB_IRQHandler
                0x0000421e                USART4_TX_IRQHandler
                0x0000421e                PCNT1_IRQHandler
                0x0000421e                ACMP0_IRQHandler
                0x0000421e                USART0_RX_IRQHandler
                0x0000421e                USART5_TX_IRQHandler
                0x0000421e                MemManage_Handler
                0x0000421e                SVC_Handler
                0x0000421e                USART3_RX_IRQHandler
                0x0000421e                UART1_RX_IRQHandler
                0x0000421e                ETH_IRQHandler
                0x0000421e                CMU_IRQHandler
                0x0000421e                EBI_IRQHandler
                0x0000421e                CAN0_IRQHandler
                0x0000421e                GPIO_ODD_IRQHandler
                0x0000421e                LESENSE_IRQHandler
                0x0000421e                USART3_TX_IRQHandler
                0x0000421e                LETIMER1_IRQHandler
                0x0000421e                ACMP2_IRQHandler
                0x0000421e                BusFault_Handler
                0x0000421e                USART2_TX_IRQHandler
                0x0000421e                IDAC0_IRQHandler
 .text.SystemLFRCOClockGet
                0x00004220        0x6 ./gecko_sdk_4.3.0/platform/Device/SiliconLabs/EFM32GG11B/Source/system_efm32gg11b.o
                0x00004220                SystemLFRCOClockGet
 .text.SystemULFRCOClockGet
                0x00004226        0x6 ./gecko_sdk_4.3.0/platform/Device/SiliconLabs/EFM32GG11B/Source/system_efm32gg11b.o
                0x00004226                SystemULFRCOClockGet
 .text.assertEFM
                0x0000422c        0x2 ./gecko_sdk_4.3.0/platform/common/src/sl_assert.o
                0x0000422c                assertEFM
 .text.DMADRV_MemoryPeripheral
                0x0000422e       0x34 ./gecko_sdk_4.3.0/platform/emdrv/dmadrv/src/dmadrv.o
                0x0000422e                DMADRV_MemoryPeripheral
 .text.DMADRV_PeripheralMemory
                0x00004262       0x34 ./gecko_sdk_4.3.0/platform/emdrv/dmadrv/src/dmadrv.o
                0x00004262                DMADRV_PeripheralMemory
 .text.BlockingComplete
                0x00004296        0xa ./gecko_sdk_4.3.0/platform/emdrv/spidrv/src/spidrv.o
 .text.WaitForTransferCompletion
                0x000042a0       0x24 ./gecko_sdk_4.3.0/platform/emdrv/spidrv/src/spidrv.o
 .text.flashWaitStateMax
                0x000042c4       0x24 ./gecko_sdk_4.3.0/platform/emlib/src/em_cmu.o
 .text.CMU_ClockDivGet
                0x000042e8        0xa ./gecko_sdk_4.3.0/platform/emlib/src/em_cmu.o
                0x000042e8                CMU_ClockDivGet
 .text.CORE_EnterCritical
                0x000042f2        0x8 ./gecko_sdk_4.3.0/platform/emlib/src/em_core.o
                0x000042f2                CORE_EnterCritical
 .text.CORE_ExitCritical
                0x000042fa        0x6 ./gecko_sdk_4.3.0/platform/emlib/src/em_core.o
                0x000042fa                CORE_ExitCritical
 .text.CORE_EnterAtomic
                0x00004300        0xc ./gecko_sdk_4.3.0/platform/emlib/src/em_core.o
                0x00004300                CORE_EnterAtomic
 .text.CORE_ExitAtomic
                0x0000430c        0x6 ./gecko_sdk_4.3.0/platform/emlib/src/em_core.o
                0x0000430c                CORE_ExitAtomic
 .text.BUS_RegMaskedWrite
                0x00004312       0x22 ./gecko_sdk_4.3.0/platform/emlib/src/em_gpio.o
 .text.sl_device_init_emu
                0x00004334       0x1c ./gecko_sdk_4.3.0/platform/service/device_init/src/sl_device_init_emu_s1.o
                0x00004334                sl_device_init_emu
 .text.sl_sleeptimer_start_timer
                0x00004350       0x48 ./gecko_sdk_4.3.0/platform/service/sleeptimer/src/sl_sleeptimer.o
                0x00004350                sl_sleeptimer_start_timer
 .text.CMU_PrescToLog2.constprop.0
                0x00004398        0x4 ./gecko_sdk_4.3.0/platform/service/sleeptimer/src/sl_sleeptimer_hal_rtcc.o
 .text.sl_system_init
                0x0000439c       0x1a ./gecko_sdk_4.3.0/platform/service/system/src/sl_system_init.o
                0x0000439c                sl_system_init
 .text.sl_system_process_action
                0x000043b6       0x16 ./gecko_sdk_4.3.0/platform/service/system/src/sl_system_process_action.o
                0x000043b6                sl_system_process_action
 .text.startup.main
                0x000043cc       0x14 ./main.o
                0x000043cc                main
 .text.app_init
                0x000043e0        0x2 ./sources/app.o
                0x000043e0                app_init
 .text.app_process_action
                0x000043e2        0x4 ./sources/app.o
                0x000043e2                app_process_action
 .text.setInput
                0x000043e6        0x8 ./sources/gpio.o
                0x000043e6                setInput
 .text.memset   0x000043ee       0x10 c:/siliconlabs/simplicitystudio/v5/developer/toolchains/gnu_arm/10.3_2021.10/bin/../lib/gcc/arm-none-eabi/10.3.1/../../../../arm-none-eabi/lib/thumb/v7e-m+fp/softfp\libc_nano.a(lib_a-memset.o)
                0x000043ee                memset
                0x000043fe                linker_code_end = .
 *(.init)
 *fill*         0x000043fe        0x2 
 .init          0x00004400        0x4 c:/siliconlabs/simplicitystudio/v5/developer/toolchains/gnu_arm/10.3_2021.10/bin/../lib/gcc/arm-none-eabi/10.3.1/thumb/v7e-m+fp/softfp/crti.o
                0x00004400                _init
 .init          0x00004404        0x8 c:/siliconlabs/simplicitystudio/v5/developer/toolchains/gnu_arm/10.3_2021.10/bin/../lib/gcc/arm-none-eabi/10.3.1/thumb/v7e-m+fp/softfp/crtn.o
 *(.fini)
 .fini          0x0000440c        0x4 c:/siliconlabs/simplicitystudio/v5/developer/toolchains/gnu_arm/10.3_2021.10/bin/../lib/gcc/arm-none-eabi/10.3.1/thumb/v7e-m+fp/softfp/crti.o
                0x0000440c                _fini
 .fini          0x00004410        0x8 c:/siliconlabs/simplicitystudio/v5/developer/toolchains/gnu_arm/10.3_2021.10/bin/../lib/gcc/arm-none-eabi/10.3.1/thumb/v7e-m+fp/softfp/crtn.o
 *crtbegin.o(.ctors)
 *crtbegin?.o(.ctors)
 *(EXCLUDE_FILE(*crtend.o *crtend?.o) .ctors)
 *(SORT_BY_NAME(.ctors.*))
 *(.ctors)
 *crtbegin.o(.dtors)
 *crtbegin?.o(.dtors)
 *(EXCLUDE_FILE(*crtend.o *crtend?.o) .dtors)
 *(SORT_BY_NAME(.dtors.*))
 *(.dtors)
 *(.rodata*)
 .rodata.CSWTCH.3
                0x00004418       0x20 ./gecko_sdk_4.3.0/platform/Device/SiliconLabs/EFM32GG11B/Source/system_efm32gg11b.o
 .rodata        0x00004438        0x4 ./gecko_sdk_4.3.0/platform/emdrv/dmadrv/src/dmadrv.o
 .rodata.RxDMAComplete.str1.1
                0x0000443c       0x54 ./gecko_sdk_4.3.0/platform/emdrv/spidrv/src/spidrv.o
 .rodata.WaitForIdleLine.str1.1
                0x00004490       0x4e ./gecko_sdk_4.3.0/platform/emdrv/spidrv/src/spidrv.o
 *fill*         0x000044de        0x2 
 .rodata        0x000044e0       0x1c ./gecko_sdk_4.3.0/platform/emdrv/spidrv/src/spidrv.o
 .rodata.flashWaitStateControl.str1.1
                0x000044fc       0x4d ./gecko_sdk_4.3.0/platform/emlib/src/em_cmu.o
 .rodata.SL_Log2ToDiv.str1.1
                0x00004549       0x51 ./gecko_sdk_4.3.0/platform/emlib/src/em_cmu.o
 .rodata.CMU_PrescToLog2.str1.1
                0x0000459a       0x4d ./gecko_sdk_4.3.0/platform/emlib/src/em_cmu.o
 .rodata.CSWTCH.108
                0x000045e7        0x3 ./gecko_sdk_4.3.0/platform/emlib/src/em_cmu.o
 .rodata.CSWTCH.61
                0x000045ea        0x6 ./gecko_sdk_4.3.0/platform/emlib/src/em_cmu.o
 .rodata.CSWTCH.62
                0x000045f0        0x4 ./gecko_sdk_4.3.0/platform/emlib/src/em_cmu.o
 .rodata.CSWTCH.63
                0x000045f4        0x4 ./gecko_sdk_4.3.0/platform/emlib/src/em_cmu.o
 .rodata.CSWTCH.66
                0x000045f8        0x6 ./gecko_sdk_4.3.0/platform/emlib/src/em_cmu.o
 .rodata.CSWTCH.96
                0x000045fe        0x6 ./gecko_sdk_4.3.0/platform/emlib/src/em_cmu.o
 .rodata.CSWTCH.97
                0x00004604        0x6 ./gecko_sdk_4.3.0/platform/emlib/src/em_cmu.o
 .rodata.CSWTCH.98
                0x0000460a        0xc ./gecko_sdk_4.3.0/platform/emlib/src/em_cmu.o
 .rodata.CSWTCH.99
                0x00004616        0xc ./gecko_sdk_4.3.0/platform/emlib/src/em_cmu.o
 *fill*         0x00004622        0x2 
 .rodata.flashWsTable
                0x00004624       0x38 ./gecko_sdk_4.3.0/platform/emlib/src/em_cmu.o
 .rodata.CORE_NvicMaskSetIRQ.str1.1
                0x0000465c       0x4e ./gecko_sdk_4.3.0/platform/emlib/src/em_core.o
 .rodata.lpGetDevinfoVrefLowHigh.str1.1
                0x000046aa       0x4d ./gecko_sdk_4.3.0/platform/emlib/src/em_emu.o
 .rodata.GPIO_PinOutSet.str1.1
                0x000046f7       0x4e ./gecko_sdk_4.3.0/platform/emlib/src/em_gpio.o
 .rodata.GPIO_DbgLocationSet.str1.1
                0x000046f7       0x4e ./gecko_sdk_4.3.0/platform/emlib/src/em_gpio.o
 .rodata.LDMA_EnableChannelRequest.str1.1
                0x00004745       0x9b ./gecko_sdk_4.3.0/platform/emlib/src/em_ldma.o
 .rodata.RTCC_ChannelInit.str1.1
                0x000047e0       0x4e ./gecko_sdk_4.3.0/platform/emlib/src/em_rtcc.o
 .rodata.USART_BaudrateAsyncSet.str1.1
                0x0000482e       0x4f ./gecko_sdk_4.3.0/platform/emlib/src/em_usart.o
 *fill*         0x0000487d        0x1 
 .rodata        0x0000487e       0x10 ./gecko_sdk_4.3.0/platform/service/device_init/src/sl_device_init_dcdc_s1.o
 .rodata        0x0000488e        0xc ./gecko_sdk_4.3.0/platform/service/device_init/src/sl_device_init_hfxo_s1.o
 .rodata        0x0000489a        0x4 ./gecko_sdk_4.3.0/platform/service/device_init/src/sl_device_init_lfxo_s1.o
 .rodata.process_timer_irq.str1.1
                0x0000489e       0x61 ./gecko_sdk_4.3.0/platform/service/sleeptimer/src/sl_sleeptimer.o
 .rodata        0x000048ff       0x11 ./gecko_sdk_4.3.0/platform/service/sleeptimer/src/sl_sleeptimer_hal_rtcc.o
 .rodata.outputON.str1.1
                0x00004910       0x4e ./sources/gpio.o
 .rodata._global_impure_ptr
                0x00004910        0x4 c:/siliconlabs/simplicitystudio/v5/developer/toolchains/gnu_arm/10.3_2021.10/bin/../lib/gcc/arm-none-eabi/10.3.1/../../../../arm-none-eabi/lib/thumb/v7e-m+fp/softfp\libc_nano.a(lib_a-impure.o)
                0x00004910                _global_impure_ptr
 *(.eh_frame*)
 .eh_frame      0x00004914        0x0 c:/siliconlabs/simplicitystudio/v5/developer/toolchains/gnu_arm/10.3_2021.10/bin/../lib/gcc/arm-none-eabi/10.3.1/thumb/v7e-m+fp/softfp/crtbegin.o

.glue_7         0x00004914        0x0
 .glue_7        0x00004914        0x0 linker stubs

.glue_7t        0x00004914        0x0
 .glue_7t       0x00004914        0x0 linker stubs

.vfp11_veneer   0x00004914        0x0
 .vfp11_veneer  0x00004914        0x0 linker stubs

.v4_bx          0x00004914        0x0
 .v4_bx         0x00004914        0x0 linker stubs

.iplt           0x00004914        0x0
 .iplt          0x00004914        0x0 c:/siliconlabs/simplicitystudio/v5/developer/toolchains/gnu_arm/10.3_2021.10/bin/../lib/gcc/arm-none-eabi/10.3.1/thumb/v7e-m+fp/softfp/crtbegin.o

.ARM.extab
 *(.ARM.extab* .gnu.linkonce.armextab.*)
                0x00004914                __exidx_start = .

.ARM.exidx      0x00004914        0x8
 *(.ARM.exidx* .gnu.linkonce.armexidx.*)
 .ARM.exidx     0x00004914        0x8 c:/siliconlabs/simplicitystudio/v5/developer/toolchains/gnu_arm/10.3_2021.10/bin/../lib/gcc/arm-none-eabi/10.3.1/../../../../arm-none-eabi/lib/thumb/v7e-m+fp/softfp/crt0.o
                                 0x10 (size before relaxing)
 .ARM.exidx     0x0000491c        0x0 c:/siliconlabs/simplicitystudio/v5/developer/toolchains/gnu_arm/10.3_2021.10/bin/../lib/gcc/arm-none-eabi/10.3.1/thumb/v7e-m+fp/softfp\libgcc.a(_udivmoddi4.o)
                                  0x8 (size before relaxing)
                0x0000491c                __exidx_end = .

.rel.dyn        0x0000491c        0x0
 .rel.iplt      0x0000491c        0x0 c:/siliconlabs/simplicitystudio/v5/developer/toolchains/gnu_arm/10.3_2021.10/bin/../lib/gcc/arm-none-eabi/10.3.1/thumb/v7e-m+fp/softfp/crtbegin.o

.copy.table     0x0000491c        0xc
                0x0000491c                . = ALIGN (0x4)
                0x0000491c                __copy_table_start__ = .
                0x0000491c        0x4 LONG 0x4928 __etext
                0x00004920        0x4 LONG 0x20001000 __data_start__
                0x00004924        0x4 LONG 0x2a ((__data_end__ - __data_start__) / 0x4)
                0x00004928                __copy_table_end__ = .

.zero.table     0x00004928        0x0
                0x00004928                . = ALIGN (0x4)
                0x00004928                __zero_table_start__ = .
                0x00004928                __zero_table_end__ = .
                0x00004928                __etext = .
                0x20000000                . = ORIGIN (RAM)

.stack          0x20000000     0x1000
                0x20000000                __StackLimit = .
 *(.stack*)
 .stack         0x20000000     0x1000 ./gecko_sdk_4.3.0/platform/common/toolchain/src/sl_memory.o
                0x20001000                . = ALIGN (0x4)
                0x20001000                __StackTop = .
                0x20001000                PROVIDE (__stack = __StackTop)

.noinit
 *(.noinit*)

.data           0x20001000       0xa8 load address 0x00004928
                0x20001000                . = ALIGN (0x4)
                0x20001000                __data_start__ = .
 *(vtable)
 *(SORT_BY_ALIGNMENT(.data*))
 .data.sl_spidrv_exp_handle
                0x20001000        0x4 ./autogen/sl_spidrv_init.o
                0x20001000                sl_spidrv_exp_handle
 .data.sl_spidrv_init_exp
                0x20001004       0x1c ./autogen/sl_spidrv_init.o
                0x20001004                sl_spidrv_init_exp
 .data.SystemCoreClock
                0x20001020        0x4 ./gecko_sdk_4.3.0/platform/Device/SiliconLabs/EFM32GG11B/Source/system_efm32gg11b.o
                0x20001020                SystemCoreClock
 .data.SystemHFXOClock
                0x20001024        0x4 ./gecko_sdk_4.3.0/platform/Device/SiliconLabs/EFM32GG11B/Source/system_efm32gg11b.o
 .data.SystemHfrcoFreq
                0x20001028        0x4 ./gecko_sdk_4.3.0/platform/Device/SiliconLabs/EFM32GG11B/Source/system_efm32gg11b.o
                0x20001028                SystemHfrcoFreq
 .data.SystemLFXOClock
                0x2000102c        0x4 ./gecko_sdk_4.3.0/platform/Device/SiliconLabs/EFM32GG11B/Source/system_efm32gg11b.o
 .data.auxHfrcoFreq
                0x20001030        0x4 ./gecko_sdk_4.3.0/platform/emlib/src/em_cmu.o
 .data.ushfrcoFreq
                0x20001034        0x4 ./gecko_sdk_4.3.0/platform/emlib/src/em_cmu.o
 .data.impure_data
                0x20001038       0x60 c:/siliconlabs/simplicitystudio/v5/developer/toolchains/gnu_arm/10.3_2021.10/bin/../lib/gcc/arm-none-eabi/10.3.1/../../../../arm-none-eabi/lib/thumb/v7e-m+fp/softfp\libc_nano.a(lib_a-impure.o)
 .data.hfxo_precision
                0x20001098        0x2 ./gecko_sdk_4.3.0/platform/emlib/src/em_cmu.o
 .data.lfxo_precision
                0x2000109a        0x2 ./gecko_sdk_4.3.0/platform/emlib/src/em_cmu.o
 .data.cc_disabled
                0x2000109c        0x1 ./gecko_sdk_4.3.0/platform/service/sleeptimer/src/sl_sleeptimer_hal_rtcc.o
                0x200010a0                . = ALIGN (0x4)
 *fill*         0x2000109d        0x3 
                [!provide]                PROVIDE (__ram_func_section_start = .)
 *(.ram)
                [!provide]                PROVIDE (__ram_func_section_end = .)
                0x200010a0                . = ALIGN (0x4)
                0x200010a0                PROVIDE (__preinit_array_start = .)
 *(.preinit_array)
                0x200010a0                PROVIDE (__preinit_array_end = .)
                0x200010a0                . = ALIGN (0x4)
                0x200010a0                PROVIDE (__init_array_start = .)
 *(SORT_BY_NAME(.init_array.*))
 *(.init_array)
 .init_array    0x200010a0        0x4 c:/siliconlabs/simplicitystudio/v5/developer/toolchains/gnu_arm/10.3_2021.10/bin/../lib/gcc/arm-none-eabi/10.3.1/thumb/v7e-m+fp/softfp/crtbegin.o
                0x200010a4                PROVIDE (__init_array_end = .)
                0x200010a4                . = ALIGN (0x4)
                [!provide]                PROVIDE (__fini_array_start = .)
 *(SORT_BY_NAME(.fini_array.*))
 *(.fini_array)
 .fini_array    0x200010a4        0x4 c:/siliconlabs/simplicitystudio/v5/developer/toolchains/gnu_arm/10.3_2021.10/bin/../lib/gcc/arm-none-eabi/10.3.1/thumb/v7e-m+fp/softfp/crtbegin.o
                [!provide]                PROVIDE (__fini_array_end = .)
                0x200010a8                . = ALIGN (0x4)
                0x200010a8                __data_end__ = .

.igot.plt       0x200010a8        0x0 load address 0x000049d0
 .igot.plt      0x200010a8        0x0 c:/siliconlabs/simplicitystudio/v5/developer/toolchains/gnu_arm/10.3_2021.10/bin/../lib/gcc/arm-none-eabi/10.3.1/thumb/v7e-m+fp/softfp/crtbegin.o

.bss            0x200010a8      0x584 load address 0x000049d0
                0x200010a8                . = ALIGN (0x4)
                0x200010a8                __bss_start__ = .
 *(SORT_BY_ALIGNMENT(.bss*))
 .bss           0x200010a8       0x1c c:/siliconlabs/simplicitystudio/v5/developer/toolchains/gnu_arm/10.3_2021.10/bin/../lib/gcc/arm-none-eabi/10.3.1/thumb/v7e-m+fp/softfp/crtbegin.o
 .bss.sl_spidrv_exp_handle_data
                0x200010c4       0x80 ./autogen/sl_spidrv_init.o
                0x200010c4                sl_spidrv_exp_handle_data
 .bss.chTable   0x20001144      0x180 ./gecko_sdk_4.3.0/platform/emdrv/dmadrv/src/dmadrv.o
 .bss.dmaXfer   0x200012c4      0x300 ./gecko_sdk_4.3.0/platform/emdrv/dmadrv/src/dmadrv.o
 .bss.last_delta_update_count
                0x200015c4        0x4 ./gecko_sdk_4.3.0/platform/service/sleeptimer/src/sl_sleeptimer.o
 .bss.max_millisecond_conversion
                0x200015c8        0x4 ./gecko_sdk_4.3.0/platform/service/sleeptimer/src/sl_sleeptimer.o
 .bss.timer_frequency
                0x200015cc        0x4 ./gecko_sdk_4.3.0/platform/service/sleeptimer/src/sl_sleeptimer.o
 .bss.timer_head
                0x200015d0        0x4 ./gecko_sdk_4.3.0/platform/service/sleeptimer/src/sl_sleeptimer.o
 .bss.request   0x200015d4        0x4 ./sources/spi.o
                0x200015d4                request
 .bss.rxBuffer  0x200015d8       0x40 ./sources/spi.o
                0x200015d8                rxBuffer
 .bss.start_spi_comm
                0x20001618        0x4 ./sources/spi.o
                0x20001618                start_spi_comm
 .bss.dcdcEm01LoadCurrent_mA
                0x2000161c        0x2 ./gecko_sdk_4.3.0/platform/emlib/src/em_emu.o
 .bss.dcdcMaxCurrent_mA
                0x2000161e        0x2 ./gecko_sdk_4.3.0/platform/emlib/src/em_emu.o
 .bss.dcdcReverseCurrentControl
                0x20001620        0x2 ./gecko_sdk_4.3.0/platform/emlib/src/em_emu.o
 .bss.overflow_counter
                0x20001622        0x2 ./gecko_sdk_4.3.0/platform/service/sleeptimer/src/sl_sleeptimer.o
 .bss.initialized
                0x20001624        0x1 ./gecko_sdk_4.3.0/platform/emdrv/dmadrv/src/dmadrv.o
 .bss.spidrvIsInitialized
                0x20001625        0x1 ./gecko_sdk_4.3.0/platform/emdrv/spidrv/src/spidrv.o
 .bss.vScaleEM01Config
                0x20001626        0x1 ./gecko_sdk_4.3.0/platform/emlib/src/em_emu.o
 .bss.is_sleeptimer_initialized
                0x20001627        0x1 ./gecko_sdk_4.3.0/platform/service/sleeptimer/src/sl_sleeptimer.o
 .bss.next_timer_to_expire_is_power_manager
                0x20001628        0x1 ./gecko_sdk_4.3.0/platform/service/sleeptimer/src/sl_sleeptimer.o
 .bss.sleep_on_isr_exit
                0x20001629        0x1 ./gecko_sdk_4.3.0/platform/service/sleeptimer/src/sl_sleeptimer.o
 *(COMMON)
                0x2000162c                . = ALIGN (0x4)
 *fill*         0x2000162a        0x2 
                0x2000162c                __bss_end__ = .

.heap           0x20001630      0x800
                0x20001630                __HeapBase = .
                0x20001630                __end__ = .
                0x20001630                end = __end__
                0x20001630                _end = __end__
 *(.heap*)
 .heap          0x20001630      0x800 ./gecko_sdk_4.3.0/platform/common/toolchain/src/sl_memory.o
                0x20080000                __HeapLimit = (ORIGIN (RAM) + LENGTH (RAM))
                0x0007e9d0                __heap_size = (__HeapLimit - __HeapBase)
                0x20080000                __ram_end__ = 0x20080000
                0x00200000                __main_flash_end__ = 0x200000

.internal_storage
                0x00004928        0x0
 *(.internal_storage*)

.nvm            0x00004928        0x0
 *(.simee*)
                0x00200000                linker_nvm_end = __main_flash_end__
                0x00200000                linker_nvm_begin = (linker_nvm_end - SIZEOF (.nvm))
                0x00000000                linker_nvm_size = SIZEOF (.nvm)
                0x00200000                linker_storage_end = linker_nvm_begin
                0x00200000                __nvm3Base = linker_nvm_begin
                0x00200000                linker_storage_begin = (linker_storage_end - SIZEOF (.internal_storage))
                0x00000000                linker_storage_size = SIZEOF (.internal_storage)
                0x00000001                ASSERT ((linker_storage_begin >= (__etext + SIZEOF (.data))), FLASH memory overflowed !)
OUTPUT(Control PCB - Giant Gecko.axf elf32-littlearm)
LOAD linker stubs

.ARM.attributes
                0x00000000       0x2e
 .ARM.attributes
                0x00000000       0x1e c:/siliconlabs/simplicitystudio/v5/developer/toolchains/gnu_arm/10.3_2021.10/bin/../lib/gcc/arm-none-eabi/10.3.1/thumb/v7e-m+fp/softfp/crti.o
 .ARM.attributes
                0x0000001e       0x32 c:/siliconlabs/simplicitystudio/v5/developer/toolchains/gnu_arm/10.3_2021.10/bin/../lib/gcc/arm-none-eabi/10.3.1/thumb/v7e-m+fp/softfp/crtbegin.o
 .ARM.attributes
                0x00000050       0x1c c:/siliconlabs/simplicitystudio/v5/developer/toolchains/gnu_arm/10.3_2021.10/bin/../lib/gcc/arm-none-eabi/10.3.1/../../../../arm-none-eabi/lib/thumb/v7e-m+fp/softfp/crt0.o
 .ARM.attributes
                0x0000006c       0x32 ./autogen/sl_board_default_init.o
 .ARM.attributes
                0x0000009e       0x32 ./autogen/sl_device_init_clocks.o
 .ARM.attributes
                0x000000d0       0x32 ./autogen/sl_event_handler.o
 .ARM.attributes
                0x00000102       0x32 ./autogen/sl_spidrv_init.o
 .ARM.attributes
                0x00000134       0x32 ./gecko_sdk_4.3.0/hardware/board/src/sl_board_control_gpio.o
 .ARM.attributes
                0x00000166       0x32 ./gecko_sdk_4.3.0/hardware/board/src/sl_board_init.o
 .ARM.attributes
                0x00000198       0x32 ./gecko_sdk_4.3.0/platform/Device/SiliconLabs/EFM32GG11B/Source/startup_efm32gg11b.o
 .ARM.attributes
                0x000001ca       0x32 ./gecko_sdk_4.3.0/platform/Device/SiliconLabs/EFM32GG11B/Source/system_efm32gg11b.o
 .ARM.attributes
                0x000001fc       0x32 ./gecko_sdk_4.3.0/platform/common/src/sl_assert.o
 .ARM.attributes
                0x0000022e       0x32 ./gecko_sdk_4.3.0/platform/common/toolchain/src/sl_memory.o
 .ARM.attributes
                0x00000260       0x32 ./gecko_sdk_4.3.0/platform/emdrv/dmadrv/src/dmadrv.o
 .ARM.attributes
                0x00000292       0x32 ./gecko_sdk_4.3.0/platform/emdrv/spidrv/src/spidrv.o
 .ARM.attributes
                0x000002c4       0x32 ./gecko_sdk_4.3.0/platform/emlib/src/em_cmu.o
 .ARM.attributes
                0x000002f6       0x32 ./gecko_sdk_4.3.0/platform/emlib/src/em_core.o
 .ARM.attributes
                0x00000328       0x32 ./gecko_sdk_4.3.0/platform/emlib/src/em_emu.o
 .ARM.attributes
                0x0000035a       0x32 ./gecko_sdk_4.3.0/platform/emlib/src/em_gpio.o
 .ARM.attributes
                0x0000038c       0x32 ./gecko_sdk_4.3.0/platform/emlib/src/em_ldma.o
 .ARM.attributes
                0x000003be       0x32 ./gecko_sdk_4.3.0/platform/emlib/src/em_rtcc.o
 .ARM.attributes
                0x000003f0       0x32 ./gecko_sdk_4.3.0/platform/emlib/src/em_usart.o
 .ARM.attributes
                0x00000422       0x32 ./gecko_sdk_4.3.0/platform/service/device_init/src/sl_device_init_dcdc_s1.o
 .ARM.attributes
                0x00000454       0x32 ./gecko_sdk_4.3.0/platform/service/device_init/src/sl_device_init_emu_s1.o
 .ARM.attributes
                0x00000486       0x32 ./gecko_sdk_4.3.0/platform/service/device_init/src/sl_device_init_hfxo_s1.o
 .ARM.attributes
                0x000004b8       0x32 ./gecko_sdk_4.3.0/platform/service/device_init/src/sl_device_init_lfxo_s1.o
 .ARM.attributes
                0x000004ea       0x32 ./gecko_sdk_4.3.0/platform/service/device_init/src/sl_device_init_nvic.o
 .ARM.attributes
                0x0000051c       0x32 ./gecko_sdk_4.3.0/platform/service/sleeptimer/src/sl_sleeptimer.o
 .ARM.attributes
                0x0000054e       0x32 ./gecko_sdk_4.3.0/platform/service/sleeptimer/src/sl_sleeptimer_hal_rtcc.o
 .ARM.attributes
                0x00000580       0x32 ./gecko_sdk_4.3.0/platform/service/system/src/sl_system_init.o
 .ARM.attributes
                0x000005b2       0x32 ./gecko_sdk_4.3.0/platform/service/system/src/sl_system_process_action.o
 .ARM.attributes
                0x000005e4       0x32 ./main.o
 .ARM.attributes
                0x00000616       0x32 ./sources/app.o
 .ARM.attributes
                0x00000648       0x32 ./sources/gpio.o
 .ARM.attributes
                0x0000067a       0x32 ./sources/spi.o
 .ARM.attributes
                0x000006ac       0x1e c:/siliconlabs/simplicitystudio/v5/developer/toolchains/gnu_arm/10.3_2021.10/bin/../lib/gcc/arm-none-eabi/10.3.1/thumb/v7e-m+fp/softfp\libgcc.a(_aeabi_uldivmod.o)
 .ARM.attributes
                0x000006ca       0x32 c:/siliconlabs/simplicitystudio/v5/developer/toolchains/gnu_arm/10.3_2021.10/bin/../lib/gcc/arm-none-eabi/10.3.1/thumb/v7e-m+fp/softfp\libgcc.a(_udivmoddi4.o)
 .ARM.attributes
                0x000006fc       0x1e c:/siliconlabs/simplicitystudio/v5/developer/toolchains/gnu_arm/10.3_2021.10/bin/../lib/gcc/arm-none-eabi/10.3.1/thumb/v7e-m+fp/softfp\libgcc.a(_dvmd_tls.o)
 .ARM.attributes
                0x0000071a       0x32 c:/siliconlabs/simplicitystudio/v5/developer/toolchains/gnu_arm/10.3_2021.10/bin/../lib/gcc/arm-none-eabi/10.3.1/../../../../arm-none-eabi/lib/thumb/v7e-m+fp/softfp\libc_nano.a(lib_a-exit.o)
 .ARM.attributes
                0x0000074c       0x32 c:/siliconlabs/simplicitystudio/v5/developer/toolchains/gnu_arm/10.3_2021.10/bin/../lib/gcc/arm-none-eabi/10.3.1/../../../../arm-none-eabi/lib/thumb/v7e-m+fp/softfp\libc_nano.a(lib_a-impure.o)
 .ARM.attributes
                0x0000077e       0x32 c:/siliconlabs/simplicitystudio/v5/developer/toolchains/gnu_arm/10.3_2021.10/bin/../lib/gcc/arm-none-eabi/10.3.1/../../../../arm-none-eabi/lib/thumb/v7e-m+fp/softfp\libc_nano.a(lib_a-init.o)
 .ARM.attributes
                0x000007b0       0x32 c:/siliconlabs/simplicitystudio/v5/developer/toolchains/gnu_arm/10.3_2021.10/bin/../lib/gcc/arm-none-eabi/10.3.1/../../../../arm-none-eabi/lib/thumb/v7e-m+fp/softfp\libc_nano.a(lib_a-memset.o)
 .ARM.attributes
                0x000007e2       0x32 c:/siliconlabs/simplicitystudio/v5/developer/toolchains/gnu_arm/10.3_2021.10/bin/../lib/gcc/arm-none-eabi/10.3.1/../../../../arm-none-eabi/lib/thumb/v7e-m+fp/softfp\libnosys.a(_exit.o)
 .ARM.attributes
                0x00000814       0x1e c:/siliconlabs/simplicitystudio/v5/developer/toolchains/gnu_arm/10.3_2021.10/bin/../lib/gcc/arm-none-eabi/10.3.1/thumb/v7e-m+fp/softfp/crtn.o

.comment        0x00000000       0x49
 .comment       0x00000000       0x49 ./autogen/sl_board_default_init.o
                                 0x4a (size before relaxing)
 .comment       0x00000049       0x4a ./autogen/sl_device_init_clocks.o
 .comment       0x00000049       0x4a ./autogen/sl_event_handler.o
 .comment       0x00000049       0x4a ./autogen/sl_spidrv_init.o
 .comment       0x00000049       0x4a ./gecko_sdk_4.3.0/hardware/board/src/sl_board_control_gpio.o
 .comment       0x00000049       0x4a ./gecko_sdk_4.3.0/hardware/board/src/sl_board_init.o
 .comment       0x00000049       0x4a ./gecko_sdk_4.3.0/platform/Device/SiliconLabs/EFM32GG11B/Source/startup_efm32gg11b.o
 .comment       0x00000049       0x4a ./gecko_sdk_4.3.0/platform/Device/SiliconLabs/EFM32GG11B/Source/system_efm32gg11b.o
 .comment       0x00000049       0x4a ./gecko_sdk_4.3.0/platform/common/src/sl_assert.o
 .comment       0x00000049       0x4a ./gecko_sdk_4.3.0/platform/common/toolchain/src/sl_memory.o
 .comment       0x00000049       0x4a ./gecko_sdk_4.3.0/platform/emdrv/dmadrv/src/dmadrv.o
 .comment       0x00000049       0x4a ./gecko_sdk_4.3.0/platform/emdrv/spidrv/src/spidrv.o
 .comment       0x00000049       0x4a ./gecko_sdk_4.3.0/platform/emlib/src/em_cmu.o
 .comment       0x00000049       0x4a ./gecko_sdk_4.3.0/platform/emlib/src/em_core.o
 .comment       0x00000049       0x4a ./gecko_sdk_4.3.0/platform/emlib/src/em_emu.o
 .comment       0x00000049       0x4a ./gecko_sdk_4.3.0/platform/emlib/src/em_gpio.o
 .comment       0x00000049       0x4a ./gecko_sdk_4.3.0/platform/emlib/src/em_ldma.o
 .comment       0x00000049       0x4a ./gecko_sdk_4.3.0/platform/emlib/src/em_rtcc.o
 .comment       0x00000049       0x4a ./gecko_sdk_4.3.0/platform/emlib/src/em_usart.o
 .comment       0x00000049       0x4a ./gecko_sdk_4.3.0/platform/service/device_init/src/sl_device_init_dcdc_s1.o
 .comment       0x00000049       0x4a ./gecko_sdk_4.3.0/platform/service/device_init/src/sl_device_init_emu_s1.o
 .comment       0x00000049       0x4a ./gecko_sdk_4.3.0/platform/service/device_init/src/sl_device_init_hfxo_s1.o
 .comment       0x00000049       0x4a ./gecko_sdk_4.3.0/platform/service/device_init/src/sl_device_init_lfxo_s1.o
 .comment       0x00000049       0x4a ./gecko_sdk_4.3.0/platform/service/device_init/src/sl_device_init_nvic.o
 .comment       0x00000049       0x4a ./gecko_sdk_4.3.0/platform/service/sleeptimer/src/sl_sleeptimer.o
 .comment       0x00000049       0x4a ./gecko_sdk_4.3.0/platform/service/sleeptimer/src/sl_sleeptimer_hal_rtcc.o
 .comment       0x00000049       0x4a ./gecko_sdk_4.3.0/platform/service/system/src/sl_system_init.o
 .comment       0x00000049       0x4a ./gecko_sdk_4.3.0/platform/service/system/src/sl_system_process_action.o
 .comment       0x00000049       0x4a ./main.o
 .comment       0x00000049       0x4a ./sources/app.o
 .comment       0x00000049       0x4a ./sources/gpio.o
 .comment       0x00000049       0x4a ./sources/spi.o

.debug_info     0x00000000    0x1d7d1
 .debug_info    0x00000000       0x86 ./autogen/sl_board_default_init.o
 .debug_info    0x00000086      0xa1a ./autogen/sl_device_init_clocks.o
 .debug_info    0x00000aa0      0xa07 ./autogen/sl_event_handler.o
 .debug_info    0x000014a7      0x842 ./autogen/sl_spidrv_init.o
 .debug_info    0x00001ce9      0x581 ./gecko_sdk_4.3.0/hardware/board/src/sl_board_control_gpio.o
 .debug_info    0x0000226a      0x3de ./gecko_sdk_4.3.0/hardware/board/src/sl_board_init.o
 .debug_info    0x00002648      0x327 ./gecko_sdk_4.3.0/platform/Device/SiliconLabs/EFM32GG11B/Source/startup_efm32gg11b.o
 .debug_info    0x0000296f      0xa54 ./gecko_sdk_4.3.0/platform/Device/SiliconLabs/EFM32GG11B/Source/system_efm32gg11b.o
 .debug_info    0x000033c3       0x86 ./gecko_sdk_4.3.0/platform/common/src/sl_assert.o
 .debug_info    0x00003449      0x205 ./gecko_sdk_4.3.0/platform/common/toolchain/src/sl_memory.o
 .debug_info    0x0000364e     0x19b1 ./gecko_sdk_4.3.0/platform/emdrv/dmadrv/src/dmadrv.o
 .debug_info    0x00004fff     0x398b ./gecko_sdk_4.3.0/platform/emdrv/spidrv/src/spidrv.o
 .debug_info    0x0000898a     0x54c7 ./gecko_sdk_4.3.0/platform/emlib/src/em_cmu.o
 .debug_info    0x0000de51     0x1222 ./gecko_sdk_4.3.0/platform/emlib/src/em_core.o
 .debug_info    0x0000f073     0x445d ./gecko_sdk_4.3.0/platform/emlib/src/em_emu.o
 .debug_info    0x000134d0     0x1047 ./gecko_sdk_4.3.0/platform/emlib/src/em_gpio.o
 .debug_info    0x00014517     0x1957 ./gecko_sdk_4.3.0/platform/emlib/src/em_ldma.o
 .debug_info    0x00015e6e      0x75c ./gecko_sdk_4.3.0/platform/emlib/src/em_rtcc.o
 .debug_info    0x000165ca     0x1670 ./gecko_sdk_4.3.0/platform/emlib/src/em_usart.o
 .debug_info    0x00017c3a      0x26f ./gecko_sdk_4.3.0/platform/service/device_init/src/sl_device_init_dcdc_s1.o
 .debug_info    0x00017ea9      0x1df ./gecko_sdk_4.3.0/platform/service/device_init/src/sl_device_init_emu_s1.o
 .debug_info    0x00018088      0x9e9 ./gecko_sdk_4.3.0/platform/service/device_init/src/sl_device_init_hfxo_s1.o
 .debug_info    0x00018a71      0x1b0 ./gecko_sdk_4.3.0/platform/service/device_init/src/sl_device_init_lfxo_s1.o
 .debug_info    0x00018c21      0x675 ./gecko_sdk_4.3.0/platform/service/device_init/src/sl_device_init_nvic.o
 .debug_info    0x00019296     0x196c ./gecko_sdk_4.3.0/platform/service/sleeptimer/src/sl_sleeptimer.o
 .debug_info    0x0001ac02     0x15ad ./gecko_sdk_4.3.0/platform/service/sleeptimer/src/sl_sleeptimer_hal_rtcc.o
 .debug_info    0x0001c1af       0xba ./gecko_sdk_4.3.0/platform/service/system/src/sl_system_init.o
 .debug_info    0x0001c269       0xa3 ./gecko_sdk_4.3.0/platform/service/system/src/sl_system_process_action.o
 .debug_info    0x0001c30c       0xad ./main.o
 .debug_info    0x0001c3b9       0x73 ./sources/app.o
 .debug_info    0x0001c42c      0xaab ./sources/gpio.o
 .debug_info    0x0001ced7      0x8fa ./sources/spi.o

.debug_abbrev   0x00000000     0x4462
 .debug_abbrev  0x00000000       0x46 ./autogen/sl_board_default_init.o
 .debug_abbrev  0x00000046      0x12c ./autogen/sl_device_init_clocks.o
 .debug_abbrev  0x00000172      0x14c ./autogen/sl_event_handler.o
 .debug_abbrev  0x000002be      0x198 ./autogen/sl_spidrv_init.o
 .debug_abbrev  0x00000456      0x19d ./gecko_sdk_4.3.0/hardware/board/src/sl_board_control_gpio.o
 .debug_abbrev  0x000005f3       0xf1 ./gecko_sdk_4.3.0/hardware/board/src/sl_board_init.o
 .debug_abbrev  0x000006e4      0x1c9 ./gecko_sdk_4.3.0/platform/Device/SiliconLabs/EFM32GG11B/Source/startup_efm32gg11b.o
 .debug_abbrev  0x000008ad      0x231 ./gecko_sdk_4.3.0/platform/Device/SiliconLabs/EFM32GG11B/Source/system_efm32gg11b.o
 .debug_abbrev  0x00000ade       0x6c ./gecko_sdk_4.3.0/platform/common/src/sl_assert.o
 .debug_abbrev  0x00000b4a      0x11e ./gecko_sdk_4.3.0/platform/common/toolchain/src/sl_memory.o
 .debug_abbrev  0x00000c68      0x38c ./gecko_sdk_4.3.0/platform/emdrv/dmadrv/src/dmadrv.o
 .debug_abbrev  0x00000ff4      0x4a3 ./gecko_sdk_4.3.0/platform/emdrv/spidrv/src/spidrv.o
 .debug_abbrev  0x00001497      0x599 ./gecko_sdk_4.3.0/platform/emlib/src/em_cmu.o
 .debug_abbrev  0x00001a30      0x338 ./gecko_sdk_4.3.0/platform/emlib/src/em_core.o
 .debug_abbrev  0x00001d68      0x58c ./gecko_sdk_4.3.0/platform/emlib/src/em_emu.o
 .debug_abbrev  0x000022f4      0x313 ./gecko_sdk_4.3.0/platform/emlib/src/em_gpio.o
 .debug_abbrev  0x00002607      0x40f ./gecko_sdk_4.3.0/platform/emlib/src/em_ldma.o
 .debug_abbrev  0x00002a16      0x255 ./gecko_sdk_4.3.0/platform/emlib/src/em_rtcc.o
 .debug_abbrev  0x00002c6b      0x32b ./gecko_sdk_4.3.0/platform/emlib/src/em_usart.o
 .debug_abbrev  0x00002f96       0xf3 ./gecko_sdk_4.3.0/platform/service/device_init/src/sl_device_init_dcdc_s1.o
 .debug_abbrev  0x00003089       0xf3 ./gecko_sdk_4.3.0/platform/service/device_init/src/sl_device_init_emu_s1.o
 .debug_abbrev  0x0000317c      0x168 ./gecko_sdk_4.3.0/platform/service/device_init/src/sl_device_init_hfxo_s1.o
 .debug_abbrev  0x000032e4       0xef ./gecko_sdk_4.3.0/platform/service/device_init/src/sl_device_init_lfxo_s1.o
 .debug_abbrev  0x000033d3      0x153 ./gecko_sdk_4.3.0/platform/service/device_init/src/sl_device_init_nvic.o
 .debug_abbrev  0x00003526      0x445 ./gecko_sdk_4.3.0/platform/service/sleeptimer/src/sl_sleeptimer.o
 .debug_abbrev  0x0000396b      0x441 ./gecko_sdk_4.3.0/platform/service/sleeptimer/src/sl_sleeptimer_hal_rtcc.o
 .debug_abbrev  0x00003dac       0x5f ./gecko_sdk_4.3.0/platform/service/system/src/sl_system_init.o
 .debug_abbrev  0x00003e0b       0x5f ./gecko_sdk_4.3.0/platform/service/system/src/sl_system_process_action.o
 .debug_abbrev  0x00003e6a       0x5e ./main.o
 .debug_abbrev  0x00003ec8       0x6e ./sources/app.o
 .debug_abbrev  0x00003f36      0x2e5 ./sources/gpio.o
 .debug_abbrev  0x0000421b      0x247 ./sources/spi.o

.debug_aranges  0x00000000      0xd48
 .debug_aranges
                0x00000000       0x20 ./autogen/sl_board_default_init.o
 .debug_aranges
                0x00000020       0x20 ./autogen/sl_device_init_clocks.o
 .debug_aranges
                0x00000040       0x38 ./autogen/sl_event_handler.o
 .debug_aranges
                0x00000078       0x20 ./autogen/sl_spidrv_init.o
 .debug_aranges
                0x00000098       0x70 ./gecko_sdk_4.3.0/hardware/board/src/sl_board_control_gpio.o
 .debug_aranges
                0x00000108       0x28 ./gecko_sdk_4.3.0/hardware/board/src/sl_board_init.o
 .debug_aranges
                0x00000130       0x28 ./gecko_sdk_4.3.0/platform/Device/SiliconLabs/EFM32GG11B/Source/startup_efm32gg11b.o
 .debug_aranges
                0x00000158       0x68 ./gecko_sdk_4.3.0/platform/Device/SiliconLabs/EFM32GG11B/Source/system_efm32gg11b.o
 .debug_aranges
                0x000001c0       0x20 ./gecko_sdk_4.3.0/platform/common/src/sl_assert.o
 .debug_aranges
                0x000001e0       0x30 ./gecko_sdk_4.3.0/platform/common/toolchain/src/sl_memory.o
 .debug_aranges
                0x00000210       0xa8 ./gecko_sdk_4.3.0/platform/emdrv/dmadrv/src/dmadrv.o
 .debug_aranges
                0x000002b8      0x118 ./gecko_sdk_4.3.0/platform/emdrv/spidrv/src/spidrv.o
 .debug_aranges
                0x000003d0      0x1f0 ./gecko_sdk_4.3.0/platform/emlib/src/em_cmu.o
 .debug_aranges
                0x000005c0       0xe8 ./gecko_sdk_4.3.0/platform/emlib/src/em_core.o
 .debug_aranges
                0x000006a8      0x1a8 ./gecko_sdk_4.3.0/platform/emlib/src/em_emu.o
 .debug_aranges
                0x00000850       0x70 ./gecko_sdk_4.3.0/platform/emlib/src/em_gpio.o
 .debug_aranges
                0x000008c0       0x50 ./gecko_sdk_4.3.0/platform/emlib/src/em_ldma.o
 .debug_aranges
                0x00000910       0x40 ./gecko_sdk_4.3.0/platform/emlib/src/em_rtcc.o
 .debug_aranges
                0x00000950       0xb8 ./gecko_sdk_4.3.0/platform/emlib/src/em_usart.o
 .debug_aranges
                0x00000a08       0x20 ./gecko_sdk_4.3.0/platform/service/device_init/src/sl_device_init_dcdc_s1.o
 .debug_aranges
                0x00000a28       0x20 ./gecko_sdk_4.3.0/platform/service/device_init/src/sl_device_init_emu_s1.o
 .debug_aranges
                0x00000a48       0x20 ./gecko_sdk_4.3.0/platform/service/device_init/src/sl_device_init_hfxo_s1.o
 .debug_aranges
                0x00000a68       0x20 ./gecko_sdk_4.3.0/platform/service/device_init/src/sl_device_init_lfxo_s1.o
 .debug_aranges
                0x00000a88       0x20 ./gecko_sdk_4.3.0/platform/service/device_init/src/sl_device_init_nvic.o
 .debug_aranges
                0x00000aa8      0x110 ./gecko_sdk_4.3.0/platform/service/sleeptimer/src/sl_sleeptimer.o
 .debug_aranges
                0x00000bb8       0x78 ./gecko_sdk_4.3.0/platform/service/sleeptimer/src/sl_sleeptimer_hal_rtcc.o
 .debug_aranges
                0x00000c30       0x20 ./gecko_sdk_4.3.0/platform/service/system/src/sl_system_init.o
 .debug_aranges
                0x00000c50       0x20 ./gecko_sdk_4.3.0/platform/service/system/src/sl_system_process_action.o
 .debug_aranges
                0x00000c70       0x20 ./main.o
 .debug_aranges
                0x00000c90       0x28 ./sources/app.o
 .debug_aranges
                0x00000cb8       0x58 ./sources/gpio.o
 .debug_aranges
                0x00000d10       0x38 ./sources/spi.o

.debug_ranges   0x00000000     0x16d8
 .debug_ranges  0x00000000       0x10 ./autogen/sl_board_default_init.o
 .debug_ranges  0x00000010       0x10 ./autogen/sl_device_init_clocks.o
 .debug_ranges  0x00000020       0x28 ./autogen/sl_event_handler.o
 .debug_ranges  0x00000048       0x10 ./autogen/sl_spidrv_init.o
 .debug_ranges  0x00000058       0x60 ./gecko_sdk_4.3.0/hardware/board/src/sl_board_control_gpio.o
 .debug_ranges  0x000000b8       0x18 ./gecko_sdk_4.3.0/hardware/board/src/sl_board_init.o
 .debug_ranges  0x000000d0       0x80 ./gecko_sdk_4.3.0/platform/Device/SiliconLabs/EFM32GG11B/Source/startup_efm32gg11b.o
 .debug_ranges  0x00000150       0x58 ./gecko_sdk_4.3.0/platform/Device/SiliconLabs/EFM32GG11B/Source/system_efm32gg11b.o
 .debug_ranges  0x000001a8       0x10 ./gecko_sdk_4.3.0/platform/common/src/sl_assert.o
 .debug_ranges  0x000001b8       0x20 ./gecko_sdk_4.3.0/platform/common/toolchain/src/sl_memory.o
 .debug_ranges  0x000001d8       0x98 ./gecko_sdk_4.3.0/platform/emdrv/dmadrv/src/dmadrv.o
 .debug_ranges  0x00000270      0x250 ./gecko_sdk_4.3.0/platform/emdrv/spidrv/src/spidrv.o
 .debug_ranges  0x000004c0      0x530 ./gecko_sdk_4.3.0/platform/emlib/src/em_cmu.o
 .debug_ranges  0x000009f0      0x198 ./gecko_sdk_4.3.0/platform/emlib/src/em_core.o
 .debug_ranges  0x00000b88      0x438 ./gecko_sdk_4.3.0/platform/emlib/src/em_emu.o
 .debug_ranges  0x00000fc0       0xd0 ./gecko_sdk_4.3.0/platform/emlib/src/em_gpio.o
 .debug_ranges  0x00001090       0x70 ./gecko_sdk_4.3.0/platform/emlib/src/em_ldma.o
 .debug_ranges  0x00001100       0x48 ./gecko_sdk_4.3.0/platform/emlib/src/em_rtcc.o
 .debug_ranges  0x00001148       0xa8 ./gecko_sdk_4.3.0/platform/emlib/src/em_usart.o
 .debug_ranges  0x000011f0       0x10 ./gecko_sdk_4.3.0/platform/service/device_init/src/sl_device_init_dcdc_s1.o
 .debug_ranges  0x00001200       0x10 ./gecko_sdk_4.3.0/platform/service/device_init/src/sl_device_init_emu_s1.o
 .debug_ranges  0x00001210       0x10 ./gecko_sdk_4.3.0/platform/service/device_init/src/sl_device_init_hfxo_s1.o
 .debug_ranges  0x00001220       0x10 ./gecko_sdk_4.3.0/platform/service/device_init/src/sl_device_init_lfxo_s1.o
 .debug_ranges  0x00001230       0x50 ./gecko_sdk_4.3.0/platform/service/device_init/src/sl_device_init_nvic.o
 .debug_ranges  0x00001280      0x1c0 ./gecko_sdk_4.3.0/platform/service/sleeptimer/src/sl_sleeptimer.o
 .debug_ranges  0x00001440      0x158 ./gecko_sdk_4.3.0/platform/service/sleeptimer/src/sl_sleeptimer_hal_rtcc.o
 .debug_ranges  0x00001598       0x10 ./gecko_sdk_4.3.0/platform/service/system/src/sl_system_init.o
 .debug_ranges  0x000015a8       0x10 ./gecko_sdk_4.3.0/platform/service/system/src/sl_system_process_action.o
 .debug_ranges  0x000015b8       0x10 ./main.o
 .debug_ranges  0x000015c8       0x18 ./sources/app.o
 .debug_ranges  0x000015e0       0xd0 ./sources/gpio.o
 .debug_ranges  0x000016b0       0x28 ./sources/spi.o

.debug_line     0x00000000     0xf216
 .debug_line    0x00000000       0x55 ./autogen/sl_board_default_init.o
 .debug_line    0x00000055      0x29a ./autogen/sl_device_init_clocks.o
 .debug_line    0x000002ef      0x493 ./autogen/sl_event_handler.o
 .debug_line    0x00000782      0x3f7 ./autogen/sl_spidrv_init.o
 .debug_line    0x00000b79      0x4b9 ./gecko_sdk_4.3.0/hardware/board/src/sl_board_control_gpio.o
 .debug_line    0x00001032       0xf9 ./gecko_sdk_4.3.0/hardware/board/src/sl_board_init.o
 .debug_line    0x0000112b      0x30c ./gecko_sdk_4.3.0/platform/Device/SiliconLabs/EFM32GG11B/Source/startup_efm32gg11b.o
 .debug_line    0x00001437      0x42e ./gecko_sdk_4.3.0/platform/Device/SiliconLabs/EFM32GG11B/Source/system_efm32gg11b.o
 .debug_line    0x00001865       0xa3 ./gecko_sdk_4.3.0/platform/common/src/sl_assert.o
 .debug_line    0x00001908      0x2d9 ./gecko_sdk_4.3.0/platform/common/toolchain/src/sl_memory.o
 .debug_line    0x00001be1      0xa99 ./gecko_sdk_4.3.0/platform/emdrv/dmadrv/src/dmadrv.o
 .debug_line    0x0000267a     0x1f6f ./gecko_sdk_4.3.0/platform/emdrv/spidrv/src/spidrv.o
 .debug_line    0x000045e9     0x2ed1 ./gecko_sdk_4.3.0/platform/emlib/src/em_cmu.o
 .debug_line    0x000074ba      0xa83 ./gecko_sdk_4.3.0/platform/emlib/src/em_core.o
 .debug_line    0x00007f3d     0x1eee ./gecko_sdk_4.3.0/platform/emlib/src/em_emu.o
 .debug_line    0x00009e2b      0x783 ./gecko_sdk_4.3.0/platform/emlib/src/em_gpio.o
 .debug_line    0x0000a5ae      0x78b ./gecko_sdk_4.3.0/platform/emlib/src/em_ldma.o
 .debug_line    0x0000ad39      0x50b ./gecko_sdk_4.3.0/platform/emlib/src/em_rtcc.o
 .debug_line    0x0000b244      0xc23 ./gecko_sdk_4.3.0/platform/emlib/src/em_usart.o
 .debug_line    0x0000be67      0x243 ./gecko_sdk_4.3.0/platform/service/device_init/src/sl_device_init_dcdc_s1.o
 .debug_line    0x0000c0aa      0x25e ./gecko_sdk_4.3.0/platform/service/device_init/src/sl_device_init_emu_s1.o
 .debug_line    0x0000c308      0x317 ./gecko_sdk_4.3.0/platform/service/device_init/src/sl_device_init_hfxo_s1.o
 .debug_line    0x0000c61f      0x254 ./gecko_sdk_4.3.0/platform/service/device_init/src/sl_device_init_lfxo_s1.o
 .debug_line    0x0000c873      0x332 ./gecko_sdk_4.3.0/platform/service/device_init/src/sl_device_init_nvic.o
 .debug_line    0x0000cba5     0x1053 ./gecko_sdk_4.3.0/platform/service/sleeptimer/src/sl_sleeptimer.o
 .debug_line    0x0000dbf8      0x85d ./gecko_sdk_4.3.0/platform/service/sleeptimer/src/sl_sleeptimer_hal_rtcc.o
 .debug_line    0x0000e455      0x103 ./gecko_sdk_4.3.0/platform/service/system/src/sl_system_init.o
 .debug_line    0x0000e558      0x10c ./gecko_sdk_4.3.0/platform/service/system/src/sl_system_process_action.o
 .debug_line    0x0000e664      0x131 ./main.o
 .debug_line    0x0000e795       0xae ./sources/app.o
 .debug_line    0x0000e843      0x4a8 ./sources/gpio.o
 .debug_line    0x0000eceb      0x52b ./sources/spi.o

.debug_str      0x00000000     0x89e7
 .debug_str     0x00000000      0x1cb ./autogen/sl_board_default_init.o
                                0x1ff (size before relaxing)
 .debug_str     0x000001cb      0x8f1 ./autogen/sl_device_init_clocks.o
                                0xae3 (size before relaxing)
 .debug_str     0x00000abc      0x26a ./autogen/sl_event_handler.o
                                0x79a (size before relaxing)
 .debug_str     0x00000d26      0x639 ./autogen/sl_spidrv_init.o
                                0x89f (size before relaxing)
 .debug_str     0x0000135f      0x4d1 ./gecko_sdk_4.3.0/hardware/board/src/sl_board_control_gpio.o
                                0x6e8 (size before relaxing)
 .debug_str     0x00001830       0x54 ./gecko_sdk_4.3.0/hardware/board/src/sl_board_init.o
                                0x730 (size before relaxing)
 .debug_str     0x00001884      0x169 ./gecko_sdk_4.3.0/platform/Device/SiliconLabs/EFM32GG11B/Source/startup_efm32gg11b.o
                                0x34a (size before relaxing)
 .debug_str     0x000019ed      0x1b1 ./gecko_sdk_4.3.0/platform/Device/SiliconLabs/EFM32GG11B/Source/system_efm32gg11b.o
                                0x71b (size before relaxing)
 .debug_str     0x00001b9e       0x5b ./gecko_sdk_4.3.0/platform/common/src/sl_assert.o
                                0x1ac (size before relaxing)
 .debug_str     0x00001bf9      0x101 ./gecko_sdk_4.3.0/platform/common/toolchain/src/sl_memory.o
                                0x2e6 (size before relaxing)
 .debug_str     0x00001cfa      0xa99 ./gecko_sdk_4.3.0/platform/emdrv/dmadrv/src/dmadrv.o
                                0xd62 (size before relaxing)
 .debug_str     0x00002793     0x1b80 ./gecko_sdk_4.3.0/platform/emdrv/spidrv/src/spidrv.o
                               0x2c0e (size before relaxing)
 .debug_str     0x00004313     0x1535 ./gecko_sdk_4.3.0/platform/emlib/src/em_cmu.o
                               0x224b (size before relaxing)
 .debug_str     0x00005848      0x367 ./gecko_sdk_4.3.0/platform/emlib/src/em_core.o
                                0xa2f (size before relaxing)
 .debug_str     0x00005baf     0x1463 ./gecko_sdk_4.3.0/platform/emlib/src/em_emu.o
                               0x293f (size before relaxing)
 .debug_str     0x00007012      0x1a9 ./gecko_sdk_4.3.0/platform/emlib/src/em_gpio.o
                                0x8e0 (size before relaxing)
 .debug_str     0x000071bb       0xba ./gecko_sdk_4.3.0/platform/emlib/src/em_ldma.o
                               0x10fe (size before relaxing)
 .debug_str     0x00007275      0x54e ./gecko_sdk_4.3.0/platform/emlib/src/em_rtcc.o
                                0x7a7 (size before relaxing)
 .debug_str     0x000077c3      0x596 ./gecko_sdk_4.3.0/platform/emlib/src/em_usart.o
                               0x1000 (size before relaxing)
 .debug_str     0x00007d59       0x6b ./gecko_sdk_4.3.0/platform/service/device_init/src/sl_device_init_dcdc_s1.o
                                0x49a (size before relaxing)
 .debug_str     0x00007dc4       0x73 ./gecko_sdk_4.3.0/platform/service/device_init/src/sl_device_init_emu_s1.o
                                0x3bb (size before relaxing)
 .debug_str     0x00007e37       0x6b ./gecko_sdk_4.3.0/platform/service/device_init/src/sl_device_init_hfxo_s1.o
                                0x87a (size before relaxing)
 .debug_str     0x00007ea2       0x6b ./gecko_sdk_4.3.0/platform/service/device_init/src/sl_device_init_lfxo_s1.o
                                0x33e (size before relaxing)
 .debug_str     0x00007f0d       0x68 ./gecko_sdk_4.3.0/platform/service/device_init/src/sl_device_init_nvic.o
                                0x72a (size before relaxing)
 .debug_str     0x00007f75      0x6c7 ./gecko_sdk_4.3.0/platform/service/sleeptimer/src/sl_sleeptimer.o
                                0xb93 (size before relaxing)
 .debug_str     0x0000863c      0x1a6 ./gecko_sdk_4.3.0/platform/service/sleeptimer/src/sl_sleeptimer_hal_rtcc.o
                               0x13fa (size before relaxing)
 .debug_str     0x000087e2       0x6d ./gecko_sdk_4.3.0/platform/service/system/src/sl_system_init.o
                                0x202 (size before relaxing)
 .debug_str     0x0000884f       0x81 ./gecko_sdk_4.3.0/platform/service/system/src/sl_system_process_action.o
                                0x22f (size before relaxing)
 .debug_str     0x000088d0        0xf ./main.o
                                0x195 (size before relaxing)
 .debug_str     0x000088df       0x19 ./sources/app.o
                                0x177 (size before relaxing)
 .debug_str     0x000088f8       0x99 ./sources/gpio.o
                                0x5a2 (size before relaxing)
 .debug_str     0x00008991       0x56 ./sources/spi.o
                                0x7f0 (size before relaxing)

.debug_frame    0x00000000     0x2508
 .debug_frame   0x00000000       0x20 ./autogen/sl_board_default_init.o
 .debug_frame   0x00000020       0x2c ./autogen/sl_device_init_clocks.o
 .debug_frame   0x0000004c       0xb8 ./autogen/sl_event_handler.o
 .debug_frame   0x00000104       0x20 ./autogen/sl_spidrv_init.o
 .debug_frame   0x00000124      0x110 ./gecko_sdk_4.3.0/hardware/board/src/sl_board_control_gpio.o
 .debug_frame   0x00000234       0x3c ./gecko_sdk_4.3.0/hardware/board/src/sl_board_init.o
 .debug_frame   0x00000270       0x38 ./gecko_sdk_4.3.0/platform/Device/SiliconLabs/EFM32GG11B/Source/startup_efm32gg11b.o
 .debug_frame   0x000002a8       0xb8 ./gecko_sdk_4.3.0/platform/Device/SiliconLabs/EFM32GG11B/Source/system_efm32gg11b.o
 .debug_frame   0x00000360       0x20 ./gecko_sdk_4.3.0/platform/common/src/sl_assert.o
 .debug_frame   0x00000380       0x40 ./gecko_sdk_4.3.0/platform/common/toolchain/src/sl_memory.o
 .debug_frame   0x000003c0      0x210 ./gecko_sdk_4.3.0/platform/emdrv/dmadrv/src/dmadrv.o
 .debug_frame   0x000005d0      0x420 ./gecko_sdk_4.3.0/platform/emdrv/spidrv/src/spidrv.o
 .debug_frame   0x000009f0      0x690 ./gecko_sdk_4.3.0/platform/emlib/src/em_cmu.o
 .debug_frame   0x00001080      0x254 ./gecko_sdk_4.3.0/platform/emlib/src/em_core.o
 .debug_frame   0x000012d4      0x510 ./gecko_sdk_4.3.0/platform/emlib/src/em_emu.o
 .debug_frame   0x000017e4      0x190 ./gecko_sdk_4.3.0/platform/emlib/src/em_gpio.o
 .debug_frame   0x00001974       0xd4 ./gecko_sdk_4.3.0/platform/emlib/src/em_ldma.o
 .debug_frame   0x00001a48       0x80 ./gecko_sdk_4.3.0/platform/emlib/src/em_rtcc.o
 .debug_frame   0x00001ac8      0x1f0 ./gecko_sdk_4.3.0/platform/emlib/src/em_usart.o
 .debug_frame   0x00001cb8       0x30 ./gecko_sdk_4.3.0/platform/service/device_init/src/sl_device_init_dcdc_s1.o
 .debug_frame   0x00001ce8       0x2c ./gecko_sdk_4.3.0/platform/service/device_init/src/sl_device_init_emu_s1.o
 .debug_frame   0x00001d14       0x2c ./gecko_sdk_4.3.0/platform/service/device_init/src/sl_device_init_hfxo_s1.o
 .debug_frame   0x00001d40       0x28 ./gecko_sdk_4.3.0/platform/service/device_init/src/sl_device_init_lfxo_s1.o
 .debug_frame   0x00001d68       0x28 ./gecko_sdk_4.3.0/platform/service/device_init/src/sl_device_init_nvic.o
 .debug_frame   0x00001d90      0x38c ./gecko_sdk_4.3.0/platform/service/sleeptimer/src/sl_sleeptimer.o
 .debug_frame   0x0000211c       0xfc ./gecko_sdk_4.3.0/platform/service/sleeptimer/src/sl_sleeptimer_hal_rtcc.o
 .debug_frame   0x00002218       0x2c ./gecko_sdk_4.3.0/platform/service/system/src/sl_system_init.o
 .debug_frame   0x00002244       0x2c ./gecko_sdk_4.3.0/platform/service/system/src/sl_system_process_action.o
 .debug_frame   0x00002270       0x28 ./main.o
 .debug_frame   0x00002298       0x30 ./sources/app.o
 .debug_frame   0x000022c8       0xdc ./sources/gpio.o
 .debug_frame   0x000023a4       0x70 ./sources/spi.o
 .debug_frame   0x00002414       0x2c c:/siliconlabs/simplicitystudio/v5/developer/toolchains/gnu_arm/10.3_2021.10/bin/../lib/gcc/arm-none-eabi/10.3.1/thumb/v7e-m+fp/softfp\libgcc.a(_aeabi_uldivmod.o)
 .debug_frame   0x00002440       0x34 c:/siliconlabs/simplicitystudio/v5/developer/toolchains/gnu_arm/10.3_2021.10/bin/../lib/gcc/arm-none-eabi/10.3.1/thumb/v7e-m+fp/softfp\libgcc.a(_udivmoddi4.o)
 .debug_frame   0x00002474       0x28 c:/siliconlabs/simplicitystudio/v5/developer/toolchains/gnu_arm/10.3_2021.10/bin/../lib/gcc/arm-none-eabi/10.3.1/../../../../arm-none-eabi/lib/thumb/v7e-m+fp/softfp\libc_nano.a(lib_a-exit.o)
 .debug_frame   0x0000249c       0x2c c:/siliconlabs/simplicitystudio/v5/developer/toolchains/gnu_arm/10.3_2021.10/bin/../lib/gcc/arm-none-eabi/10.3.1/../../../../arm-none-eabi/lib/thumb/v7e-m+fp/softfp\libc_nano.a(lib_a-init.o)
 .debug_frame   0x000024c8       0x20 c:/siliconlabs/simplicitystudio/v5/developer/toolchains/gnu_arm/10.3_2021.10/bin/../lib/gcc/arm-none-eabi/10.3.1/../../../../arm-none-eabi/lib/thumb/v7e-m+fp/softfp\libc_nano.a(lib_a-memset.o)
 .debug_frame   0x000024e8       0x20 c:/siliconlabs/simplicitystudio/v5/developer/toolchains/gnu_arm/10.3_2021.10/bin/../lib/gcc/arm-none-eabi/10.3.1/../../../../arm-none-eabi/lib/thumb/v7e-m+fp/softfp\libnosys.a(_exit.o)

.debug_loc      0x00000000     0xfca9
 .debug_loc     0x00000000       0x20 ./autogen/sl_device_init_clocks.o
 .debug_loc     0x00000020       0x58 ./autogen/sl_event_handler.o
 .debug_loc     0x00000078      0x3d9 ./gecko_sdk_4.3.0/hardware/board/src/sl_board_control_gpio.o
 .debug_loc     0x00000451       0x2c ./gecko_sdk_4.3.0/hardware/board/src/sl_board_init.o
 .debug_loc     0x0000047d       0x8e ./gecko_sdk_4.3.0/platform/Device/SiliconLabs/EFM32GG11B/Source/startup_efm32gg11b.o
 .debug_loc     0x0000050b       0xe5 ./gecko_sdk_4.3.0/platform/Device/SiliconLabs/EFM32GG11B/Source/system_efm32gg11b.o
 .debug_loc     0x000005f0       0x2a ./gecko_sdk_4.3.0/platform/common/src/sl_assert.o
 .debug_loc     0x0000061a       0x9c ./gecko_sdk_4.3.0/platform/common/toolchain/src/sl_memory.o
 .debug_loc     0x000006b6     0x1166 ./gecko_sdk_4.3.0/platform/emdrv/dmadrv/src/dmadrv.o
 .debug_loc     0x0000181c     0x25f2 ./gecko_sdk_4.3.0/platform/emdrv/spidrv/src/spidrv.o
 .debug_loc     0x00003e0e     0x4897 ./gecko_sdk_4.3.0/platform/emlib/src/em_cmu.o
 .debug_loc     0x000086a5      0x959 ./gecko_sdk_4.3.0/platform/emlib/src/em_core.o
 .debug_loc     0x00008ffe     0x29f5 ./gecko_sdk_4.3.0/platform/emlib/src/em_emu.o
 .debug_loc     0x0000b9f3      0xa89 ./gecko_sdk_4.3.0/platform/emlib/src/em_gpio.o
 .debug_loc     0x0000c47c      0x63a ./gecko_sdk_4.3.0/platform/emlib/src/em_ldma.o
 .debug_loc     0x0000cab6      0x172 ./gecko_sdk_4.3.0/platform/emlib/src/em_rtcc.o
 .debug_loc     0x0000cc28      0xa68 ./gecko_sdk_4.3.0/platform/emlib/src/em_usart.o
 .debug_loc     0x0000d690       0x2c ./gecko_sdk_4.3.0/platform/service/device_init/src/sl_device_init_dcdc_s1.o
 .debug_loc     0x0000d6bc       0x2c ./gecko_sdk_4.3.0/platform/service/device_init/src/sl_device_init_emu_s1.o
 .debug_loc     0x0000d6e8       0x6b ./gecko_sdk_4.3.0/platform/service/device_init/src/sl_device_init_hfxo_s1.o
 .debug_loc     0x0000d753       0x2c ./gecko_sdk_4.3.0/platform/service/device_init/src/sl_device_init_lfxo_s1.o
 .debug_loc     0x0000d77f       0x6f ./gecko_sdk_4.3.0/platform/service/device_init/src/sl_device_init_nvic.o
 .debug_loc     0x0000d7ee     0x18f9 ./gecko_sdk_4.3.0/platform/service/sleeptimer/src/sl_sleeptimer.o
 .debug_loc     0x0000f0e7      0x4f8 ./gecko_sdk_4.3.0/platform/service/sleeptimer/src/sl_sleeptimer_hal_rtcc.o
 .debug_loc     0x0000f5df       0x2c ./gecko_sdk_4.3.0/platform/service/system/src/sl_system_init.o
 .debug_loc     0x0000f60b       0x2c ./gecko_sdk_4.3.0/platform/service/system/src/sl_system_process_action.o
 .debug_loc     0x0000f637       0x20 ./main.o
 .debug_loc     0x0000f657      0x576 ./sources/gpio.o
 .debug_loc     0x0000fbcd       0xdc ./sources/spi.o
